TASKING VX-toolset for TriCore: assembler v6.3r1 Build 19041558
                                                                                                                           Page   1

ADDR CODE      CYCLES  LINE SOURCE LINE
                          1         ; Module start
                          2         .compiler_version       "TASKING VX-toolset for TriCore: C compiler v6.3r1 Build 19041558 SN 731
                            18428"
                          3         .compiler_invocation    "ctc --integer-enumeration -D__CPU__=tc39x -D__CPU_TC39X__ --core=tc1.6.
                            2 --iso=99 --fp-model=+float --eabi=nw -IC:\\Users\\XBDZ\\Desktop\\Tao\\ETAS_PSCM_BSW12-V1.0_CodeGen\\So
                            urcecode\\Integration\\base_package\\os\\Memmap -IC:\\Users\\XBDZ\\Desktop\\Tao\\ETAS_PSCM_BSW12-V1.0_Co
                            deGen\\Sourcecode\\Integration\\base_package\\rte\\Memmap -IC:\\Users\\XBDZ\\Desktop\\Tao\\ETAS_PSCM_BSW
                            12-V1.0_CodeGen\\Sourcecode\\Integration\\base_package\\rte\\inc -IC:\\Users\\XBDZ\\Desktop\\Tao\\ETAS_P
                            SCM_BSW12-V1.0_CodeGen\\Sourcecode\\Integration\\BSW\\integration -IC:\\Users\\XBDZ\\Desktop\\Tao\\ETAS_
                            PSCM_BSW12-V1.0_CodeGen\\Sourcecode\\bsw\\Platform -IC:\\Users\\XBDZ\\Desktop\\Tao\\ETAS_PSCM_BSW12-V1.0
                            _CodeGen\\Sourcecode\\rte\\gen -IC:\\Users\\XBDZ\\Desktop\\Tao\\ETAS_PSCM_BSW12-V1.0_CodeGen\\Sourcecode
                            \\Integration\\base_package\\os\\inc -IC:\\Users\\XBDZ\\Desktop\\Tao\\ETAS_PSCM_BSW12-V1.0_CodeGen\\Sour
                            cecode\\Integration\\mcal_package\\Memmap -IC:\\Users\\XBDZ\\Desktop\\Tao\\ETAS_PSCM_BSW12-V1.0_CodeGen\
                            \Sourcecode\\Integration\\mcal_package\\TargetIntegration\\TC36x\\Include -IC:\\Users\\XBDZ\\Desktop\\Ta
                            o\\ETAS_PSCM_BSW12-V1.0_CodeGen\\Sourcecode\\os\\Gen -w588 -w560 -t3 -N0 -OacefgIklmnopRsuvwy -Y0 -Z0 --
                            immediate-in-code --switch=linear -o cc33548a.src C:\\Users\\XBDZ\\AppData\\Local\\Temp\\rta_RTAOS_63854
                            4938899294634_3340401\\AllowAccess.c"
                          4         .compiler_name          "ctc"
                          5         ;source 'C:\\Users\\XBDZ\\AppData\\Local\\Temp\\rta_RTAOS_638544938899294634_3340401\\AllowAcces
                            s.c'
                          6 
                          7         
                          8 $TC162
                          9         
                         10         .sdecl  '.text.AllowAccess.Os_AllowAccess',code
0000                     11         .sect   '.text.AllowAccess.Os_AllowAccess'
                         12         .align  2
                         13         
                         14         .global Os_AllowAccess
                         15 ; Function Os_AllowAccess
0000                     16 Os_AllowAccess: .type   func
0000 8208      1    1    17         mov     d8,#0
0002 4DC0E1FF  1    2    18         mfcr    d15,#65052
0006 538F21F0  3    5    19         mul     d15,d15,#24
000A 91r0rrFr  1    6    20         movh.a  a15,#@his(Os_const_coreconfiguration)
000E D9FFrrrr  1    7    21         lea     a15,[a15]@los(Os_const_coreconfiguration)
0012 10FF      1    8    22         addsc.a a15,a15,d15,#0
0014 D4FF      1    9    23         ld.a    a15,[a15]
0016 A002      1   10    24         mov.a   a2,#0
0018 C844      1   11    25         ld.a    a4,[a15]16
001A 7D420600  1   12    26         jeq.a   a2,a4,.L2
001E C84F      1   13    27         ld.a    a15,[a15]16
0020 09FF5908  1   14    28         ld.bu   d15,[a15]25
0024 3C09      1   15    29         j       .L3
0026                     30 .L2:
0026 C854      1   16    31         ld.a    a4,[a15]20
0028 7D420600  1   17    32         jeq.a   a2,a4,.L4
002C C85F      1   18    33         ld.a    a15,[a15]20
002E 09FF6D08  1   19    34         ld.bu   d15,[a15]45
0032 3C02      1   20    35         j       .L5
0034                     36 .L4:
0034 DA02      1   21    37         mov     d15,#2
0036                     38 .L5:
0036                     39 .L3:
0036 91r0rrFr  1   22    40         movh.a  a15,#@his(Os_dyn_appstate)
003A D9FFrrrr  1   23    41         lea     a15,[a15]@los(Os_dyn_appstate)
003E 90FF      1   24    42         addsc.a a15,a15,d15,#2
0040 54FF      1   25    43         ld.w    d15,[a15]
0042 1E16      1   26    44         jeq     d15,#1,.L6
0044 8278      1   27    45         mov     d8,#7
0046 0284      1   28    46         mov     d4,d8
0048 6Drrrrrr  2   30    47         call    Os_ErrorLog
004C 3C03      1   31    48         j       .L7
004E                     49 .L6:
004E DA00      1   32    50         mov     d15,#0
0050 74FF      1   33    51         st.w    [a15],d15
0052                     52 .L7:
0052 0282      1   34    53         mov     d2,d8
TASKING VX-toolset for TriCore: assembler v6.3r1 Build 19041558
                                                                                                                           Page   2

ADDR CODE      CYCLES  LINE SOURCE LINE
0054 0090      2   36    54         ret
                         55         
0056                     56 __Os_AllowAccess_function_end:
                         57         .size   Os_AllowAccess,__Os_AllowAccess_function_end-Os_AllowAccess
                         58         ; End of function
                         59         
                         60         .calls  'Os_AllowAccess','Os_ErrorLog'
                         61         .extern Os_const_coreconfiguration
                         62         .extern Os_dyn_appstate
                         63         .extern Os_ErrorLog
                         64         .calls  'Os_AllowAccess','',0
                         65         ; Module end
