TASKING VX-toolset for TriCore: assembler v6.3r1 Build 19041558
                                                                                                                           Page   1

ADDR CODE      CYCLES  LINE SOURCE LINE
                          1         ; Module start
                          2         .compiler_version       "TASKING VX-toolset for TriCore: C compiler v6.3r1 Build 19041558 SN 731
                            18428"
                          3         .compiler_invocation    "ctc --integer-enumeration -D__CPU__=tc39x -D__CPU_TC39X__ --core=tc1.6.
                            2 --iso=99 --fp-model=+float --eabi=nw -IC:\\Users\\XBDZ\\Desktop\\Tao\\ETAS_PSCM_BSW12-V1.0_CodeGen\\So
                            urcecode\\Integration\\base_package\\os\\Memmap -IC:\\Users\\XBDZ\\Desktop\\Tao\\ETAS_PSCM_BSW12-V1.0_Co
                            deGen\\Sourcecode\\Integration\\base_package\\rte\\Memmap -IC:\\Users\\XBDZ\\Desktop\\Tao\\ETAS_PSCM_BSW
                            12-V1.0_CodeGen\\Sourcecode\\Integration\\base_package\\rte\\inc -IC:\\Users\\XBDZ\\Desktop\\Tao\\ETAS_P
                            SCM_BSW12-V1.0_CodeGen\\Sourcecode\\Integration\\BSW\\integration -IC:\\Users\\XBDZ\\Desktop\\Tao\\ETAS_
                            PSCM_BSW12-V1.0_CodeGen\\Sourcecode\\bsw\\Platform -IC:\\Users\\XBDZ\\Desktop\\Tao\\ETAS_PSCM_BSW12-V1.0
                            _CodeGen\\Sourcecode\\rte\\gen -IC:\\Users\\XBDZ\\Desktop\\Tao\\ETAS_PSCM_BSW12-V1.0_CodeGen\\Sourcecode
                            \\Integration\\base_package\\os\\inc -IC:\\Users\\XBDZ\\Desktop\\Tao\\ETAS_PSCM_BSW12-V1.0_CodeGen\\Sour
                            cecode\\Integration\\mcal_package\\Memmap -IC:\\Users\\XBDZ\\Desktop\\Tao\\ETAS_PSCM_BSW12-V1.0_CodeGen\
                            \Sourcecode\\Integration\\mcal_package\\TargetIntegration\\TC36x\\Include -IC:\\Users\\XBDZ\\Desktop\\Ta
                            o\\ETAS_PSCM_BSW12-V1.0_CodeGen\\Sourcecode\\os\\Gen -w588 -w560 -t3 -N0 -OacefgIklmnopRsuvwy -Y0 -Z0 --
                            immediate-in-code --switch=linear -o cc33700a.src C:\\Users\\XBDZ\\AppData\\Local\\Temp\\rta_RTAOS_63854
                            4938899294634_3340401\\ControlIdle.c"
                          4         .compiler_name          "ctc"
                          5         ;source 'C:\\Users\\XBDZ\\AppData\\Local\\Temp\\rta_RTAOS_638544938899294634_3340401\\ControlIdl
                            e.c'
                          6 
                          7         
                          8 $TC162
                          9         
                         10         .sdecl  '.text.ControlIdle.Os_ControlIdle',code
0000                     11         .sect   '.text.ControlIdle.Os_ControlIdle'
                         12         .align  2
                         13         
                         14         .global Os_ControlIdle
                         15 ; Function Os_ControlIdle
0000                     16 Os_ControlIdle: .type   func
0000 4DC0E2FF  1    1    17         mfcr    d15,#65068
0004 0D004003  1    2    18         disable
0008 BBF00008  1    3    19         mov.u   d0,#32783
000C CDC0E20F  1    4    20         mtcr    #65068,d0
0010 0D00C004  1    5    21         isync
                         22         
0014 91r0rrFr  1    6    23         movh.a  a15,#@his(Os_IdleModes)
0018 D9FFrrrr  1    7    24         lea     a15,[a15]@los(Os_IdleModes)
001C 01F402F6  1    8    25         addsc.a a15,a15,d4,#2
0020 74F5      1    9    26         st.w    [a15],d5
0022 CDCFE20F  1   10    27         mtcr    #65068,d15
0026 0D00C004  1   11    28         isync
                         29         
002A 8202      1   12    30         mov     d2,#0
002C 0090      2   14    31         ret
                         32         
002E                     33 __Os_ControlIdle_function_end:
                         34         .size   Os_ControlIdle,__Os_ControlIdle_function_end-Os_ControlIdle
                         35         ; End of function
                         36         
                         37         .sdecl  '.text.ControlIdle.Os_CurrentIdleMode',code
0000                     38         .sect   '.text.ControlIdle.Os_CurrentIdleMode'
                         39         .align  2
                         40         
                         41         .global Os_CurrentIdleMode
                         42 ; Function Os_CurrentIdleMode
0000                     43 Os_CurrentIdleMode:     .type   func
0000 4DC0E1FF  1    1    44         mfcr    d15,#65052
0004 91r0rrFr  1    2    45         movh.a  a15,#@his(Os_IdleModes)
0008 D9FFrrrr  1    3    46         lea     a15,[a15]@los(Os_IdleModes)
000C 90FF      1    4    47         addsc.a a15,a15,d15,#2
000E 54F2      1    5    48         ld.w    d2,[a15]
0010 0090      2    7    49         ret
                         50         
0012                     51 __Os_CurrentIdleMode_function_end:
                         52         .size   Os_CurrentIdleMode,__Os_CurrentIdleMode_function_end-Os_CurrentIdleMode
                         53         ; End of function
TASKING VX-toolset for TriCore: assembler v6.3r1 Build 19041558
                                                                                                                           Page   2

ADDR CODE      CYCLES  LINE SOURCE LINE
                         54         
                         55         .sdecl  '.bss.ControlIdle.Os_IdleModes',data
0000                     56         .sect   '.bss.ControlIdle.Os_IdleModes'
                         57         .align  2
0000                     58 Os_IdleModes:   .type   object
                         59         .size   Os_IdleModes,8
0000                     60         .space  8
  |  RESERVED               
0007
                         61         .calls  'Os_ControlIdle','',0
                         62         .calls  'Os_CurrentIdleMode','',0
                         63         ; Module end
