TASKING VX-toolset for TriCore: assembler v6.3r1 Build 19041558
                                                                                                                           Page   1

ADDR CODE      CYCLES  LINE SOURCE LINE
                          1         ; Module start
                          2         .compiler_version       "TASKING VX-toolset for TriCore: C compiler v6.3r1 Build 19041558 SN 731
                            18428"
                          3         .compiler_invocation    "ctc --integer-enumeration -D__CPU__=tc39x -D__CPU_TC39X__ --core=tc1.6.
                            2 --iso=99 --fp-model=+float --eabi=nw -IC:\\Users\\XBDZ\\Desktop\\Tao\\ETAS_PSCM_BSW12-V1.0_CodeGen\\So
                            urcecode\\Integration\\base_package\\os\\Memmap -IC:\\Users\\XBDZ\\Desktop\\Tao\\ETAS_PSCM_BSW12-V1.0_Co
                            deGen\\Sourcecode\\Integration\\base_package\\rte\\Memmap -IC:\\Users\\XBDZ\\Desktop\\Tao\\ETAS_PSCM_BSW
                            12-V1.0_CodeGen\\Sourcecode\\Integration\\base_package\\rte\\inc -IC:\\Users\\XBDZ\\Desktop\\Tao\\ETAS_P
                            SCM_BSW12-V1.0_CodeGen\\Sourcecode\\Integration\\BSW\\integration -IC:\\Users\\XBDZ\\Desktop\\Tao\\ETAS_
                            PSCM_BSW12-V1.0_CodeGen\\Sourcecode\\bsw\\Platform -IC:\\Users\\XBDZ\\Desktop\\Tao\\ETAS_PSCM_BSW12-V1.0
                            _CodeGen\\Sourcecode\\rte\\gen -IC:\\Users\\XBDZ\\Desktop\\Tao\\ETAS_PSCM_BSW12-V1.0_CodeGen\\Sourcecode
                            \\Integration\\base_package\\os\\inc -IC:\\Users\\XBDZ\\Desktop\\Tao\\ETAS_PSCM_BSW12-V1.0_CodeGen\\Sour
                            cecode\\Integration\\mcal_package\\Memmap -IC:\\Users\\XBDZ\\Desktop\\Tao\\ETAS_PSCM_BSW12-V1.0_CodeGen\
                            \Sourcecode\\Integration\\mcal_package\\TargetIntegration\\TC36x\\Include -IC:\\Users\\XBDZ\\Desktop\\Ta
                            o\\ETAS_PSCM_BSW12-V1.0_CodeGen\\Sourcecode\\os\\Gen -w588 -w560 -t3 -N0 -OacefgIklmnopRsuvwy -Y0 -Z0 --
                            immediate-in-code --switch=linear -o cc34684a.src C:\\Users\\XBDZ\\AppData\\Local\\Temp\\rta_RTAOS_63854
                            4938899294634_3340401\\DisableAllInterrupts.c"
                          4         .compiler_name          "ctc"
                          5         ;source 'C:\\Users\\XBDZ\\AppData\\Local\\Temp\\rta_RTAOS_638544938899294634_3340401\\DisableAll
                            Interrupts.c'
                          6 
                          7         
                          8 $TC162
                          9         
                         10         .sdecl  '.text.DisableAllInterrupts.Os_DisableAllInterrupts',code
0000                     11         .sect   '.text.DisableAllInterrupts.Os_DisableAllInterrupts'
                         12         .align  2
                         13         
                         14         .global Os_DisableAllInterrupts
                         15 ; Function Os_DisableAllInterrupts
0000                     16 Os_DisableAllInterrupts:        .type   func
0000 4DC0E1FF  1    1    17         mfcr    d15,#65052
0004 538F21F0  3    4    18         mul     d15,d15,#24
0008 91r0rrFr  1    5    19         movh.a  a15,#@his(Os_const_coreconfiguration)
000C D9FFrrrr  1    6    20         lea     a15,[a15]@los(Os_const_coreconfiguration)
0010 10FF      1    7    21         addsc.a a15,a15,d15,#0
0012 C81F      1    8    22         ld.a    a15,[a15]4
0014 483F      1    9    23         ld.w    d15,[a15]12
0016 EE0C      1   10    24         jne     d15,#0,.L2
0018 4DC0E2FF  1   11    25         mfcr    d15,#65068
001C 0D004003  1   12    26         disable
0020 BBF00F08  1   13    27         mov.u   d0,#33023
0024 CDC0E20F  1   14    28         mtcr    #65068,d0
0028 0D00C004  1   15    29         isync
                         30         
002C 74FF      1   16    31         st.w    [a15],d15
002E                     32 .L2:
002E 483F      1   17    33         ld.w    d15,[a15]12
0030 C21F      1   18    34         add     d15,#1
0032 6CF3      1   19    35         st.w    [a15]12,d15
0034 0090      2   21    36         ret
                         37         
0036                     38 __Os_DisableAllInterrupts_function_end:
                         39         .size   Os_DisableAllInterrupts,__Os_DisableAllInterrupts_function_end-Os_DisableAllInterrupts
                         40         ; End of function
                         41         
                         42         .extern Os_const_coreconfiguration
                         43         .calls  'Os_DisableAllInterrupts','',0
                         44         ; Module end
