TASKING VX-toolset for TriCore: assembler v6.3r1 Build 19041558
                                                                                                                           Page   1

ADDR CODE      CYCLES  LINE SOURCE LINE
                          1         ; Module start
                          2         .compiler_version       "TASKING VX-toolset for TriCore: C compiler v6.3r1 Build 19041558 SN 731
                            18428"
                          3         .compiler_invocation    "ctc --integer-enumeration -D__CPU__=tc39x -D__CPU_TC39X__ --core=tc1.6.
                            2 --iso=99 --fp-model=+float --eabi=nw -IC:\\Users\\XBDZ\\Desktop\\Tao\\ETAS_PSCM_BSW12-V1.0_CodeGen\\So
                            urcecode\\Integration\\base_package\\os\\Memmap -IC:\\Users\\XBDZ\\Desktop\\Tao\\ETAS_PSCM_BSW12-V1.0_Co
                            deGen\\Sourcecode\\Integration\\base_package\\rte\\Memmap -IC:\\Users\\XBDZ\\Desktop\\Tao\\ETAS_PSCM_BSW
                            12-V1.0_CodeGen\\Sourcecode\\Integration\\base_package\\rte\\inc -IC:\\Users\\XBDZ\\Desktop\\Tao\\ETAS_P
                            SCM_BSW12-V1.0_CodeGen\\Sourcecode\\Integration\\BSW\\integration -IC:\\Users\\XBDZ\\Desktop\\Tao\\ETAS_
                            PSCM_BSW12-V1.0_CodeGen\\Sourcecode\\bsw\\Platform -IC:\\Users\\XBDZ\\Desktop\\Tao\\ETAS_PSCM_BSW12-V1.0
                            _CodeGen\\Sourcecode\\rte\\gen -IC:\\Users\\XBDZ\\Desktop\\Tao\\ETAS_PSCM_BSW12-V1.0_CodeGen\\Sourcecode
                            \\Integration\\base_package\\os\\inc -IC:\\Users\\XBDZ\\Desktop\\Tao\\ETAS_PSCM_BSW12-V1.0_CodeGen\\Sour
                            cecode\\Integration\\mcal_package\\Memmap -IC:\\Users\\XBDZ\\Desktop\\Tao\\ETAS_PSCM_BSW12-V1.0_CodeGen\
                            \Sourcecode\\Integration\\mcal_package\\TargetIntegration\\TC36x\\Include -IC:\\Users\\XBDZ\\Desktop\\Ta
                            o\\ETAS_PSCM_BSW12-V1.0_CodeGen\\Sourcecode\\os\\Gen -w588 -w560 -t3 -N0 -OacefgIklmnopRsuvwy -Y0 -Z0 --
                            immediate-in-code --switch=linear -o cc10300a.src C:\\Users\\XBDZ\\AppData\\Local\\Temp\\rta_RTAOS_63854
                            4938899294634_3340401\\EnableAllInterrupts.c"
                          4         .compiler_name          "ctc"
                          5         ;source 'C:\\Users\\XBDZ\\AppData\\Local\\Temp\\rta_RTAOS_638544938899294634_3340401\\EnableAllI
                            nterrupts.c'
                          6 
                          7         
                          8 $TC162
                          9         
                         10         .sdecl  '.text.EnableAllInterrupts.Os_EnableAllInterrupts',code
0000                     11         .sect   '.text.EnableAllInterrupts.Os_EnableAllInterrupts'
                         12         .align  2
                         13         
                         14         .global Os_EnableAllInterrupts
                         15 ; Function Os_EnableAllInterrupts
0000                     16 Os_EnableAllInterrupts: .type   func
0000 4DC0E1FF  1    1    17         mfcr    d15,#65052
0004 538F21F0  3    4    18         mul     d15,d15,#24
0008 91r0rrFr  1    5    19         movh.a  a15,#@his(Os_const_coreconfiguration)
000C D9FFrrrr  1    6    20         lea     a15,[a15]@los(Os_const_coreconfiguration)
0010 10FF      1    7    21         addsc.a a15,a15,d15,#0
0012 C81F      1    8    22         ld.a    a15,[a15]4
0014 483F      1    9    23         ld.w    d15,[a15]12
0016 6E0A      1   10    24         jeq     d15,#0,.L2
0018 483F      1   11    25         ld.w    d15,[a15]12
001A C2FF      1   12    26         add     d15,#-1
001C 6CF3      1   13    27         st.w    [a15]12,d15
001E EE06      1   14    28         jne     d15,#0,.L3
0020 54FF      1   15    29         ld.w    d15,[a15]
0022 CDCFE20F  1   16    30         mtcr    #65068,d15
0026 0D00C004  1   17    31         isync
                         32         
002A                     33 .L3:
002A                     34 .L2:
002A 0090      2   19    35         ret
                         36         
002C                     37 __Os_EnableAllInterrupts_function_end:
                         38         .size   Os_EnableAllInterrupts,__Os_EnableAllInterrupts_function_end-Os_EnableAllInterrupts
                         39         ; End of function
                         40         
                         41         .extern Os_const_coreconfiguration
                         42         .calls  'Os_EnableAllInterrupts','',0
                         43         ; Module end
