TASKING VX-toolset for TriCore: assembler v6.3r1 Build 19041558
                                                                                                                           Page   1

ADDR CODE      CYCLES  LINE SOURCE LINE
                          1         ; Module start
                          2         .compiler_version       "TASKING VX-toolset for TriCore: C compiler v6.3r1 Build 19041558 SN 731
                            18428"
                          3         .compiler_invocation    "ctc --integer-enumeration -D__CPU__=tc39x -D__CPU_TC39X__ --core=tc1.6.
                            2 --iso=99 --fp-model=+float --eabi=nw -IC:\\Users\\XBDZ\\Desktop\\Tao\\ETAS_PSCM_BSW12-V1.0_CodeGen\\So
                            urcecode\\Integration\\base_package\\os\\Memmap -IC:\\Users\\XBDZ\\Desktop\\Tao\\ETAS_PSCM_BSW12-V1.0_Co
                            deGen\\Sourcecode\\Integration\\base_package\\rte\\Memmap -IC:\\Users\\XBDZ\\Desktop\\Tao\\ETAS_PSCM_BSW
                            12-V1.0_CodeGen\\Sourcecode\\Integration\\base_package\\rte\\inc -IC:\\Users\\XBDZ\\Desktop\\Tao\\ETAS_P
                            SCM_BSW12-V1.0_CodeGen\\Sourcecode\\Integration\\BSW\\integration -IC:\\Users\\XBDZ\\Desktop\\Tao\\ETAS_
                            PSCM_BSW12-V1.0_CodeGen\\Sourcecode\\bsw\\Platform -IC:\\Users\\XBDZ\\Desktop\\Tao\\ETAS_PSCM_BSW12-V1.0
                            _CodeGen\\Sourcecode\\rte\\gen -IC:\\Users\\XBDZ\\Desktop\\Tao\\ETAS_PSCM_BSW12-V1.0_CodeGen\\Sourcecode
                            \\Integration\\base_package\\os\\inc -IC:\\Users\\XBDZ\\Desktop\\Tao\\ETAS_PSCM_BSW12-V1.0_CodeGen\\Sour
                            cecode\\Integration\\mcal_package\\Memmap -IC:\\Users\\XBDZ\\Desktop\\Tao\\ETAS_PSCM_BSW12-V1.0_CodeGen\
                            \Sourcecode\\Integration\\mcal_package\\TargetIntegration\\TC36x\\Include -IC:\\Users\\XBDZ\\Desktop\\Ta
                            o\\ETAS_PSCM_BSW12-V1.0_CodeGen\\Sourcecode\\os\\Gen -w588 -w560 -t3 -N0 -OacefgIklmnopRsuvwy -Y0 -Z0 --
                            immediate-in-code --switch=linear -o cc6984a.src C:\\Users\\XBDZ\\AppData\\Local\\Temp\\rta_RTAOS_638544
                            938899294634_3340401\\GetActiveApplicationMode.c"
                          4         .compiler_name          "ctc"
                          5         ;source 'C:\\Users\\XBDZ\\AppData\\Local\\Temp\\rta_RTAOS_638544938899294634_3340401\\GetActiveA
                            pplicationMode.c'
                          6 
                          7         
                          8 $TC162
                          9         
                         10         .sdecl  '.text.GetActiveApplicationMode.Os_GetActiveApplicationMode',code
0000                     11         .sect   '.text.GetActiveApplicationMode.Os_GetActiveApplicationMode'
                         12         .align  2
                         13         
                         14         .global Os_GetActiveApplicationMode
                         15 ; Function Os_GetActiveApplicationMode
0000                     16 Os_GetActiveApplicationMode:    .type   func
0000 91r0rrFr  1    1    17         movh.a  a15,#@his(Os_CurrentAppMode)
0004 39F2rrrr  1    2    18         ld.bu   d2,[a15]@los(Os_CurrentAppMode)
0008 0090      2    4    19         ret
                         20         
000A                     21 __Os_GetActiveApplicationMode_function_end:
                         22         .size   Os_GetActiveApplicationMode,__Os_GetActiveApplicationMode_function_end-Os_GetActiveAppli
                            cationMode
                         23         ; End of function
                         24         
                         25         .extern Os_CurrentAppMode
                         26         .calls  'Os_GetActiveApplicationMode','',0
                         27         ; Module end
