TASKING VX-toolset for TriCore: assembler v6.3r1 Build 19041558
                                                                                                                           Page   1

ADDR CODE      CYCLES  LINE SOURCE LINE
                          1         ; Module start
                          2         .compiler_version       "TASKING VX-toolset for TriCore: C compiler v6.3r1 Build 19041558 SN 731
                            18428"
                          3         .compiler_invocation    "ctc --integer-enumeration -D__CPU__=tc39x -D__CPU_TC39X__ --core=tc1.6.
                            2 --iso=99 --fp-model=+float --eabi=nw -IC:\\Users\\XBDZ\\Desktop\\Tao\\ETAS_PSCM_BSW12-V1.0_CodeGen\\So
                            urcecode\\Integration\\base_package\\os\\Memmap -IC:\\Users\\XBDZ\\Desktop\\Tao\\ETAS_PSCM_BSW12-V1.0_Co
                            deGen\\Sourcecode\\Integration\\base_package\\rte\\Memmap -IC:\\Users\\XBDZ\\Desktop\\Tao\\ETAS_PSCM_BSW
                            12-V1.0_CodeGen\\Sourcecode\\Integration\\base_package\\rte\\inc -IC:\\Users\\XBDZ\\Desktop\\Tao\\ETAS_P
                            SCM_BSW12-V1.0_CodeGen\\Sourcecode\\Integration\\BSW\\integration -IC:\\Users\\XBDZ\\Desktop\\Tao\\ETAS_
                            PSCM_BSW12-V1.0_CodeGen\\Sourcecode\\bsw\\Platform -IC:\\Users\\XBDZ\\Desktop\\Tao\\ETAS_PSCM_BSW12-V1.0
                            _CodeGen\\Sourcecode\\rte\\gen -IC:\\Users\\XBDZ\\Desktop\\Tao\\ETAS_PSCM_BSW12-V1.0_CodeGen\\Sourcecode
                            \\Integration\\base_package\\os\\inc -IC:\\Users\\XBDZ\\Desktop\\Tao\\ETAS_PSCM_BSW12-V1.0_CodeGen\\Sour
                            cecode\\Integration\\mcal_package\\Memmap -IC:\\Users\\XBDZ\\Desktop\\Tao\\ETAS_PSCM_BSW12-V1.0_CodeGen\
                            \Sourcecode\\Integration\\mcal_package\\TargetIntegration\\TC36x\\Include -IC:\\Users\\XBDZ\\Desktop\\Ta
                            o\\ETAS_PSCM_BSW12-V1.0_CodeGen\\Sourcecode\\os\\Gen -w588 -w560 -t3 -N0 -OacefgIklmnopRsuvwy -Y0 -Z0 --
                            immediate-in-code --switch=linear -o cc34132a.src C:\\Users\\XBDZ\\AppData\\Local\\Temp\\rta_RTAOS_63854
                            4938899294634_3340401\\GetApplicationState.c"
                          4         .compiler_name          "ctc"
                          5         ;source 'C:\\Users\\XBDZ\\AppData\\Local\\Temp\\rta_RTAOS_638544938899294634_3340401\\GetApplica
                            tionState.c'
                          6 
                          7         
                          8 $TC162
                          9         
                         10         .sdecl  '.text.GetApplicationState.Os_GetApplicationState',code
0000                     11         .sect   '.text.GetApplicationState.Os_GetApplicationState'
                         12         .align  2
                         13         
                         14         .global Os_GetApplicationState
                         15 ; Function Os_GetApplicationState
0000                     16 Os_GetApplicationState: .type   func
0000 DA00      1    1    17         mov     d15,#0
0002 BF240780  1    2    18         jlt.u   d4,#2,.L2
0006 DA03      1    3    19         mov     d15,#3
0008 02F4      1    4    20         mov     d4,d15
000A 6Drrrrrr  2    6    21         call    Os_ErrorLog
000E 3C09      1    7    22         j       .L3
0010                     23 .L2:
0010 91r0rrFr  1    8    24         movh.a  a15,#@his(Os_dyn_appstate)
0014 D9FFrrrr  1    9    25         lea     a15,[a15]@los(Os_dyn_appstate)
0018 01F402F6  1   10    26         addsc.a a15,a15,d4,#2
001C 54F0      1   11    27         ld.w    d0,[a15]
001E 7440      1   12    28         st.w    [a4],d0
0020                     29 .L3:
0020 02F2      1   13    30         mov     d2,d15
0022 0090      2   15    31         ret
                         32         
0024                     33 __Os_GetApplicationState_function_end:
                         34         .size   Os_GetApplicationState,__Os_GetApplicationState_function_end-Os_GetApplicationState
                         35         ; End of function
                         36         
                         37         .calls  'Os_GetApplicationState','Os_ErrorLog'
                         38         .extern Os_dyn_appstate
                         39         .extern Os_ErrorLog
                         40         .calls  'Os_GetApplicationState','',0
                         41         ; Module end
