TASKING VX-toolset for TriCore: assembler v6.3r1 Build 19041558
                                                                                                                           Page   1

ADDR CODE      CYCLES  LINE SOURCE LINE
                          1         ; Module start
                          2         .compiler_version       "TASKING VX-toolset for TriCore: C compiler v6.3r1 Build 19041558 SN 731
                            18428"
                          3         .compiler_invocation    "ctc --integer-enumeration -D__CPU__=tc39x -D__CPU_TC39X__ --core=tc1.6.
                            2 --iso=99 --fp-model=+float --eabi=nw -IC:\\Users\\XBDZ\\Desktop\\Tao\\ETAS_PSCM_BSW12-V1.0_CodeGen\\So
                            urcecode\\Integration\\base_package\\os\\Memmap -IC:\\Users\\XBDZ\\Desktop\\Tao\\ETAS_PSCM_BSW12-V1.0_Co
                            deGen\\Sourcecode\\Integration\\base_package\\rte\\Memmap -IC:\\Users\\XBDZ\\Desktop\\Tao\\ETAS_PSCM_BSW
                            12-V1.0_CodeGen\\Sourcecode\\Integration\\base_package\\rte\\inc -IC:\\Users\\XBDZ\\Desktop\\Tao\\ETAS_P
                            SCM_BSW12-V1.0_CodeGen\\Sourcecode\\Integration\\BSW\\integration -IC:\\Users\\XBDZ\\Desktop\\Tao\\ETAS_
                            PSCM_BSW12-V1.0_CodeGen\\Sourcecode\\bsw\\Platform -IC:\\Users\\XBDZ\\Desktop\\Tao\\ETAS_PSCM_BSW12-V1.0
                            _CodeGen\\Sourcecode\\rte\\gen -IC:\\Users\\XBDZ\\Desktop\\Tao\\ETAS_PSCM_BSW12-V1.0_CodeGen\\Sourcecode
                            \\Integration\\base_package\\os\\inc -IC:\\Users\\XBDZ\\Desktop\\Tao\\ETAS_PSCM_BSW12-V1.0_CodeGen\\Sour
                            cecode\\Integration\\mcal_package\\Memmap -IC:\\Users\\XBDZ\\Desktop\\Tao\\ETAS_PSCM_BSW12-V1.0_CodeGen\
                            \Sourcecode\\Integration\\mcal_package\\TargetIntegration\\TC36x\\Include -IC:\\Users\\XBDZ\\Desktop\\Ta
                            o\\ETAS_PSCM_BSW12-V1.0_CodeGen\\Sourcecode\\os\\Gen -w588 -w560 -t3 -N0 -OacefgIklmnopRsuvwy -Y0 -Z0 --
                            immediate-in-code --switch=linear -o cc30380a.src C:\\Users\\XBDZ\\AppData\\Local\\Temp\\rta_RTAOS_63854
                            4938899294634_3340401\\GetCounterValue.c"
                          4         .compiler_name          "ctc"
                          5         ;source 'C:\\Users\\XBDZ\\AppData\\Local\\Temp\\rta_RTAOS_638544938899294634_3340401\\GetCounter
                            Value.c'
                          6 
                          7         
                          8 $TC162
                          9         
                         10         .sdecl  '.text.GetCounterValue.Os_GetCounterValue',code
0000                     11         .sect   '.text.GetCounterValue.Os_GetCounterValue'
                         12         .align  2
                         13         
                         14         .global Os_GetCounterValue
                         15 ; Function Os_GetCounterValue
0000                     16 Os_GetCounterValue:     .type   func
0000 405F      1    1    17         mov.aa  a15,a5
0002 4DC0E2FF  1    2    18         mfcr    d15,#65068
0006 0D004003  1    3    19         disable
000A BBF00008  1    4    20         mov.u   d0,#32783
000E CDC0E20F  1    5    21         mtcr    #65068,d0
0012 0D00C004  1    6    22         isync
                         23         
0016 09428809  1    7    24         ld.a    a2,[a4]8
001A 2D020000  2    9    25         calli   a2
001E 74F2      1   10    26         st.w    [a15],d2
0020 CDCFE20F  1   11    27         mtcr    #65068,d15
0024 0D00C004  1   12    28         isync
                         29         
0028 8202      1   13    30         mov     d2,#0
002A 0090      2   15    31         ret
                         32         
002C                     33 __Os_GetCounterValue_function_end:
                         34         .size   Os_GetCounterValue,__Os_GetCounterValue_function_end-Os_GetCounterValue
                         35         ; End of function
                         36         
                         37         .calls  'Os_GetCounterValue','__INDIRECT__'
                         38         .extern __INDIRECT__
                         39         .calls  'Os_GetCounterValue','',0
                         40         ; Module end
