TASKING VX-toolset for TriCore: assembler v6.3r1 Build 19041558
                                                                                                                           Page   1

ADDR CODE      CYCLES  LINE SOURCE LINE
                          1         ; Module start
                          2         .compiler_version       "TASKING VX-toolset for TriCore: C compiler v6.3r1 Build 19041558 SN 731
                            18428"
                          3         .compiler_invocation    "ctc --integer-enumeration -D__CPU__=tc39x -D__CPU_TC39X__ --core=tc1.6.
                            2 --iso=99 --fp-model=+float --eabi=nw -IC:\\Users\\XBDZ\\Desktop\\Tao\\ETAS_PSCM_BSW12-V1.0_CodeGen\\So
                            urcecode\\Integration\\base_package\\os\\Memmap -IC:\\Users\\XBDZ\\Desktop\\Tao\\ETAS_PSCM_BSW12-V1.0_Co
                            deGen\\Sourcecode\\Integration\\base_package\\rte\\Memmap -IC:\\Users\\XBDZ\\Desktop\\Tao\\ETAS_PSCM_BSW
                            12-V1.0_CodeGen\\Sourcecode\\Integration\\base_package\\rte\\inc -IC:\\Users\\XBDZ\\Desktop\\Tao\\ETAS_P
                            SCM_BSW12-V1.0_CodeGen\\Sourcecode\\Integration\\BSW\\integration -IC:\\Users\\XBDZ\\Desktop\\Tao\\ETAS_
                            PSCM_BSW12-V1.0_CodeGen\\Sourcecode\\bsw\\Platform -IC:\\Users\\XBDZ\\Desktop\\Tao\\ETAS_PSCM_BSW12-V1.0
                            _CodeGen\\Sourcecode\\rte\\gen -IC:\\Users\\XBDZ\\Desktop\\Tao\\ETAS_PSCM_BSW12-V1.0_CodeGen\\Sourcecode
                            \\Integration\\base_package\\os\\inc -IC:\\Users\\XBDZ\\Desktop\\Tao\\ETAS_PSCM_BSW12-V1.0_CodeGen\\Sour
                            cecode\\Integration\\mcal_package\\Memmap -IC:\\Users\\XBDZ\\Desktop\\Tao\\ETAS_PSCM_BSW12-V1.0_CodeGen\
                            \Sourcecode\\Integration\\mcal_package\\TargetIntegration\\TC36x\\Include -IC:\\Users\\XBDZ\\Desktop\\Ta
                            o\\ETAS_PSCM_BSW12-V1.0_CodeGen\\Sourcecode\\os\\Gen -w588 -w560 -t3 -N0 -OacefgIklmnopRsuvwy -Y0 -Z0 --
                            immediate-in-code --switch=linear -o cc35140a.src C:\\Users\\XBDZ\\AppData\\Local\\Temp\\rta_RTAOS_63854
                            4938899294634_3340401\\GetElapsedCounterValue.c"
                          4         .compiler_name          "ctc"
                          5         ;source 'C:\\Users\\XBDZ\\AppData\\Local\\Temp\\rta_RTAOS_638544938899294634_3340401\\GetElapsed
                            CounterValue.c'
                          6 
                          7         
                          8 $TC162
                          9         
                         10         .sdecl  '.text.GetElapsedCounterValue.Os_GetElapsedCounterValue',code
0000                     11         .sect   '.text.GetElapsedCounterValue.Os_GetElapsedCounterValue'
                         12         .align  2
                         13         
                         14         .global Os_GetElapsedCounterValue
                         15 ; Function Os_GetElapsedCounterValue
0000                     16 Os_GetElapsedCounterValue:      .type   func
0000 404F      1    1    17         mov.aa  a15,a4
0002 405C      1    2    18         mov.aa  a12,a5
0004 406D      1    3    19         mov.aa  a13,a6
0006 4DC0E28F  1    4    20         mfcr    d8,#65068
000A 0D004003  1    5    21         disable
000E BBF000F8  1    6    22         mov.u   d15,#32783
0012 CDCFE20F  1    7    23         mtcr    #65068,d15
0016 0D00C004  1    8    24         isync
                         25         
001A 54CF      1    9    26         ld.w    d15,[a12]
001C C822      1   10    27         ld.a    a2,[a15]8
001E 2D020000  2   12    28         calli   a2
0022 0BF28000  1   13    29         sub     d0,d2,d15
0026 74C2      1   14    30         st.w    [a12],d2
0028 7FF20580  1   15    31         jge.u   d2,d15,.L3
002C 486F      1   16    32         ld.w    d15,[a15]24
002E 42F0      1   17    33         add     d0,d15
0030 C210      1   18    34         add     d0,#1
0032                     35 .L3:
0032 74D0      1   19    36         st.w    [a13],d0
0034 CDC8E20F  1   20    37         mtcr    #65068,d8
0038 0D00C004  1   21    38         isync
                         39         
003C 8202      1   22    40         mov     d2,#0
003E 0090      2   24    41         ret
                         42         
0040                     43 __Os_GetElapsedCounterValue_function_end:
                         44         .size   Os_GetElapsedCounterValue,__Os_GetElapsedCounterValue_function_end-Os_GetElapsedCounterV
                            alue
                         45         ; End of function
                         46         
                         47         .calls  'Os_GetElapsedCounterValue','__INDIRECT__'
                         48         .extern __INDIRECT__
                         49         .calls  'Os_GetElapsedCounterValue','',0
                         50         ; Module end
