TASKING VX-toolset for TriCore: assembler v6.3r1 Build 19041558
                                                                                                                           Page   1

ADDR CODE      CYCLES  LINE SOURCE LINE
                          1         ; Module start
                          2         .compiler_version       "TASKING VX-toolset for TriCore: C compiler v6.3r1 Build 19041558 SN 731
                            18428"
                          3         .compiler_invocation    "ctc --integer-enumeration -D__CPU__=tc39x -D__CPU_TC39X__ --core=tc1.6.
                            2 --iso=99 --fp-model=+float --eabi=nw -IC:\\Users\\XBDZ\\Desktop\\Tao\\ETAS_PSCM_BSW12-V1.0_CodeGen\\So
                            urcecode\\Integration\\base_package\\os\\Memmap -IC:\\Users\\XBDZ\\Desktop\\Tao\\ETAS_PSCM_BSW12-V1.0_Co
                            deGen\\Sourcecode\\Integration\\base_package\\rte\\Memmap -IC:\\Users\\XBDZ\\Desktop\\Tao\\ETAS_PSCM_BSW
                            12-V1.0_CodeGen\\Sourcecode\\Integration\\base_package\\rte\\inc -IC:\\Users\\XBDZ\\Desktop\\Tao\\ETAS_P
                            SCM_BSW12-V1.0_CodeGen\\Sourcecode\\Integration\\BSW\\integration -IC:\\Users\\XBDZ\\Desktop\\Tao\\ETAS_
                            PSCM_BSW12-V1.0_CodeGen\\Sourcecode\\bsw\\Platform -IC:\\Users\\XBDZ\\Desktop\\Tao\\ETAS_PSCM_BSW12-V1.0
                            _CodeGen\\Sourcecode\\rte\\gen -IC:\\Users\\XBDZ\\Desktop\\Tao\\ETAS_PSCM_BSW12-V1.0_CodeGen\\Sourcecode
                            \\Integration\\base_package\\os\\inc -IC:\\Users\\XBDZ\\Desktop\\Tao\\ETAS_PSCM_BSW12-V1.0_CodeGen\\Sour
                            cecode\\Integration\\mcal_package\\Memmap -IC:\\Users\\XBDZ\\Desktop\\Tao\\ETAS_PSCM_BSW12-V1.0_CodeGen\
                            \Sourcecode\\Integration\\mcal_package\\TargetIntegration\\TC36x\\Include -IC:\\Users\\XBDZ\\Desktop\\Ta
                            o\\ETAS_PSCM_BSW12-V1.0_CodeGen\\Sourcecode\\os\\Gen -w588 -w560 -t3 -N0 -OacefgIklmnopRsuvwy -Y0 -Z0 --
                            immediate-in-code --switch=linear -o cc32272a.src C:\\Users\\XBDZ\\AppData\\Local\\Temp\\rta_RTAOS_63854
                            4938899294634_3340401\\GetIsrMaxStackUsage.c"
                          4         .compiler_name          "ctc"
                          5         ;source 'C:\\Users\\XBDZ\\AppData\\Local\\Temp\\rta_RTAOS_638544938899294634_3340401\\GetIsrMaxS
                            tackUsage.c'
                          6 
                          7         
                          8 $TC162
                          9         
                         10         .sdecl  '.text.GetIsrMaxStackUsage.Os_GetISRMaxStackUsage',code
0000                     11         .sect   '.text.GetIsrMaxStackUsage.Os_GetISRMaxStackUsage'
                         12         .align  2
                         13         
                         14         .global Os_GetISRMaxStackUsage
                         15 ; Function Os_GetISRMaxStackUsage
0000                     16 Os_GetISRMaxStackUsage: .type   func
0000 404F      1    1    17         mov.aa  a15,a4
0002 4DC0E2FF  1    2    18         mfcr    d15,#65068
0006 0D004003  1    3    19         disable
000A BBF00008  1    4    20         mov.u   d0,#32783
000E CDC0E20F  1    5    21         mtcr    #65068,d0
0012 0D00C004  1    6    22         isync
                         23         
0016 8208      1    7    24         mov     d8,#0
0018 8209      1    8    25         mov     d9,#0
001A 40F4      1    9    26         mov.aa  a4,a15
001C 6Drrrrrr  2   11    27         call    Os_IsISRValid
0020 7624      1   12    28         jeq     d2,#0,.L2
0022 C81F      1   13    29         ld.a    a15,[a15]4
0024 09F85009  1   14    30         ld.d    e8,[a15]16
0028                     31 .L2:
0028 CDCFE20F  1   15    32         mtcr    #65068,d15
002C 0D00C004  1   16    33         isync
                         34         
0030 0B891028  1   17    35         mov     e2,d9,d8
0034 0090      2   19    36         ret
                         37         
0036                     38 __Os_GetISRMaxStackUsage_function_end:
                         39         .size   Os_GetISRMaxStackUsage,__Os_GetISRMaxStackUsage_function_end-Os_GetISRMaxStackUsage
                         40         ; End of function
                         41         
                         42         .calls  'Os_GetISRMaxStackUsage','Os_IsISRValid'
                         43         .extern Os_IsISRValid
                         44         .calls  'Os_GetISRMaxStackUsage','',0
                         45         ; Module end
