TASKING VX-toolset for TriCore: assembler v6.3r1 Build 19041558
                                                                                                                           Page   1

ADDR CODE      CYCLES  LINE SOURCE LINE
                          1         ; Module start
                          2         .compiler_version       "TASKING VX-toolset for TriCore: C compiler v6.3r1 Build 19041558 SN 731
                            18428"
                          3         .compiler_invocation    "ctc --integer-enumeration -D__CPU__=tc39x -D__CPU_TC39X__ --core=tc1.6.
                            2 --iso=99 --fp-model=+float --eabi=nw -IC:\\Users\\XBDZ\\Desktop\\Tao\\ETAS_PSCM_BSW12-V1.0_CodeGen\\So
                            urcecode\\Integration\\base_package\\os\\Memmap -IC:\\Users\\XBDZ\\Desktop\\Tao\\ETAS_PSCM_BSW12-V1.0_Co
                            deGen\\Sourcecode\\Integration\\base_package\\rte\\Memmap -IC:\\Users\\XBDZ\\Desktop\\Tao\\ETAS_PSCM_BSW
                            12-V1.0_CodeGen\\Sourcecode\\Integration\\base_package\\rte\\inc -IC:\\Users\\XBDZ\\Desktop\\Tao\\ETAS_P
                            SCM_BSW12-V1.0_CodeGen\\Sourcecode\\Integration\\BSW\\integration -IC:\\Users\\XBDZ\\Desktop\\Tao\\ETAS_
                            PSCM_BSW12-V1.0_CodeGen\\Sourcecode\\bsw\\Platform -IC:\\Users\\XBDZ\\Desktop\\Tao\\ETAS_PSCM_BSW12-V1.0
                            _CodeGen\\Sourcecode\\rte\\gen -IC:\\Users\\XBDZ\\Desktop\\Tao\\ETAS_PSCM_BSW12-V1.0_CodeGen\\Sourcecode
                            \\Integration\\base_package\\os\\inc -IC:\\Users\\XBDZ\\Desktop\\Tao\\ETAS_PSCM_BSW12-V1.0_CodeGen\\Sour
                            cecode\\Integration\\mcal_package\\Memmap -IC:\\Users\\XBDZ\\Desktop\\Tao\\ETAS_PSCM_BSW12-V1.0_CodeGen\
                            \Sourcecode\\Integration\\mcal_package\\TargetIntegration\\TC36x\\Include -IC:\\Users\\XBDZ\\Desktop\\Ta
                            o\\ETAS_PSCM_BSW12-V1.0_CodeGen\\Sourcecode\\os\\Gen -w588 -w560 -t3 -N0 -OacefgIklmnopRsuvwy -Y0 -Z0 --
                            immediate-in-code --switch=linear -o cc26356a.src C:\\Users\\XBDZ\\AppData\\Local\\Temp\\rta_RTAOS_63854
                            4938899294634_3340401\\GetResource.c"
                          4         .compiler_name          "ctc"
                          5         ;source 'C:\\Users\\XBDZ\\AppData\\Local\\Temp\\rta_RTAOS_638544938899294634_3340401\\GetResourc
                            e.c'
                          6 
                          7         
                          8 $TC162
                          9         
                         10         .sdecl  '.text.GetResource.Os_GetResource',code
0000                     11         .sect   '.text.GetResource.Os_GetResource'
                         12         .align  2
                         13         
                         14         .global Os_GetResource
                         15 ; Function Os_GetResource
0000                     16 Os_GetResource: .type   func
0000 4DC0E1FF  1    1    17         mfcr    d15,#65052
0004 538F21F0  3    4    18         mul     d15,d15,#24
0008 91r0rrFr  1    5    19         movh.a  a15,#@his(Os_const_coreconfiguration)
000C D9FFrrrr  1    6    20         lea     a15,[a15]@los(Os_const_coreconfiguration)
0010 10FF      1    7    21         addsc.a a15,a15,d15,#0
0012 D4FF      1    8    22         ld.a    a15,[a15]
0014 4DC0E20F  1    9    23         mfcr    d0,#65068
0018 0D004003  1   10    24         disable
001C BBF000F8  1   11    25         mov.u   d15,#32783
0020 CDCFE20F  1   12    26         mtcr    #65068,d15
0024 0D00C004  1   13    27         isync
                         28         
0028 D442      1   14    29         ld.a    a2,[a4]
002A 486F      1   15    30         ld.w    d15,[a15]24
002C 742F      1   16    31         st.w    [a2],d15
002E 8FF00FF1  1   17    32         and     d15,d0,#255
0032 EE06      1   18    33         jne     d15,#0,.L2
0034 4C41      1   19    34         ld.w    d15,[a4]4
0036 4861      1   20    35         ld.w    d1,[a15]24
0038 7FF10380  1   21    36         jge.u   d1,d15,.L3
003C 6CF6      1   22    37         st.w    [a15]24,d15
003E                     38 .L3:
003E                     39 .L2:
003E CDC0E20F  1   23    40         mtcr    #65068,d0
0042 0D00C004  1   24    41         isync
                         42         
0046 8202      1   25    43         mov     d2,#0
0048 0090      2   27    44         ret
                         45         
004A                     46 __Os_GetResource_function_end:
                         47         .size   Os_GetResource,__Os_GetResource_function_end-Os_GetResource
                         48         ; End of function
                         49         
                         50         .extern Os_const_coreconfiguration
                         51         .calls  'Os_GetResource','',0
                         52         ; Module end
TASKING VX-toolset for TriCore: assembler v6.3r1 Build 19041558
                                                                                                                           Page   2

ADDR CODE      CYCLES  LINE SOURCE LINE
