TASKING VX-toolset for TriCore: assembler v6.3r1 Build 19041558
                                                                                                                           Page   1

ADDR CODE      CYCLES  LINE SOURCE LINE
                          1         ; Module start
                          2         .compiler_version       "TASKING VX-toolset for TriCore: C compiler v6.3r1 Build 19041558 SN 731
                            18428"
                          3         .compiler_invocation    "ctc --integer-enumeration -D__CPU__=tc39x -D__CPU_TC39X__ --core=tc1.6.
                            2 --iso=99 --fp-model=+float --eabi=nw -IC:\\Users\\XBDZ\\Desktop\\Tao\\ETAS_PSCM_BSW12-V1.0_CodeGen\\So
                            urcecode\\Integration\\base_package\\os\\Memmap -IC:\\Users\\XBDZ\\Desktop\\Tao\\ETAS_PSCM_BSW12-V1.0_Co
                            deGen\\Sourcecode\\Integration\\base_package\\rte\\Memmap -IC:\\Users\\XBDZ\\Desktop\\Tao\\ETAS_PSCM_BSW
                            12-V1.0_CodeGen\\Sourcecode\\Integration\\base_package\\rte\\inc -IC:\\Users\\XBDZ\\Desktop\\Tao\\ETAS_P
                            SCM_BSW12-V1.0_CodeGen\\Sourcecode\\Integration\\BSW\\integration -IC:\\Users\\XBDZ\\Desktop\\Tao\\ETAS_
                            PSCM_BSW12-V1.0_CodeGen\\Sourcecode\\bsw\\Platform -IC:\\Users\\XBDZ\\Desktop\\Tao\\ETAS_PSCM_BSW12-V1.0
                            _CodeGen\\Sourcecode\\rte\\gen -IC:\\Users\\XBDZ\\Desktop\\Tao\\ETAS_PSCM_BSW12-V1.0_CodeGen\\Sourcecode
                            \\Integration\\base_package\\os\\inc -IC:\\Users\\XBDZ\\Desktop\\Tao\\ETAS_PSCM_BSW12-V1.0_CodeGen\\Sour
                            cecode\\Integration\\mcal_package\\Memmap -IC:\\Users\\XBDZ\\Desktop\\Tao\\ETAS_PSCM_BSW12-V1.0_CodeGen\
                            \Sourcecode\\Integration\\mcal_package\\TargetIntegration\\TC36x\\Include -IC:\\Users\\XBDZ\\Desktop\\Ta
                            o\\ETAS_PSCM_BSW12-V1.0_CodeGen\\Sourcecode\\os\\Gen -w588 -w560 -t3 -N0 -OacefgIklmnopRsuvwy -Y0 -Z0 --
                            immediate-in-code --switch=linear -o cc29548a.src C:\\Users\\XBDZ\\AppData\\Local\\Temp\\rta_RTAOS_63854
                            4938899294634_3340401\\GetScheduleTableStatus.c"
                          4         .compiler_name          "ctc"
                          5         ;source 'C:\\Users\\XBDZ\\AppData\\Local\\Temp\\rta_RTAOS_638544938899294634_3340401\\GetSchedul
                            eTableStatus.c'
                          6 
                          7         
                          8 $TC162
                          9         
                         10         .sdecl  '.text.GetScheduleTableStatus.Os_GetScheduleTableStatus',code
0000                     11         .sect   '.text.GetScheduleTableStatus.Os_GetScheduleTableStatus'
                         12         .align  2
                         13         
                         14         .global Os_GetScheduleTableStatus
                         15 ; Function Os_GetScheduleTableStatus
0000                     16 Os_GetScheduleTableStatus:      .type   func
0000 4DC0E20F  1    1    17         mfcr    d0,#65068
0004 0D004003  1    2    18         disable
0008 BBF000F8  1    3    19         mov.u   d15,#32783
000C CDCFE20F  1    4    20         mtcr    #65068,d15
0010 0D00C004  1    5    21         isync
                         22         
0014 91r0rr2r  1    6    23         movh.a  a2,#@his(Os_lock_alarmaccess)
0018 D922rrrr  1    7    24         lea     a2,[a2]@los(Os_lock_alarmaccess)
001C 3C09      1    8    25         j       .L2
001E                     26 .L3:
001E 0000      1    9    27         nop
0020 0000      1   10    28         nop
0022 0000      1   11    29         nop
0024 0000      1   12    30         nop
0026 0000      1   13    31         nop
0028 0000      1   14    32         nop
002A 0000      1   15    33         nop
002C 0000      1   16    34         nop
002E                     35 .L2:
002E DA01      1   17    36         mov     d15,#1
0030 492F0008  1   18    37         swap.w  [a2]0,d15
0034 EEF5      1   19    38         jne     d15,#0,.L3
0036 D44F      1   20    39         ld.a    a15,[a4]
0038 482F      1   21    40         ld.w    d15,[a15]8
003A 745F      1   22    41         st.w    [a5],d15
003C 0D008004  1   23    42         dsync
0040 A00F      1   24    43         mov.a   a15,#0
0042 F42F      1   25    44         st.a    [a2],a15
0044 0D008004  1   26    45         dsync
0048 CDC0E20F  1   27    46         mtcr    #65068,d0
004C 0D00C004  1   28    47         isync
                         48         
0050 8202      1   29    49         mov     d2,#0
0052 0090      2   31    50         ret
                         51         
0054                     52 __Os_GetScheduleTableStatus_function_end:

TASKING VX-toolset for TriCore: assembler v6.3r1 Build 19041558
                                                                                                                           Page   2

ADDR CODE      CYCLES  LINE SOURCE LINE
                         53         .size   Os_GetScheduleTableStatus,__Os_GetScheduleTableStatus_function_end-Os_GetScheduleTableSt
                            atus
                         54         ; End of function
                         55         
                         56         .extern Os_lock_alarmaccess
                         57         .calls  'Os_GetScheduleTableStatus','',0
                         58         ; Module end
