TASKING VX-toolset for TriCore: assembler v6.3r1 Build 19041558
                                                                                                                           Page   1

ADDR CODE      CYCLES  LINE SOURCE LINE
                          1         ; Module start
                          2         .compiler_version       "TASKING VX-toolset for TriCore: C compiler v6.3r1 Build 19041558 SN 731
                            18428"
                          3         .compiler_invocation    "ctc --integer-enumeration -D__CPU__=tc39x -D__CPU_TC39X__ --core=tc1.6.
                            2 --iso=99 --fp-model=+float --eabi=nw -IC:\\Users\\XBDZ\\Desktop\\Tao\\ETAS_PSCM_BSW12-V1.0_CodeGen\\So
                            urcecode\\Integration\\base_package\\os\\Memmap -IC:\\Users\\XBDZ\\Desktop\\Tao\\ETAS_PSCM_BSW12-V1.0_Co
                            deGen\\Sourcecode\\Integration\\base_package\\rte\\Memmap -IC:\\Users\\XBDZ\\Desktop\\Tao\\ETAS_PSCM_BSW
                            12-V1.0_CodeGen\\Sourcecode\\Integration\\base_package\\rte\\inc -IC:\\Users\\XBDZ\\Desktop\\Tao\\ETAS_P
                            SCM_BSW12-V1.0_CodeGen\\Sourcecode\\Integration\\BSW\\integration -IC:\\Users\\XBDZ\\Desktop\\Tao\\ETAS_
                            PSCM_BSW12-V1.0_CodeGen\\Sourcecode\\bsw\\Platform -IC:\\Users\\XBDZ\\Desktop\\Tao\\ETAS_PSCM_BSW12-V1.0
                            _CodeGen\\Sourcecode\\rte\\gen -IC:\\Users\\XBDZ\\Desktop\\Tao\\ETAS_PSCM_BSW12-V1.0_CodeGen\\Sourcecode
                            \\Integration\\base_package\\os\\inc -IC:\\Users\\XBDZ\\Desktop\\Tao\\ETAS_PSCM_BSW12-V1.0_CodeGen\\Sour
                            cecode\\Integration\\mcal_package\\Memmap -IC:\\Users\\XBDZ\\Desktop\\Tao\\ETAS_PSCM_BSW12-V1.0_CodeGen\
                            \Sourcecode\\Integration\\mcal_package\\TargetIntegration\\TC36x\\Include -IC:\\Users\\XBDZ\\Desktop\\Ta
                            o\\ETAS_PSCM_BSW12-V1.0_CodeGen\\Sourcecode\\os\\Gen -w588 -w560 -t3 -N0 -OacefgIklmnopRsuvwy -Y0 -Z0 --
                            immediate-in-code --switch=linear -o cc33588a.src C:\\Users\\XBDZ\\AppData\\Local\\Temp\\rta_RTAOS_63854
                            4938899294634_3340401\\GetVersionInfo.c"
                          4         .compiler_name          "ctc"
                          5         ;source 'C:\\Users\\XBDZ\\AppData\\Local\\Temp\\rta_RTAOS_638544938899294634_3340401\\GetVersion
                            Info.c'
                          6 
                          7         
                          8 $TC162
                          9         
                         10         .sdecl  '.text.GetVersionInfo.Os_GetVersionInfo',code
0000                     11         .sect   '.text.GetVersionInfo.Os_GetVersionInfo'
                         12         .align  2
                         13         
                         14         .global Os_GetVersionInfo
                         15 ; Function Os_GetVersionInfo
0000                     16 Os_GetVersionInfo:      .type   func
0000 DA0B      1    1    17         mov     d15,#11
0002 B44F      1    2    18         st.h    [a4],d15
0004 DA01      1    3    19         mov     d15,#1
0006 AC41      1    4    20         st.h    [a4]2,d15
0008 DA0C      1    5    21         mov     d15,#12
000A 2C44      1    6    22         st.b    [a4]4,d15
000C DA00      1    7    23         mov     d15,#0
000E 2C45      1    8    24         st.b    [a4]5,d15
0010 2C46      1    9    25         st.b    [a4]6,d15
0012 0090      2   11    26         ret
                         27         
0014                     28 __Os_GetVersionInfo_function_end:
                         29         .size   Os_GetVersionInfo,__Os_GetVersionInfo_function_end-Os_GetVersionInfo
                         30         ; End of function
                         31         
                         32         .calls  'Os_GetVersionInfo','',0
                         33         ; Module end
