TASKING VX-toolset for TriCore: assembler v6.3r1 Build 19041558
                                                                                                                           Page   1

ADDR CODE      CYCLES  LINE SOURCE LINE
                          1         ; Module start
                          2         .compiler_version       "TASKING VX-toolset for TriCore: C compiler v6.3r1 Build 19041558 SN 731
                            18428"
                          3         .compiler_invocation    "ctc --integer-enumeration -D__CPU__=tc39x -D__CPU_TC39X__ --core=tc1.6.
                            2 --iso=99 --fp-model=+float --eabi=nw -IC:\\Users\\XBDZ\\Desktop\\Tao\\ETAS_PSCM_BSW12-V1.0_CodeGen\\So
                            urcecode\\Integration\\base_package\\os\\Memmap -IC:\\Users\\XBDZ\\Desktop\\Tao\\ETAS_PSCM_BSW12-V1.0_Co
                            deGen\\Sourcecode\\Integration\\base_package\\rte\\Memmap -IC:\\Users\\XBDZ\\Desktop\\Tao\\ETAS_PSCM_BSW
                            12-V1.0_CodeGen\\Sourcecode\\Integration\\base_package\\rte\\inc -IC:\\Users\\XBDZ\\Desktop\\Tao\\ETAS_P
                            SCM_BSW12-V1.0_CodeGen\\Sourcecode\\Integration\\BSW\\integration -IC:\\Users\\XBDZ\\Desktop\\Tao\\ETAS_
                            PSCM_BSW12-V1.0_CodeGen\\Sourcecode\\bsw\\Platform -IC:\\Users\\XBDZ\\Desktop\\Tao\\ETAS_PSCM_BSW12-V1.0
                            _CodeGen\\Sourcecode\\rte\\gen -IC:\\Users\\XBDZ\\Desktop\\Tao\\ETAS_PSCM_BSW12-V1.0_CodeGen\\Sourcecode
                            \\Integration\\base_package\\os\\inc -IC:\\Users\\XBDZ\\Desktop\\Tao\\ETAS_PSCM_BSW12-V1.0_CodeGen\\Sour
                            cecode\\Integration\\mcal_package\\Memmap -IC:\\Users\\XBDZ\\Desktop\\Tao\\ETAS_PSCM_BSW12-V1.0_CodeGen\
                            \Sourcecode\\Integration\\mcal_package\\TargetIntegration\\TC36x\\Include -IC:\\Users\\XBDZ\\Desktop\\Ta
                            o\\ETAS_PSCM_BSW12-V1.0_CodeGen\\Sourcecode\\os\\Gen -w588 -w560 -t3 -N0 -OacefgIklmnopRsuvwy -Y0 -Z0 --
                            immediate-in-code --switch=linear -o cc34744a.src C:\\Users\\XBDZ\\AppData\\Local\\Temp\\rta_RTAOS_63854
                            4938899294634_3340401\\InterruptSource.c"
                          4         .compiler_name          "ctc"
                          5         ;source 'C:\\Users\\XBDZ\\AppData\\Local\\Temp\\rta_RTAOS_638544938899294634_3340401\\InterruptS
                            ource.c'
                          6 
                          7         
                          8 $TC162
                          9         
                         10         .sdecl  '.text.InterruptSource.Os_EnableInterruptSource',code
0000                     11         .sect   '.text.InterruptSource.Os_EnableInterruptSource'
                         12         .align  2
                         13         
                         14         .global Os_EnableInterruptSource
                         15 ; Function Os_EnableInterruptSource
0000                     16 Os_EnableInterruptSource:       .type   func
0000 4DC0E20F  1    1    17         mfcr    d0,#65068
0004 0D004003  1    2    18         disable
0008 BBF000F8  1    3    19         mov.u   d15,#32783
000C CDCFE20F  1    4    20         mtcr    #65068,d15
0010 0D00C004  1    5    21         isync
                         22         
0014 4C43      1    6    23         ld.w    d15,[a4]12
0016 91r0rrFr  1    7    24         movh.a  a15,#@his(Os_const_isr_sourcemap)
001A D9FFrrrr  1    8    25         lea     a15,[a15]@los(Os_const_isr_sourcemap)
001E 90FF      1    9    26         addsc.a a15,a15,d15,#2
0020 7646      1   10    27         jeq     d4,#0,.L2
0022 D4F2      1   11    28         ld.a    a2,[a15]
0024 542F      1   12    29         ld.w    d15,[a2]
0026 B71F81FC  1   13    30         insert  d15,d15,#1,#25,#1
002A 742F      1   14    31         st.w    [a2],d15
002C                     32 .L2:
002C D4FF      1   15    33         ld.a    a15,[a15]
002E 54FF      1   16    34         ld.w    d15,[a15]
0030 B71F01F5  1   17    35         insert  d15,d15,#1,#10,#1
0034 74FF      1   18    36         st.w    [a15],d15
0036 CDC0E20F  1   19    37         mtcr    #65068,d0
003A 0D00C004  1   20    38         isync
                         39         
003E 8202      1   21    40         mov     d2,#0
0040 0090      2   23    41         ret
                         42         
0042                     43 __Os_EnableInterruptSource_function_end:
                         44         .size   Os_EnableInterruptSource,__Os_EnableInterruptSource_function_end-Os_EnableInterruptSourc
                            e
                         45         ; End of function
                         46         
                         47         .sdecl  '.text.InterruptSource.Os_DisableInterruptSource',code
0000                     48         .sect   '.text.InterruptSource.Os_DisableInterruptSource'
                         49         .align  2
                         50         
                         51         .global Os_DisableInterruptSource
                         52 ; Function Os_DisableInterruptSource
TASKING VX-toolset for TriCore: assembler v6.3r1 Build 19041558
                                                                                                                           Page   2

ADDR CODE      CYCLES  LINE SOURCE LINE
0000                     53 Os_DisableInterruptSource:      .type   func
0000 4DC0E20F  1    1    54         mfcr    d0,#65068
0004 0D004003  1    2    55         disable
0008 BBF000F8  1    3    56         mov.u   d15,#32783
000C CDCFE20F  1    4    57         mtcr    #65068,d15
0010 0D00C004  1    5    58         isync
                         59         
0014 4C43      1    6    60         ld.w    d15,[a4]12
0016 91r0rrFr  1    7    61         movh.a  a15,#@his(Os_const_isr_sourcemap)
001A D9FFrrrr  1    8    62         lea     a15,[a15]@los(Os_const_isr_sourcemap)
001E 90FF      1    9    63         addsc.a a15,a15,d15,#2
0020 D4FF      1   10    64         ld.a    a15,[a15]
0022 54FF      1   11    65         ld.w    d15,[a15]
0024 B70F01F5  1   12    66         insert  d15,d15,#0,#10,#1
0028 74FF      1   13    67         st.w    [a15],d15
002A CDC0E20F  1   14    68         mtcr    #65068,d0
002E 0D00C004  1   15    69         isync
                         70         
0032 8202      1   16    71         mov     d2,#0
0034 0090      2   18    72         ret
                         73         
0036                     74 __Os_DisableInterruptSource_function_end:
                         75         .size   Os_DisableInterruptSource,__Os_DisableInterruptSource_function_end-Os_DisableInterruptSo
                            urce
                         76         ; End of function
                         77         
                         78         .sdecl  '.text.InterruptSource.Os_ClearPendingInterrupt',code
0000                     79         .sect   '.text.InterruptSource.Os_ClearPendingInterrupt'
                         80         .align  2
                         81         
                         82         .global Os_ClearPendingInterrupt
                         83 ; Function Os_ClearPendingInterrupt
0000                     84 Os_ClearPendingInterrupt:       .type   func
0000 4DC0E20F  1    1    85         mfcr    d0,#65068
0004 0D004003  1    2    86         disable
0008 BBF000F8  1    3    87         mov.u   d15,#32783
000C CDCFE20F  1    4    88         mtcr    #65068,d15
0010 0D00C004  1    5    89         isync
                         90         
0014 4C43      1    6    91         ld.w    d15,[a4]12
0016 91r0rrFr  1    7    92         movh.a  a15,#@his(Os_const_isr_sourcemap)
001A D9FFrrrr  1    8    93         lea     a15,[a15]@los(Os_const_isr_sourcemap)
001E 90FF      1    9    94         addsc.a a15,a15,d15,#2
0020 D4FF      1   10    95         ld.a    a15,[a15]
0022 54FF      1   11    96         ld.w    d15,[a15]
0024 B71F81FC  1   12    97         insert  d15,d15,#1,#25,#1
0028 74FF      1   13    98         st.w    [a15],d15
002A CDC0E20F  1   14    99         mtcr    #65068,d0
002E 0D00C004  1   15   100         isync
                        101         
0032 8202      1   16   102         mov     d2,#0
0034 0090      2   18   103         ret
                        104         
0036                    105 __Os_ClearPendingInterrupt_function_end:
                        106         .size   Os_ClearPendingInterrupt,__Os_ClearPendingInterrupt_function_end-Os_ClearPendingInterrup
                            t
                        107         ; End of function
                        108         
                        109         .sdecl  '.rodata.InterruptSource.Os_const_isr_sourcemap',data,rom
0000                    110         .sect   '.rodata.InterruptSource.Os_const_isr_sourcemap'
                        111         .global Os_const_isr_sourcemap
                        112         .align  4
0000                    113 Os_const_isr_sourcemap: .type   object
                        114         .size   Os_const_isr_sourcemap,56
0000 B08503F0           115         .word   -268204624,-268204620,-268204616,-268204612
     B48503F0               
     B88503F0               
     BC8503F0               
TASKING VX-toolset for TriCore: assembler v6.3r1 Build 19041558
                                                                                                                           Page   3

ADDR CODE      CYCLES  LINE SOURCE LINE
0010 C08503F0           116         .word   -268204608,-268204604,-268204600,-268204596
     C48503F0               
     C88503F0               
     CC8503F0               
0020 D08503F0           117         .word   -268204592,-268204588,-268204584,-268204580
     D48503F0               
     D88503F0               
     DC8503F0               
0030 008303F0           118         .word   -268205312,-268205504
     408203F0               
                        119         .calls  'Os_EnableInterruptSource','',0
                        120         .calls  'Os_DisableInterruptSource','',0
                        121         .calls  'Os_ClearPendingInterrupt','',0
                        122         ; Module end
