TASKING VX-toolset for TriCore: assembler v6.3r1 Build 19041558
                                                                                                                           Page   1

ADDR CODE      CYCLES  LINE SOURCE LINE
                          1         ; Module start
                          2         .compiler_version       "TASKING VX-toolset for TriCore: C compiler v6.3r1 Build 19041558 SN 731
                            18428"
                          3         .compiler_invocation    "ctc --integer-enumeration -D__CPU__=tc39x -D__CPU_TC39X__ --core=tc1.6.
                            2 --iso=99 --fp-model=+float --eabi=nw -IC:\\Users\\XBDZ\\Desktop\\Tao\\ETAS_PSCM_BSW12-V1.0_CodeGen\\So
                            urcecode\\Integration\\base_package\\os\\Memmap -IC:\\Users\\XBDZ\\Desktop\\Tao\\ETAS_PSCM_BSW12-V1.0_Co
                            deGen\\Sourcecode\\Integration\\base_package\\rte\\Memmap -IC:\\Users\\XBDZ\\Desktop\\Tao\\ETAS_PSCM_BSW
                            12-V1.0_CodeGen\\Sourcecode\\Integration\\base_package\\rte\\inc -IC:\\Users\\XBDZ\\Desktop\\Tao\\ETAS_P
                            SCM_BSW12-V1.0_CodeGen\\Sourcecode\\Integration\\BSW\\integration -IC:\\Users\\XBDZ\\Desktop\\Tao\\ETAS_
                            PSCM_BSW12-V1.0_CodeGen\\Sourcecode\\bsw\\Platform -IC:\\Users\\XBDZ\\Desktop\\Tao\\ETAS_PSCM_BSW12-V1.0
                            _CodeGen\\Sourcecode\\rte\\gen -IC:\\Users\\XBDZ\\Desktop\\Tao\\ETAS_PSCM_BSW12-V1.0_CodeGen\\Sourcecode
                            \\Integration\\base_package\\os\\inc -IC:\\Users\\XBDZ\\Desktop\\Tao\\ETAS_PSCM_BSW12-V1.0_CodeGen\\Sour
                            cecode\\Integration\\mcal_package\\Memmap -IC:\\Users\\XBDZ\\Desktop\\Tao\\ETAS_PSCM_BSW12-V1.0_CodeGen\
                            \Sourcecode\\Integration\\mcal_package\\TargetIntegration\\TC36x\\Include -IC:\\Users\\XBDZ\\Desktop\\Ta
                            o\\ETAS_PSCM_BSW12-V1.0_CodeGen\\Sourcecode\\os\\Gen -w588 -w560 -t3 -N0 -OacefgIklmnopRsuvwy -Y0 -Z0 --
                            immediate-in-code --switch=linear -o cc19400a.src C:\\Users\\XBDZ\\AppData\\Local\\Temp\\rta_RTAOS_63854
                            4938899294634_3340401\\ModifyPeripheral.c"
                          4         .compiler_name          "ctc"
                          5         ;source 'C:\\Users\\XBDZ\\AppData\\Local\\Temp\\rta_RTAOS_638544938899294634_3340401\\ModifyPeri
                            pheral.c'
                          6 
                          7         
                          8 $TC162
                          9         
                         10         .sdecl  '.text.ModifyPeripheral.Os_ModifyPeripheral8',code
0000                     11         .sect   '.text.ModifyPeripheral.Os_ModifyPeripheral8'
                         12         .align  2
                         13         
                         14         .global Os_ModifyPeripheral8
                         15 ; Function Os_ModifyPeripheral8
0000                     16 Os_ModifyPeripheral8:   .type   func
0000 4DC0E2FF  1    1    17         mfcr    d15,#65068
0004 0D004003  1    2    18         disable
0008 BBF00008  1    3    19         mov.u   d0,#32783
000C CDC0E20F  1    4    20         mtcr    #65068,d0
0010 0D00C004  1    5    21         isync
                         22         
0014 1440      1    6    23         ld.bu   d0,[a4]
0016 2650      1    7    24         and     d0,d5
0018 A660      1    8    25         or      d0,d6
001A 3440      1    9    26         st.b    [a4],d0
001C CDCFE20F  1   10    27         mtcr    #65068,d15
0020 0D00C004  1   11    28         isync
                         29         
0024 8202      1   12    30         mov     d2,#0
0026 0090      2   14    31         ret
                         32         
0028                     33 __Os_ModifyPeripheral8_function_end:
                         34         .size   Os_ModifyPeripheral8,__Os_ModifyPeripheral8_function_end-Os_ModifyPeripheral8
                         35         ; End of function
                         36         
                         37         .sdecl  '.text.ModifyPeripheral.Os_ModifyPeripheral16',code
0000                     38         .sect   '.text.ModifyPeripheral.Os_ModifyPeripheral16'
                         39         .align  2
                         40         
                         41         .global Os_ModifyPeripheral16
                         42 ; Function Os_ModifyPeripheral16
0000                     43 Os_ModifyPeripheral16:  .type   func
0000 4DC0E2FF  1    1    44         mfcr    d15,#65068
0004 0D004003  1    2    45         disable
0008 BBF00008  1    3    46         mov.u   d0,#32783
000C CDC0E20F  1    4    47         mtcr    #65068,d0
0010 0D00C004  1    5    48         isync
                         49         
0014 0940C008  1    6    50         ld.hu   d0,[a4]0
0018 2650      1    7    51         and     d0,d5
001A A660      1    8    52         or      d0,d6
001C B440      1    9    53         st.h    [a4],d0
TASKING VX-toolset for TriCore: assembler v6.3r1 Build 19041558
                                                                                                                           Page   2

ADDR CODE      CYCLES  LINE SOURCE LINE
001E CDCFE20F  1   10    54         mtcr    #65068,d15
0022 0D00C004  1   11    55         isync
                         56         
0026 8202      1   12    57         mov     d2,#0
0028 0090      2   14    58         ret
                         59         
002A                     60 __Os_ModifyPeripheral16_function_end:
                         61         .size   Os_ModifyPeripheral16,__Os_ModifyPeripheral16_function_end-Os_ModifyPeripheral16
                         62         ; End of function
                         63         
                         64         .sdecl  '.text.ModifyPeripheral.Os_ModifyPeripheral32',code
0000                     65         .sect   '.text.ModifyPeripheral.Os_ModifyPeripheral32'
                         66         .align  2
                         67         
                         68         .global Os_ModifyPeripheral32
                         69 ; Function Os_ModifyPeripheral32
0000                     70 Os_ModifyPeripheral32:  .type   func
0000 4DC0E2FF  1    1    71         mfcr    d15,#65068
0004 0D004003  1    2    72         disable
0008 BBF00008  1    3    73         mov.u   d0,#32783
000C CDC0E20F  1    4    74         mtcr    #65068,d0
0010 0D00C004  1    5    75         isync
                         76         
0014 5440      1    6    77         ld.w    d0,[a4]
0016 2650      1    7    78         and     d0,d5
0018 A660      1    8    79         or      d0,d6
001A 7440      1    9    80         st.w    [a4],d0
001C CDCFE20F  1   10    81         mtcr    #65068,d15
0020 0D00C004  1   11    82         isync
                         83         
0024 8202      1   12    84         mov     d2,#0
0026 0090      2   14    85         ret
                         86         
0028                     87 __Os_ModifyPeripheral32_function_end:
                         88         .size   Os_ModifyPeripheral32,__Os_ModifyPeripheral32_function_end-Os_ModifyPeripheral32
                         89         ; End of function
                         90         
                         91         .calls  'Os_ModifyPeripheral8','',0
                         92         .calls  'Os_ModifyPeripheral16','',0
                         93         .calls  'Os_ModifyPeripheral32','',0
                         94         ; Module end
