TASKING VX-toolset for TriCore: assembler v6.3r1 Build 19041558
                                                                                                                           Page   1

ADDR CODE      CYCLES  LINE SOURCE LINE
                          1         ; Module start
                          2         .compiler_version       "TASKING VX-toolset for TriCore: C compiler v6.3r1 Build 19041558 SN 731
                            18428"
                          3         .compiler_invocation    "ctc --integer-enumeration -D__CPU__=tc39x -D__CPU_TC39X__ --core=tc1.6.
                            2 --iso=99 --fp-model=+float --eabi=nw -IC:\\Users\\XBDZ\\Desktop\\Tao\\ETAS_PSCM_BSW12-V1.0_CodeGen\\So
                            urcecode\\Integration\\base_package\\os\\Memmap -IC:\\Users\\XBDZ\\Desktop\\Tao\\ETAS_PSCM_BSW12-V1.0_Co
                            deGen\\Sourcecode\\Integration\\base_package\\rte\\Memmap -IC:\\Users\\XBDZ\\Desktop\\Tao\\ETAS_PSCM_BSW
                            12-V1.0_CodeGen\\Sourcecode\\Integration\\base_package\\rte\\inc -IC:\\Users\\XBDZ\\Desktop\\Tao\\ETAS_P
                            SCM_BSW12-V1.0_CodeGen\\Sourcecode\\Integration\\BSW\\integration -IC:\\Users\\XBDZ\\Desktop\\Tao\\ETAS_
                            PSCM_BSW12-V1.0_CodeGen\\Sourcecode\\bsw\\Platform -IC:\\Users\\XBDZ\\Desktop\\Tao\\ETAS_PSCM_BSW12-V1.0
                            _CodeGen\\Sourcecode\\rte\\gen -IC:\\Users\\XBDZ\\Desktop\\Tao\\ETAS_PSCM_BSW12-V1.0_CodeGen\\Sourcecode
                            \\Integration\\base_package\\os\\inc -IC:\\Users\\XBDZ\\Desktop\\Tao\\ETAS_PSCM_BSW12-V1.0_CodeGen\\Sour
                            cecode\\Integration\\mcal_package\\Memmap -IC:\\Users\\XBDZ\\Desktop\\Tao\\ETAS_PSCM_BSW12-V1.0_CodeGen\
                            \Sourcecode\\Integration\\mcal_package\\TargetIntegration\\TC36x\\Include -IC:\\Users\\XBDZ\\Desktop\\Ta
                            o\\ETAS_PSCM_BSW12-V1.0_CodeGen\\Sourcecode\\os\\Gen -w588 -w560 -t3 -N0 -OacefgIklmnopRsuvwy -Y0 -Z0 --
                            immediate-in-code --switch=linear -o cc33504a.src C:\\Users\\XBDZ\\AppData\\Local\\Temp\\rta_RTAOS_63854
                            4938899294634_3340401\\NextScheduleTable.c"
                          4         .compiler_name          "ctc"
                          5         ;source 'C:\\Users\\XBDZ\\AppData\\Local\\Temp\\rta_RTAOS_638544938899294634_3340401\\NextSchedu
                            leTable.c'
                          6 
                          7         
                          8 $TC162
                          9         
                         10         .sdecl  '.text.NextScheduleTable.Os_NextScheduleTable',code
0000                     11         .sect   '.text.NextScheduleTable.Os_NextScheduleTable'
                         12         .align  2
                         13         
                         14         .global Os_NextScheduleTable
                         15 ; Function Os_NextScheduleTable
0000                     16 Os_NextScheduleTable:   .type   func
0000 8208      1    1    17         mov     d8,#0
0002 4056      1    2    18         mov.aa  a6,a5
0004 4DC0E29F  1    3    19         mfcr    d9,#65068
0008 0D004003  1    4    20         disable
000C BBF000F8  1    5    21         mov.u   d15,#32783
0010 CDCFE20F  1    6    22         mtcr    #65068,d15
0014 0D00C004  1    7    23         isync
                         24         
0018 91r0rr5r  1    8    25         movh.a  a5,#@his(Os_lock_alarmaccess)
001C D955rrrr  1    9    26         lea     a5,[a5]@los(Os_lock_alarmaccess)
0020 3C09      1   10    27         j       .L2
0022                     28 .L3:
0022 0000      1   11    29         nop
0024 0000      1   12    30         nop
0026 0000      1   13    31         nop
0028 0000      1   14    32         nop
002A 0000      1   15    33         nop
002C 0000      1   16    34         nop
002E 0000      1   17    35         nop
0030 0000      1   18    36         nop
0032                     37 .L2:
0032 DA01      1   19    38         mov     d15,#1
0034 495F0008  1   20    39         swap.w  [a5]0,d15
0038 EEF5      1   21    40         jne     d15,#0,.L3
003A D44F      1   22    41         ld.a    a15,[a4]
003C 482F      1   23    42         ld.w    d15,[a15]8
003E EE04      1   24    43         jne     d15,#0,.L4
0040 D46F      1   25    44         ld.a    a15,[a6]
0042 DA00      1   26    45         mov     d15,#0
0044 6CF2      1   27    46         st.w    [a15]8,d15
0046                     47 .L4:
0046 D44F      1   28    48         ld.a    a15,[a4]
0048 482F      1   29    49         ld.w    d15,[a15]8
004A 6E02      1   30    50         jeq     d15,#0,.L5
004C 5E1C      1   31    51         jne     d15,#1,.L6
004E                     52 .L5:
004E 8258      1   32    53         mov     d8,#5
TASKING VX-toolset for TriCore: assembler v6.3r1 Build 19041558
                                                                                                                           Page   2

ADDR CODE      CYCLES  LINE SOURCE LINE
0050 0D008004  1   33    54         dsync
0054 A00F      1   34    55         mov.a   a15,#0
0056 F45F      1   35    56         st.a    [a5],a15
0058 0D008004  1   36    57         dsync
005C 0284      1   37    58         mov     d4,d8
005E 6Drrrrrr  2   39    59         call    Os_ErrorLog
0062 3C15      1   40    60         j       .L7
0064                     61 .L6:
0064 C812      1   41    62         ld.a    a2,[a15]4
0066 BC24      1   42    63         jz.a    a2,.L8
0068 D42F      1   43    64         ld.a    a15,[a2]
006A DA00      1   44    65         mov     d15,#0
006C 6CF2      1   45    66         st.w    [a15]8,d15
006E                     67 .L8:
006E D44F      1   46    68         ld.a    a15,[a4]
0070 E816      1   47    69         st.a    [a15]4,a6
0072 D46F      1   48    70         ld.a    a15,[a6]
0074 DA01      1   49    71         mov     d15,#1
0076 6CF2      1   50    72         st.w    [a15]8,d15
0078 D46F      1   51    73         ld.a    a15,[a6]
007A 096F0A09  1   52    74         ld.w    d15,[a6]10
007E 6CF3      1   53    75         st.w    [a15]12,d15
0080 0D008004  1   54    76         dsync
0084 A00F      1   55    77         mov.a   a15,#0
0086 F45F      1   56    78         st.a    [a5],a15
0088 0D008004  1   57    79         dsync
008C                     80 .L7:
008C CDC9E20F  1   58    81         mtcr    #65068,d9
0090 0D00C004  1   59    82         isync
                         83         
0094 0282      1   60    84         mov     d2,d8
0096 0090      2   62    85         ret
                         86         
0098                     87 __Os_NextScheduleTable_function_end:
                         88         .size   Os_NextScheduleTable,__Os_NextScheduleTable_function_end-Os_NextScheduleTable
                         89         ; End of function
                         90         
                         91         .calls  'Os_NextScheduleTable','Os_ErrorLog'
                         92         .extern Os_lock_alarmaccess
                         93         .extern Os_ErrorLog
                         94         .calls  'Os_NextScheduleTable','',0
                         95         ; Module end
