TASKING VX-toolset for TriCore: assembler v6.3r1 Build 19041558
                                                                                                                           Page   1

ADDR CODE      CYCLES  LINE SOURCE LINE
                          1         ; Module start
                          2         .compiler_version       "TASKING VX-toolset for TriCore: C compiler v6.3r1 Build 19041558 SN 731
                            18428"
                          3         .compiler_invocation    "ctc --integer-enumeration -D__CPU__=tc39x -D__CPU_TC39X__ --core=tc1.6.
                            2 --iso=99 --fp-model=+float --eabi=nw -IC:\\Users\\XBDZ\\Desktop\\Tao\\ETAS_PSCM_BSW12-V1.0_CodeGen\\So
                            urcecode\\Integration\\base_package\\os\\Memmap -IC:\\Users\\XBDZ\\Desktop\\Tao\\ETAS_PSCM_BSW12-V1.0_Co
                            deGen\\Sourcecode\\Integration\\base_package\\rte\\Memmap -IC:\\Users\\XBDZ\\Desktop\\Tao\\ETAS_PSCM_BSW
                            12-V1.0_CodeGen\\Sourcecode\\Integration\\base_package\\rte\\inc -IC:\\Users\\XBDZ\\Desktop\\Tao\\ETAS_P
                            SCM_BSW12-V1.0_CodeGen\\Sourcecode\\Integration\\BSW\\integration -IC:\\Users\\XBDZ\\Desktop\\Tao\\ETAS_
                            PSCM_BSW12-V1.0_CodeGen\\Sourcecode\\bsw\\Platform -IC:\\Users\\XBDZ\\Desktop\\Tao\\ETAS_PSCM_BSW12-V1.0
                            _CodeGen\\Sourcecode\\rte\\gen -IC:\\Users\\XBDZ\\Desktop\\Tao\\ETAS_PSCM_BSW12-V1.0_CodeGen\\Sourcecode
                            \\Integration\\base_package\\os\\inc -IC:\\Users\\XBDZ\\Desktop\\Tao\\ETAS_PSCM_BSW12-V1.0_CodeGen\\Sour
                            cecode\\Integration\\mcal_package\\Memmap -IC:\\Users\\XBDZ\\Desktop\\Tao\\ETAS_PSCM_BSW12-V1.0_CodeGen\
                            \Sourcecode\\Integration\\mcal_package\\TargetIntegration\\TC36x\\Include -IC:\\Users\\XBDZ\\Desktop\\Ta
                            o\\ETAS_PSCM_BSW12-V1.0_CodeGen\\Sourcecode\\os\\Gen -w588 -w560 -t3 -N0 -OacefgIklmnopRsuvwy -Y0 -Z0 --
                            immediate-in-code --switch=linear -o cc33452a.src C:\\Users\\XBDZ\\AppData\\Local\\Temp\\rta_RTAOS_63854
                            4938899294634_3340401\\Os_GetCurrentTPL.c"
                          4         .compiler_name          "ctc"
                          5         ;source 'C:\\Users\\XBDZ\\AppData\\Local\\Temp\\rta_RTAOS_638544938899294634_3340401\\Os_GetCurr
                            entTPL.c'
                          6 
                          7         
                          8 $TC162
                          9         
                         10         .sdecl  '.text.Os_GetCurrentTPL.Os_GetCurrentTPL',code
0000                     11         .sect   '.text.Os_GetCurrentTPL.Os_GetCurrentTPL'
                         12         .align  2
                         13         
                         14         .global Os_GetCurrentTPL
                         15 ; Function Os_GetCurrentTPL
0000                     16 Os_GetCurrentTPL:       .type   func
0000 4DC0E1FF  1    1    17         mfcr    d15,#65052
0004 538F21F0  3    4    18         mul     d15,d15,#24
0008 91r0rrFr  1    5    19         movh.a  a15,#@his(Os_const_coreconfiguration)
000C D9FFrrrr  1    6    20         lea     a15,[a15]@los(Os_const_coreconfiguration)
0010 10FF      1    7    21         addsc.a a15,a15,d15,#0
0012 09FFD408  1    8    22         ld.hu   d15,[a15]20
0016 6E03      1    9    23         jeq     d15,#0,.L2
0018 9E11      1   10    24         jeq     d15,#1,.L3
001A 3C21      1   11    25         j       .L4
001C                     26 .L2:
001C 91r0rrFr  1   12    27         movh.a  a15,#@his(Os_ControlledCoreInfo)
0020 D9FFrrrr  1   13    28         lea     a15,[a15]@los(Os_ControlledCoreInfo)
0024 483F      1   14    29         ld.w    d15,[a15]12
0026 EE04      1   15    30         jne     d15,#0,.L5
0028 BBF0FF2F  1   16    31         mov.u   d2,#65535
002C 0090      2   18    32         ret
002E                     33 .L5:
002E 486F      1   19    34         ld.w    d15,[a15]24
0030 0F0FB0F1  1   20    35         clz     d15,d15
0034 8BFF0121  1   21    36         rsub    d2,d15,#31
0038 0090      2   23    37         ret
003A                     38 .L3:
003A 91r0rrFr  1   24    39         movh.a  a15,#@his(Os_ControlledCoreInfo)
003E D9FFrrrr  1   25    40         lea     a15,[a15]@los(Os_ControlledCoreInfo)
0042 09FF2C19  1   26    41         ld.w    d15,[a15]108
0046 EE04      1   27    42         jne     d15,#0,.L8
0048 BBF0FF2F  1   28    43         mov.u   d2,#65535
004C 0090      2   30    44         ret
004E                     45 .L8:
004E 09FF3819  1   31    46         ld.w    d15,[a15]120
0052 0F0FB0F1  1   32    47         clz     d15,d15
0056 8BFF0121  1   33    48         rsub    d2,d15,#31
005A 0090      2   35    49         ret
005C                     50 .L4:
005C BBF0FF2F  1   36    51         mov.u   d2,#65535
0060 0090      2   38    52         ret
                         53         
TASKING VX-toolset for TriCore: assembler v6.3r1 Build 19041558
                                                                                                                           Page   2

ADDR CODE      CYCLES  LINE SOURCE LINE
0062                     54 __Os_GetCurrentTPL_function_end:
                         55         .size   Os_GetCurrentTPL,__Os_GetCurrentTPL_function_end-Os_GetCurrentTPL
                         56         ; End of function
                         57         
                         58         .extern Os_const_coreconfiguration
                         59         .extern Os_ControlledCoreInfo
                         60         .calls  'Os_GetCurrentTPL','',0
                         61         ; Module end
