TASKING VX-toolset for TriCore: assembler v6.3r1 Build 19041558
                                                                                                                           Page   1

ADDR CODE      CYCLES  LINE SOURCE LINE
                          1         ; Module start
                          2         .compiler_version       "TASKING VX-toolset for TriCore: C compiler v6.3r1 Build 19041558 SN 731
                            18428"
                          3         .compiler_invocation    "ctc --integer-enumeration -D__CPU__=tc39x -D__CPU_TC39X__ --core=tc1.6.
                            2 --iso=99 --fp-model=+float --eabi=nw -IC:\\Users\\XBDZ\\Desktop\\Tao\\ETAS_PSCM_BSW12-V1.0_CodeGen\\So
                            urcecode\\Integration\\base_package\\os\\Memmap -IC:\\Users\\XBDZ\\Desktop\\Tao\\ETAS_PSCM_BSW12-V1.0_Co
                            deGen\\Sourcecode\\Integration\\base_package\\rte\\Memmap -IC:\\Users\\XBDZ\\Desktop\\Tao\\ETAS_PSCM_BSW
                            12-V1.0_CodeGen\\Sourcecode\\Integration\\base_package\\rte\\inc -IC:\\Users\\XBDZ\\Desktop\\Tao\\ETAS_P
                            SCM_BSW12-V1.0_CodeGen\\Sourcecode\\Integration\\BSW\\integration -IC:\\Users\\XBDZ\\Desktop\\Tao\\ETAS_
                            PSCM_BSW12-V1.0_CodeGen\\Sourcecode\\bsw\\Platform -IC:\\Users\\XBDZ\\Desktop\\Tao\\ETAS_PSCM_BSW12-V1.0
                            _CodeGen\\Sourcecode\\rte\\gen -IC:\\Users\\XBDZ\\Desktop\\Tao\\ETAS_PSCM_BSW12-V1.0_CodeGen\\Sourcecode
                            \\Integration\\base_package\\os\\inc -IC:\\Users\\XBDZ\\Desktop\\Tao\\ETAS_PSCM_BSW12-V1.0_CodeGen\\Sour
                            cecode\\Integration\\mcal_package\\Memmap -IC:\\Users\\XBDZ\\Desktop\\Tao\\ETAS_PSCM_BSW12-V1.0_CodeGen\
                            \Sourcecode\\Integration\\mcal_package\\TargetIntegration\\TC36x\\Include -IC:\\Users\\XBDZ\\Desktop\\Ta
                            o\\ETAS_PSCM_BSW12-V1.0_CodeGen\\Sourcecode\\os\\Gen -w588 -w560 -t3 -N0 -OacefgIklmnopRsuvwy -Y0 -Z0 --
                            immediate-in-code --switch=linear -o cc30564a.src C:\\Users\\XBDZ\\AppData\\Local\\Temp\\rta_RTAOS_63854
                            4938899294634_3340401\\Os_TrapInit.c"
                          4         .compiler_name          "ctc"
                          5         ;source 'C:\\Users\\XBDZ\\AppData\\Local\\Temp\\rta_RTAOS_638544938899294634_3340401\\Os_TrapIni
                            t.c'
                          6 
                          7         
                          8 $TC162
                          9         
                         10         .sdecl  '.text.Os_TrapInit.Os_InitializeTrapTable',code
0000                     11         .sect   '.text.Os_TrapInit.Os_InitializeTrapTable'
                         12         .align  2
                         13         
                         14         .global Os_InitializeTrapTable
                         15 ; Function Os_InitializeTrapTable
0000                     16 Os_InitializeTrapTable: .type   func
0000 91r0rrFr  1    1    17         movh.a  a15,#@his(Os_TrapVectorTable)
0004 D9FFrrrr  1    2    18         lea     a15,[a15]@los(Os_TrapVectorTable)
0008 80FF      1    3    19         mov.d   d15,a15
000A CD4FE20F  1    4    20         mtcr    #65060,d15
000E 0D00C004  1    5    21         isync
0012 91r0rrFr  1    6    22         movh.a  a15,#@his(_lc_u_trap_tab)
0016 D9FFrrrr  1    7    23         lea     a15,[a15]@los(_lc_u_trap_tab)
001A 80FF      1    8    24         mov.d   d15,a15
001C CD4FE20F  1    9    25         mtcr    #65060,d15
0020 0D00C004  1   10    26         isync
0024 0090      2   12    27         ret
                         28         
0026                     29 __Os_InitializeTrapTable_function_end:
                         30         .size   Os_InitializeTrapTable,__Os_InitializeTrapTable_function_end-Os_InitializeTrapTable
                         31         ; End of function
                         32         
                         33         .extern _lc_u_trap_tab
                         34         .extern Os_TrapVectorTable
                         35         .calls  'Os_InitializeTrapTable','',0
                         36         ; Module end
