TASKING VX-toolset for TriCore: assembler v6.3r1 Build 19041558
                                                                                                                           Page   1

ADDR CODE      CYCLES  LINE SOURCE LINE
                          1         ; Module start
                          2         .compiler_version       "TASKING VX-toolset for TriCore: C compiler v6.3r1 Build 19041558 SN 731
                            18428"
                          3         .compiler_invocation    "ctc --integer-enumeration -D__CPU__=tc39x -D__CPU_TC39X__ --core=tc1.6.
                            2 --iso=99 --fp-model=+float --eabi=nw -IC:\\Users\\XBDZ\\Desktop\\Tao\\ETAS_PSCM_BSW12-V1.0_CodeGen\\So
                            urcecode\\Integration\\base_package\\os\\Memmap -IC:\\Users\\XBDZ\\Desktop\\Tao\\ETAS_PSCM_BSW12-V1.0_Co
                            deGen\\Sourcecode\\Integration\\base_package\\rte\\Memmap -IC:\\Users\\XBDZ\\Desktop\\Tao\\ETAS_PSCM_BSW
                            12-V1.0_CodeGen\\Sourcecode\\Integration\\base_package\\rte\\inc -IC:\\Users\\XBDZ\\Desktop\\Tao\\ETAS_P
                            SCM_BSW12-V1.0_CodeGen\\Sourcecode\\Integration\\BSW\\integration -IC:\\Users\\XBDZ\\Desktop\\Tao\\ETAS_
                            PSCM_BSW12-V1.0_CodeGen\\Sourcecode\\bsw\\Platform -IC:\\Users\\XBDZ\\Desktop\\Tao\\ETAS_PSCM_BSW12-V1.0
                            _CodeGen\\Sourcecode\\rte\\gen -IC:\\Users\\XBDZ\\Desktop\\Tao\\ETAS_PSCM_BSW12-V1.0_CodeGen\\Sourcecode
                            \\Integration\\base_package\\os\\inc -IC:\\Users\\XBDZ\\Desktop\\Tao\\ETAS_PSCM_BSW12-V1.0_CodeGen\\Sour
                            cecode\\Integration\\mcal_package\\Memmap -IC:\\Users\\XBDZ\\Desktop\\Tao\\ETAS_PSCM_BSW12-V1.0_CodeGen\
                            \Sourcecode\\Integration\\mcal_package\\TargetIntegration\\TC36x\\Include -IC:\\Users\\XBDZ\\Desktop\\Ta
                            o\\ETAS_PSCM_BSW12-V1.0_CodeGen\\Sourcecode\\os\\Gen -w588 -w560 -t3 -N0 -OacefgIklmnopRsuvwy -Y0 -Z0 --
                            immediate-in-code --switch=linear -o cc31864a.src C:\\Users\\XBDZ\\AppData\\Local\\Temp\\rta_RTAOS_63854
                            4938899294634_3340401\\Os_VectorInit.c"
                          4         .compiler_name          "ctc"
                          5         ;source 'C:\\Users\\XBDZ\\AppData\\Local\\Temp\\rta_RTAOS_638544938899294634_3340401\\Os_VectorI
                            nit.c'
                          6 
                          7         
                          8 $TC162
                          9         
                         10         .sdecl  '.text.Os_VectorInit.Os_InitializeInterruptTable',code
0000                     11         .sect   '.text.Os_VectorInit.Os_InitializeInterruptTable'
                         12         .align  2
                         13         
                         14         .global Os_InitializeInterruptTable
                         15 ; Function Os_InitializeInterruptTable
0000                     16 Os_InitializeInterruptTable:    .type   func
0000 4DC0E1FF  1    1    17         mfcr    d15,#65052
0004 6E03      1    2    18         jeq     d15,#0,.L2
0006 1E1E      1    3    19         jeq     d15,#1,.L3
0008 0090      2    5    20         ret
000A                     21 .L2:
000A 6Drrrrrr  2    7    22         call    Os_InitializeServiceRequests
000E 91r0rrFr  1    8    23         movh.a  a15,#@his(Os_InterruptVectorTable0)
0012 D9FFrrrr  1    9    24         lea     a15,[a15]@los(Os_InterruptVectorTable0)
0016 80FF      1   10    25         mov.d   d15,a15
0018 CD0FE20F  1   11    26         mtcr    #65056,d15
001C 0D00C004  1   12    27         isync
0020 0090      2   14    28         ret
0022                     29 .L3:
0022 91r0rrFr  1   15    30         movh.a  a15,#@his(Os_InterruptVectorTable1)
0026 D9FFrrrr  1   16    31         lea     a15,[a15]@los(Os_InterruptVectorTable1)
002A 80FF      1   17    32         mov.d   d15,a15
002C CD0FE20F  1   18    33         mtcr    #65056,d15
0030 0D00C004  1   19    34         isync
0034 0090      2   21    35         ret
                         36         
0036                     37 __Os_InitializeInterruptTable_function_end:
                         38         .size   Os_InitializeInterruptTable,__Os_InitializeInterruptTable_function_end-Os_InitializeInte
                            rruptTable
                         39         ; End of function
                         40         
                         41         .calls  'Os_InitializeInterruptTable','Os_InitializeServiceRequests'
                         42         .extern Os_InitializeServiceRequests
                         43         .extern Os_InterruptVectorTable0
                         44         .extern Os_InterruptVectorTable1
                         45         .calls  'Os_InitializeInterruptTable','',0
                         46         ; Module end
