TASKING VX-toolset for TriCore: assembler v6.3r1 Build 19041558
                                                                                                                           Page   1

ADDR CODE      CYCLES  LINE SOURCE LINE
                          1         ; Module start
                          2         .compiler_version       "TASKING VX-toolset for TriCore: C compiler v6.3r1 Build 19041558 SN 731
                            18428"
                          3         .compiler_invocation    "ctc --integer-enumeration -D__CPU__=tc39x -D__CPU_TC39X__ --core=tc1.6.
                            2 --iso=99 --fp-model=+float --eabi=nw -IC:\\Users\\XBDZ\\Desktop\\Tao\\ETAS_PSCM_BSW12-V1.0_CodeGen\\So
                            urcecode\\Integration\\base_package\\os\\Memmap -IC:\\Users\\XBDZ\\Desktop\\Tao\\ETAS_PSCM_BSW12-V1.0_Co
                            deGen\\Sourcecode\\Integration\\base_package\\rte\\Memmap -IC:\\Users\\XBDZ\\Desktop\\Tao\\ETAS_PSCM_BSW
                            12-V1.0_CodeGen\\Sourcecode\\Integration\\base_package\\rte\\inc -IC:\\Users\\XBDZ\\Desktop\\Tao\\ETAS_P
                            SCM_BSW12-V1.0_CodeGen\\Sourcecode\\Integration\\BSW\\integration -IC:\\Users\\XBDZ\\Desktop\\Tao\\ETAS_
                            PSCM_BSW12-V1.0_CodeGen\\Sourcecode\\bsw\\Platform -IC:\\Users\\XBDZ\\Desktop\\Tao\\ETAS_PSCM_BSW12-V1.0
                            _CodeGen\\Sourcecode\\rte\\gen -IC:\\Users\\XBDZ\\Desktop\\Tao\\ETAS_PSCM_BSW12-V1.0_CodeGen\\Sourcecode
                            \\Integration\\base_package\\os\\inc -IC:\\Users\\XBDZ\\Desktop\\Tao\\ETAS_PSCM_BSW12-V1.0_CodeGen\\Sour
                            cecode\\Integration\\mcal_package\\Memmap -IC:\\Users\\XBDZ\\Desktop\\Tao\\ETAS_PSCM_BSW12-V1.0_CodeGen\
                            \Sourcecode\\Integration\\mcal_package\\TargetIntegration\\TC36x\\Include -IC:\\Users\\XBDZ\\Desktop\\Ta
                            o\\ETAS_PSCM_BSW12-V1.0_CodeGen\\Sourcecode\\os\\Gen -w588 -w560 -t3 -N0 -OacefgIklmnopRsuvwy -Y0 -Z0 --
                            immediate-in-code --switch=linear -o cc34220a.src C:\\Users\\XBDZ\\AppData\\Local\\Temp\\rta_RTAOS_63854
                            4938899294634_3340401\\ReadPeripheral.c"
                          4         .compiler_name          "ctc"
                          5         ;source 'C:\\Users\\XBDZ\\AppData\\Local\\Temp\\rta_RTAOS_638544938899294634_3340401\\ReadPeriph
                            eral.c'
                          6 
                          7         
                          8 $TC162
                          9         
                         10         .sdecl  '.text.ReadPeripheral.Os_ReadPeripheral8',code
0000                     11         .sect   '.text.ReadPeripheral.Os_ReadPeripheral8'
                         12         .align  2
                         13         
                         14         .global Os_ReadPeripheral8
                         15 ; Function Os_ReadPeripheral8
0000                     16 Os_ReadPeripheral8:     .type   func
0000 4DC0E2FF  1    1    17         mfcr    d15,#65068
0004 0D004003  1    2    18         disable
0008 BBF00008  1    3    19         mov.u   d0,#32783
000C CDC0E20F  1    4    20         mtcr    #65068,d0
0010 0D00C004  1    5    21         isync
                         22         
0014 1440      1    6    23         ld.bu   d0,[a4]
0016 3450      1    7    24         st.b    [a5],d0
0018 CDCFE20F  1    8    25         mtcr    #65068,d15
001C 0D00C004  1    9    26         isync
                         27         
0020 8202      1   10    28         mov     d2,#0
0022 0090      2   12    29         ret
                         30         
0024                     31 __Os_ReadPeripheral8_function_end:
                         32         .size   Os_ReadPeripheral8,__Os_ReadPeripheral8_function_end-Os_ReadPeripheral8
                         33         ; End of function
                         34         
                         35         .sdecl  '.text.ReadPeripheral.Os_ReadPeripheral16',code
0000                     36         .sect   '.text.ReadPeripheral.Os_ReadPeripheral16'
                         37         .align  2
                         38         
                         39         .global Os_ReadPeripheral16
                         40 ; Function Os_ReadPeripheral16
0000                     41 Os_ReadPeripheral16:    .type   func
0000 4DC0E2FF  1    1    42         mfcr    d15,#65068
0004 0D004003  1    2    43         disable
0008 BBF00008  1    3    44         mov.u   d0,#32783
000C CDC0E20F  1    4    45         mtcr    #65068,d0
0010 0D00C004  1    5    46         isync
                         47         
0014 0940C008  1    6    48         ld.hu   d0,[a4]0
0018 B450      1    7    49         st.h    [a5],d0
001A CDCFE20F  1    8    50         mtcr    #65068,d15
001E 0D00C004  1    9    51         isync
                         52         
0022 8202      1   10    53         mov     d2,#0
TASKING VX-toolset for TriCore: assembler v6.3r1 Build 19041558
                                                                                                                           Page   2

ADDR CODE      CYCLES  LINE SOURCE LINE
0024 0090      2   12    54         ret
                         55         
0026                     56 __Os_ReadPeripheral16_function_end:
                         57         .size   Os_ReadPeripheral16,__Os_ReadPeripheral16_function_end-Os_ReadPeripheral16
                         58         ; End of function
                         59         
                         60         .sdecl  '.text.ReadPeripheral.Os_ReadPeripheral32',code
0000                     61         .sect   '.text.ReadPeripheral.Os_ReadPeripheral32'
                         62         .align  2
                         63         
                         64         .global Os_ReadPeripheral32
                         65 ; Function Os_ReadPeripheral32
0000                     66 Os_ReadPeripheral32:    .type   func
0000 4DC0E2FF  1    1    67         mfcr    d15,#65068
0004 0D004003  1    2    68         disable
0008 BBF00008  1    3    69         mov.u   d0,#32783
000C CDC0E20F  1    4    70         mtcr    #65068,d0
0010 0D00C004  1    5    71         isync
                         72         
0014 5440      1    6    73         ld.w    d0,[a4]
0016 7450      1    7    74         st.w    [a5],d0
0018 CDCFE20F  1    8    75         mtcr    #65068,d15
001C 0D00C004  1    9    76         isync
                         77         
0020 8202      1   10    78         mov     d2,#0
0022 0090      2   12    79         ret
                         80         
0024                     81 __Os_ReadPeripheral32_function_end:
                         82         .size   Os_ReadPeripheral32,__Os_ReadPeripheral32_function_end-Os_ReadPeripheral32
                         83         ; End of function
                         84         
                         85         .calls  'Os_ReadPeripheral8','',0
                         86         .calls  'Os_ReadPeripheral16','',0
                         87         .calls  'Os_ReadPeripheral32','',0
                         88         ; Module end
