TASKING VX-toolset for TriCore: assembler v6.3r1 Build 19041558
                                                                                                                           Page   1

ADDR CODE      CYCLES  LINE SOURCE LINE
                          1         ; Module start
                          2         .compiler_version       "TASKING VX-toolset for TriCore: C compiler v6.3r1 Build 19041558 SN 731
                            18428"
                          3         .compiler_invocation    "ctc --integer-enumeration -D__CPU__=tc39x -D__CPU_TC39X__ --core=tc1.6.
                            2 --iso=99 --fp-model=+float --eabi=nw -IC:\\Users\\XBDZ\\Desktop\\Tao\\ETAS_PSCM_BSW12-V1.0_CodeGen\\So
                            urcecode\\Integration\\base_package\\os\\Memmap -IC:\\Users\\XBDZ\\Desktop\\Tao\\ETAS_PSCM_BSW12-V1.0_Co
                            deGen\\Sourcecode\\Integration\\base_package\\rte\\Memmap -IC:\\Users\\XBDZ\\Desktop\\Tao\\ETAS_PSCM_BSW
                            12-V1.0_CodeGen\\Sourcecode\\Integration\\base_package\\rte\\inc -IC:\\Users\\XBDZ\\Desktop\\Tao\\ETAS_P
                            SCM_BSW12-V1.0_CodeGen\\Sourcecode\\Integration\\BSW\\integration -IC:\\Users\\XBDZ\\Desktop\\Tao\\ETAS_
                            PSCM_BSW12-V1.0_CodeGen\\Sourcecode\\bsw\\Platform -IC:\\Users\\XBDZ\\Desktop\\Tao\\ETAS_PSCM_BSW12-V1.0
                            _CodeGen\\Sourcecode\\rte\\gen -IC:\\Users\\XBDZ\\Desktop\\Tao\\ETAS_PSCM_BSW12-V1.0_CodeGen\\Sourcecode
                            \\Integration\\base_package\\os\\inc -IC:\\Users\\XBDZ\\Desktop\\Tao\\ETAS_PSCM_BSW12-V1.0_CodeGen\\Sour
                            cecode\\Integration\\mcal_package\\Memmap -IC:\\Users\\XBDZ\\Desktop\\Tao\\ETAS_PSCM_BSW12-V1.0_CodeGen\
                            \Sourcecode\\Integration\\mcal_package\\TargetIntegration\\TC36x\\Include -IC:\\Users\\XBDZ\\Desktop\\Ta
                            o\\ETAS_PSCM_BSW12-V1.0_CodeGen\\Sourcecode\\os\\Gen -w588 -w560 -t3 -N0 -OacefgIklmnopRsuvwy -Y0 -Z0 --
                            immediate-in-code --switch=linear -o cc30688a.src C:\\Users\\XBDZ\\AppData\\Local\\Temp\\rta_RTAOS_63854
                            4938899294634_3340401\\ReleaseResource.c"
                          4         .compiler_name          "ctc"
                          5         ;source 'C:\\Users\\XBDZ\\AppData\\Local\\Temp\\rta_RTAOS_638544938899294634_3340401\\ReleaseRes
                            ource.c'
                          6 
                          7         
                          8 $TC162
                          9         
                         10         .sdecl  '.text.ReleaseResource.Os_ReleaseResource',code
0000                     11         .sect   '.text.ReleaseResource.Os_ReleaseResource'
                         12         .align  2
                         13         
                         14         .global Os_ReleaseResource
                         15 ; Function Os_ReleaseResource
0000                     16 Os_ReleaseResource:     .type   func
0000 4DC0E1FF  1    1    17         mfcr    d15,#65052
0004 538F21F0  3    4    18         mul     d15,d15,#24
0008 91r0rrFr  1    5    19         movh.a  a15,#@his(Os_const_coreconfiguration)
000C D9FFrrrr  1    6    20         lea     a15,[a15]@los(Os_const_coreconfiguration)
0010 10F2      1    7    21         addsc.a a2,a15,d15,#0
0012 D42F      1    8    22         ld.a    a15,[a2]
0014 4DC0E28F  1    9    23         mfcr    d8,#65068
0018 0D004003  1   10    24         disable
001C BBF000F8  1   11    25         mov.u   d15,#32783
0020 CDCFE20F  1   12    26         mtcr    #65068,d15
0024 0D00C004  1   13    27         isync
                         28         
0028 D444      1   14    29         ld.a    a4,[a4]
002A 544F      1   15    30         ld.w    d15,[a4]
002C 6CF6      1   16    31         st.w    [a15]24,d15
002E 8FF80FF1  1   17    32         and     d15,d8,#255
0032 EE09      1   18    33         jne     d15,#0,.L2
0034 4830      1   19    34         ld.w    d0,[a15]12
0036 486F      1   20    35         ld.w    d15,[a15]24
0038 0B0F30F1  1   21    36         lt.u    d15,d15,d0
003C 6E04      1   22    37         jeq     d15,#0,.L3
003E CC23      1   23    38         ld.a    a15,[a2]12
0040 2D0F0000  2   25    39         calli   a15
0044                     40 .L3:
0044                     41 .L2:
0044 CDC8E20F  1   26    42         mtcr    #65068,d8
0048 0D00C004  1   27    43         isync
                         44         
004C 8202      1   28    45         mov     d2,#0
004E 0090      2   30    46         ret
                         47         
0050                     48 __Os_ReleaseResource_function_end:
                         49         .size   Os_ReleaseResource,__Os_ReleaseResource_function_end-Os_ReleaseResource
                         50         ; End of function
                         51         
                         52         .calls  'Os_ReleaseResource','__INDIRECT__'
                         53         .extern Os_const_coreconfiguration
TASKING VX-toolset for TriCore: assembler v6.3r1 Build 19041558
                                                                                                                           Page   2

ADDR CODE      CYCLES  LINE SOURCE LINE
                         54         .extern __INDIRECT__
                         55         .calls  'Os_ReleaseResource','',0
                         56         ; Module end
