TASKING VX-toolset for TriCore: assembler v6.3r1 Build 19041558
                                                                                                                           Page   1

ADDR CODE      CYCLES  LINE SOURCE LINE
                          1         ; Module start
                          2         .compiler_version       "TASKING VX-toolset for TriCore: C compiler v6.3r1 Build 19041558 SN 731
                            18428"
                          3         .compiler_invocation    "ctc --integer-enumeration -D__CPU__=tc39x -D__CPU_TC39X__ --core=tc1.6.
                            2 --iso=99 --fp-model=+float --eabi=nw -IC:\\Users\\XBDZ\\Desktop\\Tao\\ETAS_PSCM_BSW12-V1.0_CodeGen\\So
                            urcecode\\Integration\\base_package\\os\\Memmap -IC:\\Users\\XBDZ\\Desktop\\Tao\\ETAS_PSCM_BSW12-V1.0_Co
                            deGen\\Sourcecode\\Integration\\base_package\\rte\\Memmap -IC:\\Users\\XBDZ\\Desktop\\Tao\\ETAS_PSCM_BSW
                            12-V1.0_CodeGen\\Sourcecode\\Integration\\base_package\\rte\\inc -IC:\\Users\\XBDZ\\Desktop\\Tao\\ETAS_P
                            SCM_BSW12-V1.0_CodeGen\\Sourcecode\\Integration\\BSW\\integration -IC:\\Users\\XBDZ\\Desktop\\Tao\\ETAS_
                            PSCM_BSW12-V1.0_CodeGen\\Sourcecode\\bsw\\Platform -IC:\\Users\\XBDZ\\Desktop\\Tao\\ETAS_PSCM_BSW12-V1.0
                            _CodeGen\\Sourcecode\\rte\\gen -IC:\\Users\\XBDZ\\Desktop\\Tao\\ETAS_PSCM_BSW12-V1.0_CodeGen\\Sourcecode
                            \\Integration\\base_package\\os\\inc -IC:\\Users\\XBDZ\\Desktop\\Tao\\ETAS_PSCM_BSW12-V1.0_CodeGen\\Sour
                            cecode\\Integration\\mcal_package\\Memmap -IC:\\Users\\XBDZ\\Desktop\\Tao\\ETAS_PSCM_BSW12-V1.0_CodeGen\
                            \Sourcecode\\Integration\\mcal_package\\TargetIntegration\\TC36x\\Include -IC:\\Users\\XBDZ\\Desktop\\Ta
                            o\\ETAS_PSCM_BSW12-V1.0_CodeGen\\Sourcecode\\os\\Gen -w588 -w560 -t3 -N0 -OacefgIklmnopRsuvwy -Y0 -Z0 --
                            immediate-in-code --switch=linear -o cc22204a.src C:\\Users\\XBDZ\\AppData\\Local\\Temp\\rta_RTAOS_63854
                            4938899294634_3340401\\ResetIsrMaxStackUsage.c"
                          4         .compiler_name          "ctc"
                          5         ;source 'C:\\Users\\XBDZ\\AppData\\Local\\Temp\\rta_RTAOS_638544938899294634_3340401\\ResetIsrMa
                            xStackUsage.c'
                          6 
                          7         
                          8 $TC162
                          9         
                         10         .sdecl  '.text.ResetIsrMaxStackUsage.Os_ResetISRMaxStackUsage',code
0000                     11         .sect   '.text.ResetIsrMaxStackUsage.Os_ResetISRMaxStackUsage'
                         12         .align  2
                         13         
                         14         .global Os_ResetISRMaxStackUsage
                         15 ; Function Os_ResetISRMaxStackUsage
0000                     16 Os_ResetISRMaxStackUsage:       .type   func
0000 4DC0E20F  1    1    17         mfcr    d0,#65068
0004 0D004003  1    2    18         disable
0008 BBF000F8  1    3    19         mov.u   d15,#32783
000C CDCFE20F  1    4    20         mtcr    #65068,d15
0010 0D00C004  1    5    21         isync
                         22         
0014 CC41      1    6    23         ld.a    a15,[a4]4
0016 DA00      1    7    24         mov     d15,#0
0018 6CF2      1    8    25         st.w    [a15]8,d15
001A CC41      1    9    26         ld.a    a15,[a4]4
001C 6CF3      1   10    27         st.w    [a15]12,d15
001E CC41      1   11    28         ld.a    a15,[a4]4
0020 6CF4      1   12    29         st.w    [a15]16,d15
0022 CC41      1   13    30         ld.a    a15,[a4]4
0024 6CF5      1   14    31         st.w    [a15]20,d15
0026 CDC0E20F  1   15    32         mtcr    #65068,d0
002A 0D00C004  1   16    33         isync
                         34         
002E 8202      1   17    35         mov     d2,#0
0030 0090      2   19    36         ret
                         37         
0032                     38 __Os_ResetISRMaxStackUsage_function_end:
                         39         .size   Os_ResetISRMaxStackUsage,__Os_ResetISRMaxStackUsage_function_end-Os_ResetISRMaxStackUsag
                            e
                         40         ; End of function
                         41         
                         42         .calls  'Os_ResetISRMaxStackUsage','',0
                         43         ; Module end
