TASKING VX-toolset for TriCore: assembler v6.3r1 Build 19041558
                                                                                                                           Page   1

ADDR CODE      CYCLES  LINE SOURCE LINE
                          1         ; Module start
                          2         .compiler_version       "TASKING VX-toolset for TriCore: C compiler v6.3r1 Build 19041558 SN 731
                            18428"
                          3         .compiler_invocation    "ctc --integer-enumeration -D__CPU__=tc39x -D__CPU_TC39X__ --core=tc1.6.
                            2 --iso=99 --fp-model=+float --eabi=nw -IC:\\Users\\XBDZ\\Desktop\\Tao\\ETAS_PSCM_BSW12-V1.0_CodeGen\\So
                            urcecode\\Integration\\base_package\\os\\Memmap -IC:\\Users\\XBDZ\\Desktop\\Tao\\ETAS_PSCM_BSW12-V1.0_Co
                            deGen\\Sourcecode\\Integration\\base_package\\rte\\Memmap -IC:\\Users\\XBDZ\\Desktop\\Tao\\ETAS_PSCM_BSW
                            12-V1.0_CodeGen\\Sourcecode\\Integration\\base_package\\rte\\inc -IC:\\Users\\XBDZ\\Desktop\\Tao\\ETAS_P
                            SCM_BSW12-V1.0_CodeGen\\Sourcecode\\Integration\\BSW\\integration -IC:\\Users\\XBDZ\\Desktop\\Tao\\ETAS_
                            PSCM_BSW12-V1.0_CodeGen\\Sourcecode\\bsw\\Platform -IC:\\Users\\XBDZ\\Desktop\\Tao\\ETAS_PSCM_BSW12-V1.0
                            _CodeGen\\Sourcecode\\rte\\gen -IC:\\Users\\XBDZ\\Desktop\\Tao\\ETAS_PSCM_BSW12-V1.0_CodeGen\\Sourcecode
                            \\Integration\\base_package\\os\\inc -IC:\\Users\\XBDZ\\Desktop\\Tao\\ETAS_PSCM_BSW12-V1.0_CodeGen\\Sour
                            cecode\\Integration\\mcal_package\\Memmap -IC:\\Users\\XBDZ\\Desktop\\Tao\\ETAS_PSCM_BSW12-V1.0_CodeGen\
                            \Sourcecode\\Integration\\mcal_package\\TargetIntegration\\TC36x\\Include -IC:\\Users\\XBDZ\\Desktop\\Ta
                            o\\ETAS_PSCM_BSW12-V1.0_CodeGen\\Sourcecode\\os\\Gen -w588 -w560 -t3 -N0 -OacefgIklmnopRsuvwy -Y0 -Z0 --
                            immediate-in-code --switch=linear -o cc33204a.src C:\\Users\\XBDZ\\AppData\\Local\\Temp\\rta_RTAOS_63854
                            4938899294634_3340401\\ResetTaskMaxStackUsage.c"
                          4         .compiler_name          "ctc"
                          5         ;source 'C:\\Users\\XBDZ\\AppData\\Local\\Temp\\rta_RTAOS_638544938899294634_3340401\\ResetTaskM
                            axStackUsage.c'
                          6 
                          7         
                          8 $TC162
                          9         
                         10         .sdecl  '.text.ResetTaskMaxStackUsage.Os_ResetTaskMaxStackUsage',code
0000                     11         .sect   '.text.ResetTaskMaxStackUsage.Os_ResetTaskMaxStackUsage'
                         12         .align  2
                         13         
                         14         .global Os_ResetTaskMaxStackUsage
                         15 ; Function Os_ResetTaskMaxStackUsage
0000                     16 Os_ResetTaskMaxStackUsage:      .type   func
0000 4DC0E2FF  1    1    17         mfcr    d15,#65068
0004 0D004003  1    2    18         disable
0008 BBF00008  1    3    19         mov.u   d0,#32783
000C CDC0E20F  1    4    20         mtcr    #65068,d0
0010 0D00C004  1    5    21         isync
                         22         
0014 D44F      1    6    23         ld.a    a15,[a4]
0016 8200      1    7    24         mov     d0,#0
0018 89F00C19  1    8    25         st.w    [a15]76,d0
001C D44F      1    9    26         ld.a    a15,[a4]
001E 89F01019  1   10    27         st.w    [a15]80,d0
0022 D44F      1   11    28         ld.a    a15,[a4]
0024 89F01419  1   12    29         st.w    [a15]84,d0
0028 D44F      1   13    30         ld.a    a15,[a4]
002A 89F01819  1   14    31         st.w    [a15]88,d0
002E CDCFE20F  1   15    32         mtcr    #65068,d15
0032 0D00C004  1   16    33         isync
                         34         
0036 8202      1   17    35         mov     d2,#0
0038 0090      2   19    36         ret
                         37         
003A                     38 __Os_ResetTaskMaxStackUsage_function_end:
                         39         .size   Os_ResetTaskMaxStackUsage,__Os_ResetTaskMaxStackUsage_function_end-Os_ResetTaskMaxStackU
                            sage
                         40         ; End of function
                         41         
                         42         .calls  'Os_ResetTaskMaxStackUsage','',0
                         43         ; Module end
