TASKING VX-toolset for TriCore: assembler v6.3r1 Build 19041558
                                                                                                                           Page   1

ADDR CODE      CYCLES  LINE SOURCE LINE
                          1         ; Module start
                          2         .compiler_version       "TASKING VX-toolset for TriCore: C compiler v6.3r1 Build 19041558 SN 731
                            18428"
                          3         .compiler_invocation    "ctc --integer-enumeration -D__CPU__=tc39x -D__CPU_TC39X__ --core=tc1.6.
                            2 --iso=99 --fp-model=+float --eabi=nw -IC:\\Users\\XBDZ\\Desktop\\Tao\\ETAS_PSCM_BSW12-V1.0_CodeGen\\So
                            urcecode\\Integration\\base_package\\os\\Memmap -IC:\\Users\\XBDZ\\Desktop\\Tao\\ETAS_PSCM_BSW12-V1.0_Co
                            deGen\\Sourcecode\\Integration\\base_package\\rte\\Memmap -IC:\\Users\\XBDZ\\Desktop\\Tao\\ETAS_PSCM_BSW
                            12-V1.0_CodeGen\\Sourcecode\\Integration\\base_package\\rte\\inc -IC:\\Users\\XBDZ\\Desktop\\Tao\\ETAS_P
                            SCM_BSW12-V1.0_CodeGen\\Sourcecode\\Integration\\BSW\\integration -IC:\\Users\\XBDZ\\Desktop\\Tao\\ETAS_
                            PSCM_BSW12-V1.0_CodeGen\\Sourcecode\\bsw\\Platform -IC:\\Users\\XBDZ\\Desktop\\Tao\\ETAS_PSCM_BSW12-V1.0
                            _CodeGen\\Sourcecode\\rte\\gen -IC:\\Users\\XBDZ\\Desktop\\Tao\\ETAS_PSCM_BSW12-V1.0_CodeGen\\Sourcecode
                            \\Integration\\base_package\\os\\inc -IC:\\Users\\XBDZ\\Desktop\\Tao\\ETAS_PSCM_BSW12-V1.0_CodeGen\\Sour
                            cecode\\Integration\\mcal_package\\Memmap -IC:\\Users\\XBDZ\\Desktop\\Tao\\ETAS_PSCM_BSW12-V1.0_CodeGen\
                            \Sourcecode\\Integration\\mcal_package\\TargetIntegration\\TC36x\\Include -IC:\\Users\\XBDZ\\Desktop\\Ta
                            o\\ETAS_PSCM_BSW12-V1.0_CodeGen\\Sourcecode\\os\\Gen -w588 -w560 -t3 -N0 -OacefgIklmnopRsuvwy -Y0 -Z0 --
                            immediate-in-code --switch=linear -o cc34320a.src C:\\Users\\XBDZ\\AppData\\Local\\Temp\\rta_RTAOS_63854
                            4938899294634_3340401\\RestartOS.c"
                          4         .compiler_name          "ctc"
                          5         ;source 'C:\\Users\\XBDZ\\AppData\\Local\\Temp\\rta_RTAOS_638544938899294634_3340401\\RestartOS.
                            c'
                          6 
                          7         
                          8 $TC162
                          9         
                         10         .sdecl  '.text.RestartOS.Os_Restart',code
0000                     11         .sect   '.text.RestartOS.Os_Restart'
                         12         .align  2
                         13         
                         14         .global Os_Restart
                         15 ; Function Os_Restart
0000                     16 Os_Restart:     .type   func
0000 8209      1    1    17         mov     d9,#0
0002 4DC0E10F  1    2    18         mfcr    d0,#65052
0006 538021F0  3    5    19         mul     d15,d0,#24
000A 91r0rrFr  1    6    20         movh.a  a15,#@his(Os_const_coreconfiguration)
000E D9FFrrrr  1    7    21         lea     a15,[a15]@los(Os_const_coreconfiguration)
0012 10FF      1    8    22         addsc.a a15,a15,d15,#0
0014 D4F2      1    9    23         ld.a    a2,[a15]
0016 C81F      1   10    24         ld.a    a15,[a15]4
0018 4DC0E28F  1   11    25         mfcr    d8,#65068
001C 0D004003  1   12    26         disable
0020 BBF00008  1   13    27         mov.u   d0,#32783
0024 CDC0E20F  1   14    28         mtcr    #65068,d0
0028 0D00C004  1   15    29         isync
                         30         
002C 092F5E18  1   16    31         ld.bu   d15,[a2]94
0030 EE04      1   17    32         jne     d15,#0,.L2
0032 3B900190  1   18    33         mov     d9,#25
0036 3C1F      1   19    34         j       .L3
0038                     35 .L2:
0038 09FF5C18  1   20    36         ld.bu   d15,[a15]92
003C EE04      1   21    37         jne     d15,#0,.L4
003E 3B800190  1   22    38         mov     d9,#24
0042 3C19      1   23    39         j       .L5
0044                     40 .L4:
0044 0D004003  1   24    41         disable
0048 BBF00F08  1   25    42         mov.u   d0,#33023
004C CDC0E20F  1   26    43         mtcr    #65068,d0
0050 0D00C004  1   27    44         isync
                         45         
0054 91r0rr4r  1   28    46         movh.a  a4,#@his(Os_CurrentAppMode)
0058 DA00      1   29    47         mov     d15,#0
005A E94Frrrr  1   30    48         st.b    [a4]@los(Os_CurrentAppMode),d15
005E 6CF4      1   31    49         st.w    [a15]16,d15
0060 6CF5      1   32    50         st.w    [a15]20,d15
0062 6CF3      1   33    51         st.w    [a15]12,d15
0064 892F1E18  1   34    52         st.b    [a2]94,d15
0068 89FF1C18  1   35    53         st.b    [a15]92,d15
TASKING VX-toolset for TriCore: assembler v6.3r1 Build 19041558
                                                                                                                           Page   2

ADDR CODE      CYCLES  LINE SOURCE LINE
006C 49F4180A  1   36    54         lea     a4,[a15]24
0070 6Drrrrrr  2   38    55         call    Os_longjmp_ext
0074                     56 .L5:
0074                     57 .L3:
0074 CDC8E20F  1   39    58         mtcr    #65068,d8
0078 0D00C004  1   40    59         isync
                         60         
007C 0292      1   41    61         mov     d2,d9
007E 0090      2   43    62         ret
                         63         
0080                     64 __Os_Restart_function_end:
                         65         .size   Os_Restart,__Os_Restart_function_end-Os_Restart
                         66         ; End of function
                         67         
                         68         .calls  'Os_Restart','Os_longjmp_ext'
                         69         .extern Os_longjmp_ext
                         70         .extern Os_const_coreconfiguration
                         71         .extern Os_CurrentAppMode
                         72         .calls  'Os_Restart','',0
                         73         ; Module end
