TASKING VX-toolset for TriCore: assembler v6.3r1 Build 19041558
                                                                                                                           Page   1

ADDR CODE      CYCLES  LINE SOURCE LINE
                          1         ; Module start
                          2         .compiler_version       "TASKING VX-toolset for TriCore: C compiler v6.3r1 Build 19041558 SN 731
                            18428"
                          3         .compiler_invocation    "ctc --integer-enumeration -D__CPU__=tc39x -D__CPU_TC39X__ --core=tc1.6.
                            2 --iso=99 --fp-model=+float --eabi=nw -IC:\\Users\\XBDZ\\Desktop\\Tao\\ETAS_PSCM_BSW12-V1.0_CodeGen\\So
                            urcecode\\Integration\\base_package\\os\\Memmap -IC:\\Users\\XBDZ\\Desktop\\Tao\\ETAS_PSCM_BSW12-V1.0_Co
                            deGen\\Sourcecode\\Integration\\base_package\\rte\\Memmap -IC:\\Users\\XBDZ\\Desktop\\Tao\\ETAS_PSCM_BSW
                            12-V1.0_CodeGen\\Sourcecode\\Integration\\base_package\\rte\\inc -IC:\\Users\\XBDZ\\Desktop\\Tao\\ETAS_P
                            SCM_BSW12-V1.0_CodeGen\\Sourcecode\\Integration\\BSW\\integration -IC:\\Users\\XBDZ\\Desktop\\Tao\\ETAS_
                            PSCM_BSW12-V1.0_CodeGen\\Sourcecode\\bsw\\Platform -IC:\\Users\\XBDZ\\Desktop\\Tao\\ETAS_PSCM_BSW12-V1.0
                            _CodeGen\\Sourcecode\\rte\\gen -IC:\\Users\\XBDZ\\Desktop\\Tao\\ETAS_PSCM_BSW12-V1.0_CodeGen\\Sourcecode
                            \\Integration\\base_package\\os\\inc -IC:\\Users\\XBDZ\\Desktop\\Tao\\ETAS_PSCM_BSW12-V1.0_CodeGen\\Sour
                            cecode\\Integration\\mcal_package\\Memmap -IC:\\Users\\XBDZ\\Desktop\\Tao\\ETAS_PSCM_BSW12-V1.0_CodeGen\
                            \Sourcecode\\Integration\\mcal_package\\TargetIntegration\\TC36x\\Include -IC:\\Users\\XBDZ\\Desktop\\Ta
                            o\\ETAS_PSCM_BSW12-V1.0_CodeGen\\Sourcecode\\os\\Gen -w588 -w560 -t3 -N0 -OacefgIklmnopRsuvwy -Y0 -Z0 --
                            immediate-in-code --switch=linear -o cc8716a.src C:\\Users\\XBDZ\\AppData\\Local\\Temp\\rta_RTAOS_638544
                            938899294634_3340401\\ShutdownAllCores.c"
                          4         .compiler_name          "ctc"
                          5         ;source 'C:\\Users\\XBDZ\\AppData\\Local\\Temp\\rta_RTAOS_638544938899294634_3340401\\ShutdownAl
                            lCores.c'
                          6 
                          7         
                          8 $TC162
                          9         
                         10         .sdecl  '.text.ShutdownAllCores.Os_ShutdownAllCores',code
0000                     11         .sect   '.text.ShutdownAllCores.Os_ShutdownAllCores'
                         12         .align  2
                         13         
                         14         .global Os_ShutdownAllCores
                         15 ; Function Os_ShutdownAllCores
0000                     16 Os_ShutdownAllCores:    .type   func
0000 0248      1    1    17         mov     d8,d4
0002 0D004003  1    2    18         disable
0006 BBF00FF8  1    3    19         mov.u   d15,#33023
000A CDCFE20F  1    4    20         mtcr    #65068,d15
000E 0D00C004  1    5    21         isync
                         22         
0012 91r0rrFr  1    6    23         movh.a  a15,#@his(Os_ShutdownAllCores_Indicator)
0016 9A18      1    7    24         add     d15,d8,#1
0018 E9FFrrrr  1    8    25         st.b    [a15]@los(Os_ShutdownAllCores_Indicator),d15
001C 4DC0E1FF  1    9    26         mfcr    d15,#65052
0020 370F70F0  1   10    27         extr.u  d15,d15,#0,#16
0024 6E04      1   11    28         jeq     d15,#0,.L2
0026 8204      1   12    29         mov     d4,#0
0028 6Drrrrrr  2   14    30         call    Os_RaiseCrossCoreISR
002C                     31 .L2:
002C 1E14      1   15    32         jeq     d15,#1,.L3
002E 8214      1   16    33         mov     d4,#1
0030 6Drrrrrr  2   18    34         call    Os_RaiseCrossCoreISR
0034                     35 .L3:
0034 0284      1   19    36         mov     d4,d8
0036 1Drrrrrr  1   20    37         j       Os_ShutdownOS
                         38         
003A                     39 __Os_ShutdownAllCores_function_end:
                         40         .size   Os_ShutdownAllCores,__Os_ShutdownAllCores_function_end-Os_ShutdownAllCores
                         41         ; End of function
                         42         
                         43         .calls  'Os_ShutdownAllCores','Os_RaiseCrossCoreISR'
                         44         .calls  'Os_ShutdownAllCores','Os_ShutdownOS'
                         45         .extern Os_ShutdownOS
                         46         .extern Os_ShutdownAllCores_Indicator
                         47         .extern Os_RaiseCrossCoreISR
                         48         .calls  'Os_ShutdownAllCores','',0
                         49         ; Module end
