TASKING VX-toolset for TriCore: assembler v6.3r1 Build 19041558
                                                                                                                           Page   1

ADDR CODE      CYCLES  LINE SOURCE LINE
                          1         ; Module start
                          2         .compiler_version       "TASKING VX-toolset for TriCore: C compiler v6.3r1 Build 19041558 SN 731
                            18428"
                          3         .compiler_invocation    "ctc --integer-enumeration -D__CPU__=tc39x -D__CPU_TC39X__ --core=tc1.6.
                            2 --iso=99 --fp-model=+float --eabi=nw -IC:\\Users\\XBDZ\\Desktop\\Tao\\ETAS_PSCM_BSW12-V1.0_CodeGen\\So
                            urcecode\\Integration\\base_package\\os\\Memmap -IC:\\Users\\XBDZ\\Desktop\\Tao\\ETAS_PSCM_BSW12-V1.0_Co
                            deGen\\Sourcecode\\Integration\\base_package\\rte\\Memmap -IC:\\Users\\XBDZ\\Desktop\\Tao\\ETAS_PSCM_BSW
                            12-V1.0_CodeGen\\Sourcecode\\Integration\\base_package\\rte\\inc -IC:\\Users\\XBDZ\\Desktop\\Tao\\ETAS_P
                            SCM_BSW12-V1.0_CodeGen\\Sourcecode\\Integration\\BSW\\integration -IC:\\Users\\XBDZ\\Desktop\\Tao\\ETAS_
                            PSCM_BSW12-V1.0_CodeGen\\Sourcecode\\bsw\\Platform -IC:\\Users\\XBDZ\\Desktop\\Tao\\ETAS_PSCM_BSW12-V1.0
                            _CodeGen\\Sourcecode\\rte\\gen -IC:\\Users\\XBDZ\\Desktop\\Tao\\ETAS_PSCM_BSW12-V1.0_CodeGen\\Sourcecode
                            \\Integration\\base_package\\os\\inc -IC:\\Users\\XBDZ\\Desktop\\Tao\\ETAS_PSCM_BSW12-V1.0_CodeGen\\Sour
                            cecode\\Integration\\mcal_package\\Memmap -IC:\\Users\\XBDZ\\Desktop\\Tao\\ETAS_PSCM_BSW12-V1.0_CodeGen\
                            \Sourcecode\\Integration\\mcal_package\\TargetIntegration\\TC36x\\Include -IC:\\Users\\XBDZ\\Desktop\\Ta
                            o\\ETAS_PSCM_BSW12-V1.0_CodeGen\\Sourcecode\\os\\Gen -w588 -w560 -t3 -N0 -OacefgIklmnopRsuvwy -Y0 -Z0 --
                            immediate-in-code --switch=linear -o cc34116a.src C:\\Users\\XBDZ\\AppData\\Local\\Temp\\rta_RTAOS_63854
                            4938899294634_3340401\\StartCore.c"
                          4         .compiler_name          "ctc"
                          5         ;source 'C:\\Users\\XBDZ\\AppData\\Local\\Temp\\rta_RTAOS_638544938899294634_3340401\\StartCore.
                            c'
                          6 
                          7         
                          8 $TC162
                          9         
                         10         .sdecl  '.text.StartCore.Os_StartCore',code
0000                     11         .sect   '.text.StartCore.Os_StartCore'
                         12         .align  2
                         13         
                         14         .global Os_StartCore
                         15 ; Function Os_StartCore
0000                     16 Os_StartCore:   .type   func
0000 404C      1    1    17         mov.aa  a12,a4
0002 DA00      1    2    18         mov     d15,#0
0004 34CF      1    3    19         st.b    [a12],d15
0006 538421F0  3    6    20         mul     d15,d4,#24
000A 91r0rrFr  1    7    21         movh.a  a15,#@his(Os_const_coreconfiguration)
000E D9FFrrrr  1    8    22         lea     a15,[a15]@los(Os_const_coreconfiguration)
0012 10FF      1    9    23         addsc.a a15,a15,d15,#0
0014 C82F      1   10    24         ld.a    a15,[a15]8
0016 DA01      1   11    25         mov     d15,#1
0018 74FF      1   12    26         st.w    [a15],d15
001A 4DC0E1FF  1   13    27         mfcr    d15,#65052
001E 370F70F0  1   14    28         extr.u  d15,d15,#0,#16
0022 3E44      1   15    29         jeq     d15,d4,.L2
0024 6Drrrrrr  2   17    30         call    Os_Cbk_StartCore
0028 34C2      1   18    31         st.b    [a12],d2
002A                     32 .L2:
002A 0090      2   20    33         ret
                         34         
002C                     35 __Os_StartCore_function_end:
                         36         .size   Os_StartCore,__Os_StartCore_function_end-Os_StartCore
                         37         ; End of function
                         38         
                         39         .calls  'Os_StartCore','Os_Cbk_StartCore'
                         40         .extern Os_Cbk_StartCore
                         41         .extern Os_const_coreconfiguration
                         42         .calls  'Os_StartCore','',0
                         43         ; Module end
