TASKING VX-toolset for TriCore: assembler v6.3r1 Build 19041558
                                                                                                                           Page   1

ADDR CODE      CYCLES  LINE SOURCE LINE
                          1         ; Module start
                          2         .compiler_version       "TASKING VX-toolset for TriCore: C compiler v6.3r1 Build 19041558 SN 731
                            18428"
                          3         .compiler_invocation    "ctc --integer-enumeration -D__CPU__=tc39x -D__CPU_TC39X__ --core=tc1.6.
                            2 --iso=99 --fp-model=+float --eabi=nw -IC:\\Users\\XBDZ\\Desktop\\Tao\\ETAS_PSCM_BSW12-V1.0_CodeGen\\So
                            urcecode\\Integration\\base_package\\os\\Memmap -IC:\\Users\\XBDZ\\Desktop\\Tao\\ETAS_PSCM_BSW12-V1.0_Co
                            deGen\\Sourcecode\\Integration\\base_package\\rte\\Memmap -IC:\\Users\\XBDZ\\Desktop\\Tao\\ETAS_PSCM_BSW
                            12-V1.0_CodeGen\\Sourcecode\\Integration\\base_package\\rte\\inc -IC:\\Users\\XBDZ\\Desktop\\Tao\\ETAS_P
                            SCM_BSW12-V1.0_CodeGen\\Sourcecode\\Integration\\BSW\\integration -IC:\\Users\\XBDZ\\Desktop\\Tao\\ETAS_
                            PSCM_BSW12-V1.0_CodeGen\\Sourcecode\\bsw\\Platform -IC:\\Users\\XBDZ\\Desktop\\Tao\\ETAS_PSCM_BSW12-V1.0
                            _CodeGen\\Sourcecode\\rte\\gen -IC:\\Users\\XBDZ\\Desktop\\Tao\\ETAS_PSCM_BSW12-V1.0_CodeGen\\Sourcecode
                            \\Integration\\base_package\\os\\inc -IC:\\Users\\XBDZ\\Desktop\\Tao\\ETAS_PSCM_BSW12-V1.0_CodeGen\\Sour
                            cecode\\Integration\\mcal_package\\Memmap -IC:\\Users\\XBDZ\\Desktop\\Tao\\ETAS_PSCM_BSW12-V1.0_CodeGen\
                            \Sourcecode\\Integration\\mcal_package\\TargetIntegration\\TC36x\\Include -IC:\\Users\\XBDZ\\Desktop\\Ta
                            o\\ETAS_PSCM_BSW12-V1.0_CodeGen\\Sourcecode\\os\\Gen -w588 -w560 -t3 -N0 -OacefgIklmnopRsuvwy -Y0 -Z0 --
                            immediate-in-code --switch=linear -o cc32344a.src C:\\Users\\XBDZ\\AppData\\Local\\Temp\\rta_RTAOS_63854
                            4938899294634_3340401\\StartScheduleTableSynchron.c"
                          4         .compiler_name          "ctc"
                          5         ;source 'C:\\Users\\XBDZ\\AppData\\Local\\Temp\\rta_RTAOS_638544938899294634_3340401\\StartSched
                            uleTableSynchron.c'
                          6 
                          7         
                          8 $TC162
                          9         
                         10         .sdecl  '.text.StartScheduleTableSynchron.Os_StartScheduleTableSynchron',code
0000                     11         .sect   '.text.StartScheduleTableSynchron.Os_StartScheduleTableSynchron'
                         12         .align  2
                         13         
                         14         .global Os_StartScheduleTableSynchron
                         15 ; Function Os_StartScheduleTableSynchron
0000                     16 Os_StartScheduleTableSynchron:  .type   func
0000 4DC0E2FF  1    1    17         mfcr    d15,#65068
0004 0D004003  1    2    18         disable
0008 BBF00008  1    3    19         mov.u   d0,#32783
000C CDC0E20F  1    4    20         mtcr    #65068,d0
0010 0D00C004  1    5    21         isync
                         22         
0014 8234      1    6    23         mov     d4,#3
0016 6Drrrrrr  2    8    24         call    Os_ErrorLog
001A CDCFE20F  1    9    25         mtcr    #65068,d15
001E 0D00C004  1   10    26         isync
                         27         
0022 8232      1   11    28         mov     d2,#3
0024 0090      2   13    29         ret
                         30         
0026                     31 __Os_StartScheduleTableSynchron_function_end:
                         32         .size   Os_StartScheduleTableSynchron,__Os_StartScheduleTableSynchron_function_end-Os_StartSched
                            uleTableSynchron
                         33         ; End of function
                         34         
                         35         .calls  'Os_StartScheduleTableSynchron','Os_ErrorLog'
                         36         .extern Os_ErrorLog
                         37         .calls  'Os_StartScheduleTableSynchron','',0
                         38         ; Module end
