TASKING VX-toolset for TriCore: assembler v6.3r1 Build 19041558
                                                                                                                           Page   1

ADDR CODE      CYCLES  LINE SOURCE LINE
                          1         ; Module start
                          2         .compiler_version       "TASKING VX-toolset for TriCore: C compiler v6.3r1 Build 19041558 SN 731
                            18428"
                          3         .compiler_invocation    "ctc --integer-enumeration -D__CPU__=tc39x -D__CPU_TC39X__ --core=tc1.6.
                            2 --iso=99 --fp-model=+float --eabi=nw -IC:\\Users\\XBDZ\\Desktop\\Tao\\ETAS_PSCM_BSW12-V1.0_CodeGen\\So
                            urcecode\\Integration\\base_package\\os\\Memmap -IC:\\Users\\XBDZ\\Desktop\\Tao\\ETAS_PSCM_BSW12-V1.0_Co
                            deGen\\Sourcecode\\Integration\\base_package\\rte\\Memmap -IC:\\Users\\XBDZ\\Desktop\\Tao\\ETAS_PSCM_BSW
                            12-V1.0_CodeGen\\Sourcecode\\Integration\\base_package\\rte\\inc -IC:\\Users\\XBDZ\\Desktop\\Tao\\ETAS_P
                            SCM_BSW12-V1.0_CodeGen\\Sourcecode\\Integration\\BSW\\integration -IC:\\Users\\XBDZ\\Desktop\\Tao\\ETAS_
                            PSCM_BSW12-V1.0_CodeGen\\Sourcecode\\bsw\\Platform -IC:\\Users\\XBDZ\\Desktop\\Tao\\ETAS_PSCM_BSW12-V1.0
                            _CodeGen\\Sourcecode\\rte\\gen -IC:\\Users\\XBDZ\\Desktop\\Tao\\ETAS_PSCM_BSW12-V1.0_CodeGen\\Sourcecode
                            \\Integration\\base_package\\os\\inc -IC:\\Users\\XBDZ\\Desktop\\Tao\\ETAS_PSCM_BSW12-V1.0_CodeGen\\Sour
                            cecode\\Integration\\mcal_package\\Memmap -IC:\\Users\\XBDZ\\Desktop\\Tao\\ETAS_PSCM_BSW12-V1.0_CodeGen\
                            \Sourcecode\\Integration\\mcal_package\\TargetIntegration\\TC36x\\Include -IC:\\Users\\XBDZ\\Desktop\\Ta
                            o\\ETAS_PSCM_BSW12-V1.0_CodeGen\\Sourcecode\\os\\Gen -w588 -w560 -t3 -N0 -OacefgIklmnopRsuvwy -Y0 -Z0 --
                            immediate-in-code --switch=linear -o cc34020a.src C:\\Users\\XBDZ\\AppData\\Local\\Temp\\rta_RTAOS_63854
                            4938899294634_3340401\\StopScheduleTable.c"
                          4         .compiler_name          "ctc"
                          5         ;source 'C:\\Users\\XBDZ\\AppData\\Local\\Temp\\rta_RTAOS_638544938899294634_3340401\\StopSchedu
                            leTable.c'
                          6 
                          7         
                          8 $TC162
                          9         
                         10         .sdecl  '.text.StopScheduleTable.Os_StopScheduleTable',code
0000                     11         .sect   '.text.StopScheduleTable.Os_StopScheduleTable'
                         12         .align  2
                         13         
                         14         .global Os_StopScheduleTable
                         15 ; Function Os_StopScheduleTable
0000                     16 Os_StopScheduleTable:   .type   func
0000 8208      1    1    17         mov     d8,#0
0002 4DC0E29F  1    2    18         mfcr    d9,#65068
0006 0D004003  1    3    19         disable
000A BBF000F8  1    4    20         mov.u   d15,#32783
000E CDCFE20F  1    5    21         mtcr    #65068,d15
0012 0D00C004  1    6    22         isync
                         23         
0016 91r0rrFr  1    7    24         movh.a  a15,#@his(Os_lock_alarmaccess)
001A D9FFrrrr  1    8    25         lea     a15,[a15]@los(Os_lock_alarmaccess)
001E 3C09      1    9    26         j       .L2
0020                     27 .L3:
0020 0000      1   10    28         nop
0022 0000      1   11    29         nop
0024 0000      1   12    30         nop
0026 0000      1   13    31         nop
0028 0000      1   14    32         nop
002A 0000      1   15    33         nop
002C 0000      1   16    34         nop
002E 0000      1   17    35         nop
0030                     36 .L2:
0030 DA01      1   18    37         mov     d15,#1
0032 49FF0008  1   19    38         swap.w  [a15]0,d15
0036 EEF5      1   20    39         jne     d15,#0,.L3
0038 D442      1   21    40         ld.a    a2,[a4]
003A 092F0805  1   22    41         ld.w    d15,[+a2]8
003E EE0C      1   23    42         jne     d15,#0,.L4
0040 8258      1   24    43         mov     d8,#5
0042 0D008004  1   25    44         dsync
0046 A002      1   26    45         mov.a   a2,#0
0048 F4F2      1   27    46         st.a    [a15],a2
004A 0D008004  1   28    47         dsync
004E 0284      1   29    48         mov     d4,d8
0050 6Drrrrrr  2   31    49         call    Os_ErrorLog
0054 3C09      1   32    50         j       .L5
0056                     51 .L4:
0056 DA00      1   33    52         mov     d15,#0
0058 742F      1   34    53         st.w    [a2],d15
TASKING VX-toolset for TriCore: assembler v6.3r1 Build 19041558
                                                                                                                           Page   2

ADDR CODE      CYCLES  LINE SOURCE LINE
005A 0D008004  1   35    54         dsync
005E A002      1   36    55         mov.a   a2,#0
0060 F4F2      1   37    56         st.a    [a15],a2
0062 0D008004  1   38    57         dsync
0066                     58 .L5:
0066 CDC9E20F  1   39    59         mtcr    #65068,d9
006A 0D00C004  1   40    60         isync
                         61         
006E 0282      1   41    62         mov     d2,d8
0070 0090      2   43    63         ret
                         64         
0072                     65 __Os_StopScheduleTable_function_end:
                         66         .size   Os_StopScheduleTable,__Os_StopScheduleTable_function_end-Os_StopScheduleTable
                         67         ; End of function
                         68         
                         69         .calls  'Os_StopScheduleTable','Os_ErrorLog'
                         70         .extern Os_lock_alarmaccess
                         71         .extern Os_ErrorLog
                         72         .calls  'Os_StopScheduleTable','',0
                         73         ; Module end
