; Input Files
 "C:/Users/XBDZ/Desktop/Deng/ETAS_PSCM_BSW12-V1.0_CodeGen/Isolar_Project/Composition.arxml"
 "C:/Users/XBDZ/Desktop/Deng/ETAS_PSCM_BSW12-V1.0_CodeGen/Isolar_Project/DBC_SysDesc.arxml"
 "C:/Users/XBDZ/Desktop/Deng/ETAS_PSCM_BSW12-V1.0_CodeGen/Isolar_Project/Data_Dictionary_Cfg.arxml"
 "C:/Users/XBDZ/Desktop/Deng/ETAS_PSCM_BSW12-V1.0_CodeGen/Isolar_Project/EcucValueCollection_Generated.arxml"
 "C:/Users/XBDZ/Desktop/Deng/ETAS_PSCM_BSW12-V1.0_CodeGen/Isolar_Project/MCU_FlatMap.arxml"
 "C:/Users/XBDZ/Desktop/Deng/ETAS_PSCM_BSW12-V1.0_CodeGen/Isolar_Project/MCU_FlatView_SWCD.arxml"
 "C:/Users/XBDZ/Desktop/Deng/ETAS_PSCM_BSW12-V1.0_CodeGen/Isolar_Project/SwCTypes_ASW_NM.arxml"
 "C:/Users/XBDZ/Desktop/Deng/ETAS_PSCM_BSW12-V1.0_CodeGen/Isolar_Project/SwComponentTypes_ASW_USER.arxml"
 "C:/Users/XBDZ/Desktop/Deng/ETAS_PSCM_BSW12-V1.0_CodeGen/Isolar_Project/SysDesc.arxml"
 "C:/Users/XBDZ/Desktop/Deng/ETAS_PSCM_BSW12-V1.0_CodeGen/Isolar_Project/System_EcuExtr.arxml"
 "C:/Users/XBDZ/Desktop/Deng/ETAS_PSCM_BSW12-V1.0_CodeGen/Isolar_Project/User_100usISR.arxml"
 "C:/Users/XBDZ/Desktop/Deng/ETAS_PSCM_BSW12-V1.0_CodeGen/Isolar_Project/auto_config/MCU_Project_CanIf_EcucValues.arxml"
 "C:/Users/XBDZ/Desktop/Deng/ETAS_PSCM_BSW12-V1.0_CodeGen/Isolar_Project/auto_config/MCU_Project_CanNm_EcucValues.arxml"
 "C:/Users/XBDZ/Desktop/Deng/ETAS_PSCM_BSW12-V1.0_CodeGen/Isolar_Project/auto_config/MCU_Project_CanSM_EcucValues.arxml"
 "C:/Users/XBDZ/Desktop/Deng/ETAS_PSCM_BSW12-V1.0_CodeGen/Isolar_Project/auto_config/MCU_Project_CanTp_EcucValues.arxml"
 "C:/Users/XBDZ/Desktop/Deng/ETAS_PSCM_BSW12-V1.0_CodeGen/Isolar_Project/auto_config/MCU_Project_Can_EcucValues.arxml"
 "C:/Users/XBDZ/Desktop/Deng/ETAS_PSCM_BSW12-V1.0_CodeGen/Isolar_Project/auto_config/MCU_Project_ComM_EcucValues.arxml"
 "C:/Users/XBDZ/Desktop/Deng/ETAS_PSCM_BSW12-V1.0_CodeGen/Isolar_Project/auto_config/MCU_Project_Com_EcucValues.arxml"
 "C:/Users/XBDZ/Desktop/Deng/ETAS_PSCM_BSW12-V1.0_CodeGen/Isolar_Project/auto_config/MCU_Project_EcuC_EcucValues.arxml"
 "C:/Users/XBDZ/Desktop/Deng/ETAS_PSCM_BSW12-V1.0_CodeGen/Isolar_Project/auto_config/MCU_Project_Fee_EcucValues.arxml"
 "C:/Users/XBDZ/Desktop/Deng/ETAS_PSCM_BSW12-V1.0_CodeGen/Isolar_Project/auto_config/MCU_Project_MemIf_EcucValues.arxml"
 "C:/Users/XBDZ/Desktop/Deng/ETAS_PSCM_BSW12-V1.0_CodeGen/Isolar_Project/auto_config/MCU_Project_Nm_EcucValues.arxml"
 "C:/Users/XBDZ/Desktop/Deng/ETAS_PSCM_BSW12-V1.0_CodeGen/Isolar_Project/auto_config/MCU_Project_NvM_EcucValues.arxml"
 "C:/Users/XBDZ/Desktop/Deng/ETAS_PSCM_BSW12-V1.0_CodeGen/Isolar_Project/auto_config/MCU_Project_PduR_EcucValues.arxml"
 "C:/Users/XBDZ/Desktop/Deng/ETAS_PSCM_BSW12-V1.0_CodeGen/Isolar_Project/auto_config/MCU_Project_Xcp_EcucValues.arxml"
 "C:/Users/XBDZ/Desktop/Deng/ETAS_PSCM_BSW12-V1.0_CodeGen/Isolar_Project/auto_config/MCU_Project_rba_MemLib_EcucValues.arxml"
 "C:/Users/XBDZ/Desktop/Deng/ETAS_PSCM_BSW12-V1.0_CodeGen/Isolar_Project/auto_config/Project_EcucValues_UserConfig.arxml"
 "C:/Users/XBDZ/Desktop/Deng/ETAS_PSCM_BSW12-V1.0_CodeGen/Isolar_Project/bsw_config/Com_Stack/Can_Modules/Can_BSWMD.arxml"
 "C:/Users/XBDZ/Desktop/Deng/ETAS_PSCM_BSW12-V1.0_CodeGen/Isolar_Project/bsw_config/Com_Stack/Can_Modules/Can_GeneralTypes.arxml"
 "C:/Users/XBDZ/Desktop/Deng/ETAS_PSCM_BSW12-V1.0_CodeGen/Isolar_Project/bsw_config/Mode_Mgm/ComOfCan_BswM_EcucValues.arxml"
 "C:/Users/XBDZ/Desktop/Deng/ETAS_PSCM_BSW12-V1.0_CodeGen/Isolar_Project/bsw_config/Rte_Os/Com_RteCfg.arxml"
 "C:/Users/XBDZ/Desktop/Deng/ETAS_PSCM_BSW12-V1.0_CodeGen/Isolar_Project/ecu_config/bsw/gen/ComM_EOC.arxml"
 "C:/Users/XBDZ/Desktop/Deng/ETAS_PSCM_BSW12-V1.0_CodeGen/Isolar_Project/ecu_config/bsw/gen/Com_EOC.arxml"
 "C:/Users/XBDZ/Desktop/Deng/ETAS_PSCM_BSW12-V1.0_CodeGen/Isolar_Project/ecu_config/bsw/gen/Com_Flatmap.arxml"
 "C:/Users/XBDZ/Desktop/Deng/ETAS_PSCM_BSW12-V1.0_CodeGen/Isolar_Project/ecu_config/bsw/gen/Nm_EOC.arxml"
 "C:/Users/XBDZ/Desktop/Deng/ETAS_PSCM_BSW12-V1.0_CodeGen/Isolar_Project/ecu_config/bsw/gen/Xcp_EOC.arxml"
 "C:/Users/XBDZ/Desktop/Deng/ETAS_PSCM_BSW12-V1.0_CodeGen/Isolar_Project/ecu_config/bsw/gen/_fwd/ecuc_configuration_values_fwd.arxml"
 "C:/Users/XBDZ/Desktop/Deng/ETAS_PSCM_BSW12-V1.0_CodeGen/Isolar_Project/ecu_config/bsw/gen/bswmd/Bfx_BSWMD.arxml"
 "C:/Users/XBDZ/Desktop/Deng/ETAS_PSCM_BSW12-V1.0_CodeGen/Isolar_Project/ecu_config/bsw/gen/bswmd/BswM_Cfg_BSWMD.arxml"
 "C:/Users/XBDZ/Desktop/Deng/ETAS_PSCM_BSW12-V1.0_CodeGen/Isolar_Project/ecu_config/bsw/gen/bswmd/CanIf_BSWMD.arxml"
 "C:/Users/XBDZ/Desktop/Deng/ETAS_PSCM_BSW12-V1.0_CodeGen/Isolar_Project/ecu_config/bsw/gen/bswmd/CanIf_Cfg_BSWMD.arxml"
 "C:/Users/XBDZ/Desktop/Deng/ETAS_PSCM_BSW12-V1.0_CodeGen/Isolar_Project/ecu_config/bsw/gen/bswmd/CanIf_EOC.arxml"
 "C:/Users/XBDZ/Desktop/Deng/ETAS_PSCM_BSW12-V1.0_CodeGen/Isolar_Project/ecu_config/bsw/gen/bswmd/CanNm_BSWMD.arxml"
 "C:/Users/XBDZ/Desktop/Deng/ETAS_PSCM_BSW12-V1.0_CodeGen/Isolar_Project/ecu_config/bsw/gen/bswmd/CanNm_Cfg_BSWMD.arxml"
 "C:/Users/XBDZ/Desktop/Deng/ETAS_PSCM_BSW12-V1.0_CodeGen/Isolar_Project/ecu_config/bsw/gen/bswmd/CanNm_EOC.arxml"
 "C:/Users/XBDZ/Desktop/Deng/ETAS_PSCM_BSW12-V1.0_CodeGen/Isolar_Project/ecu_config/bsw/gen/bswmd/CanSM_BSWMD.arxml"
 "C:/Users/XBDZ/Desktop/Deng/ETAS_PSCM_BSW12-V1.0_CodeGen/Isolar_Project/ecu_config/bsw/gen/bswmd/CanSM_Cfg_BSWMD.arxml"
 "C:/Users/XBDZ/Desktop/Deng/ETAS_PSCM_BSW12-V1.0_CodeGen/Isolar_Project/ecu_config/bsw/gen/bswmd/CanSM_EOC.arxml"
 "C:/Users/XBDZ/Desktop/Deng/ETAS_PSCM_BSW12-V1.0_CodeGen/Isolar_Project/ecu_config/bsw/gen/bswmd/CanTp_BSWMD.arxml"
 "C:/Users/XBDZ/Desktop/Deng/ETAS_PSCM_BSW12-V1.0_CodeGen/Isolar_Project/ecu_config/bsw/gen/bswmd/CanTp_Cfg_BSWMD.arxml"
 "C:/Users/XBDZ/Desktop/Deng/ETAS_PSCM_BSW12-V1.0_CodeGen/Isolar_Project/ecu_config/bsw/gen/bswmd/ComM_BSWMD.arxml"
 "C:/Users/XBDZ/Desktop/Deng/ETAS_PSCM_BSW12-V1.0_CodeGen/Isolar_Project/ecu_config/bsw/gen/bswmd/ComM_Cfg_BSWMD.arxml"
 "C:/Users/XBDZ/Desktop/Deng/ETAS_PSCM_BSW12-V1.0_CodeGen/Isolar_Project/ecu_config/bsw/gen/bswmd/Com_BSWMD.arxml"
 "C:/Users/XBDZ/Desktop/Deng/ETAS_PSCM_BSW12-V1.0_CodeGen/Isolar_Project/ecu_config/bsw/gen/bswmd/Com_Cfg_BSWMD.arxml"
 "C:/Users/XBDZ/Desktop/Deng/ETAS_PSCM_BSW12-V1.0_CodeGen/Isolar_Project/ecu_config/bsw/gen/bswmd/Crc_Cfg_BSWMD.arxml"
 "C:/Users/XBDZ/Desktop/Deng/ETAS_PSCM_BSW12-V1.0_CodeGen/Isolar_Project/ecu_config/bsw/gen/bswmd/Dcm_BSWMD.arxml"
 "C:/Users/XBDZ/Desktop/Deng/ETAS_PSCM_BSW12-V1.0_CodeGen/Isolar_Project/ecu_config/bsw/gen/bswmd/Dcm_Cfg_BSWMD.arxml"
 "C:/Users/XBDZ/Desktop/Deng/ETAS_PSCM_BSW12-V1.0_CodeGen/Isolar_Project/ecu_config/bsw/gen/bswmd/Dem_Cfg_BSWMD.arxml"
 "C:/Users/XBDZ/Desktop/Deng/ETAS_PSCM_BSW12-V1.0_CodeGen/Isolar_Project/ecu_config/bsw/gen/bswmd/Det_Cfg_BSWMD.arxml"
 "C:/Users/XBDZ/Desktop/Deng/ETAS_PSCM_BSW12-V1.0_CodeGen/Isolar_Project/ecu_config/bsw/gen/bswmd/EcuM_BSWMD.arxml"
 "C:/Users/XBDZ/Desktop/Deng/ETAS_PSCM_BSW12-V1.0_CodeGen/Isolar_Project/ecu_config/bsw/gen/bswmd/EcuM_Cfg_BSWMD.arxml"
 "C:/Users/XBDZ/Desktop/Deng/ETAS_PSCM_BSW12-V1.0_CodeGen/Isolar_Project/ecu_config/bsw/gen/bswmd/Fee_Cfg_BSWMD.arxml"
 "C:/Users/XBDZ/Desktop/Deng/ETAS_PSCM_BSW12-V1.0_CodeGen/Isolar_Project/ecu_config/bsw/gen/bswmd/MemIf_Cfg_BSWMD.arxml"
 "C:/Users/XBDZ/Desktop/Deng/ETAS_PSCM_BSW12-V1.0_CodeGen/Isolar_Project/ecu_config/bsw/gen/bswmd/Nm_BSWMD.arxml"
 "C:/Users/XBDZ/Desktop/Deng/ETAS_PSCM_BSW12-V1.0_CodeGen/Isolar_Project/ecu_config/bsw/gen/bswmd/Nm_Cfg_BSWMD.arxml"
 "C:/Users/XBDZ/Desktop/Deng/ETAS_PSCM_BSW12-V1.0_CodeGen/Isolar_Project/ecu_config/bsw/gen/bswmd/NvM_Cfg_BSWMD.arxml"
 "C:/Users/XBDZ/Desktop/Deng/ETAS_PSCM_BSW12-V1.0_CodeGen/Isolar_Project/ecu_config/bsw/gen/bswmd/NvM_Static_Cfg_BSWMD.arxml"
 "C:/Users/XBDZ/Desktop/Deng/ETAS_PSCM_BSW12-V1.0_CodeGen/Isolar_Project/ecu_config/bsw/gen/bswmd/PduR_BSWMD.arxml"
 "C:/Users/XBDZ/Desktop/Deng/ETAS_PSCM_BSW12-V1.0_CodeGen/Isolar_Project/ecu_config/bsw/gen/bswmd/PduR_Cfg_BSWMD.arxml"
 "C:/Users/XBDZ/Desktop/Deng/ETAS_PSCM_BSW12-V1.0_CodeGen/Isolar_Project/ecu_config/bsw/gen/bswmd/PduR_EOC.arxml"
 "C:/Users/XBDZ/Desktop/Deng/ETAS_PSCM_BSW12-V1.0_CodeGen/Isolar_Project/ecu_config/bsw/gen/bswmd/WdgIf_Cfg_BSWMD.arxml"
 "C:/Users/XBDZ/Desktop/Deng/ETAS_PSCM_BSW12-V1.0_CodeGen/Isolar_Project/ecu_config/bsw/gen/bswmd/WdgM_Cfg_BSWMD.arxml"
 "C:/Users/XBDZ/Desktop/Deng/ETAS_PSCM_BSW12-V1.0_CodeGen/Isolar_Project/ecu_config/bsw/gen/bswmd/Xcp_BSWMD.arxml"
 "C:/Users/XBDZ/Desktop/Deng/ETAS_PSCM_BSW12-V1.0_CodeGen/Isolar_Project/ecu_config/bsw/gen/bswmd/Xcp_Cfg_BSWMD.arxml"
 "C:/Users/XBDZ/Desktop/Deng/ETAS_PSCM_BSW12-V1.0_CodeGen/Isolar_Project/ecu_config/bsw/gen/bswmd/Xcp_Cfg_ModuleEntries_BSWMD.arxml"
 "C:/Users/XBDZ/Desktop/Deng/ETAS_PSCM_BSW12-V1.0_CodeGen/Isolar_Project/ecu_config/bsw/gen/bswmd/rba_DiagLib_Cfg_BSWMD.arxml"
 "C:/Users/XBDZ/Desktop/Deng/ETAS_PSCM_BSW12-V1.0_CodeGen/Isolar_Project/ecu_config/bsw/gen/bswmd/rba_MemLib_Cfg_BSWMD.arxml"
 "C:/Users/XBDZ/Desktop/Deng/ETAS_PSCM_BSW12-V1.0_CodeGen/Isolar_Project/ecu_config/bsw/gen/swcd/BswM_Cfg_SWCD.arxml"
 "C:/Users/XBDZ/Desktop/Deng/ETAS_PSCM_BSW12-V1.0_CodeGen/Isolar_Project/ecu_config/bsw/gen/swcd/ComM_Cfg_SWCD.arxml"
 "C:/Users/XBDZ/Desktop/Deng/ETAS_PSCM_BSW12-V1.0_CodeGen/Isolar_Project/ecu_config/bsw/gen/swcd/ComM_SWCD.arxml"
 "C:/Users/XBDZ/Desktop/Deng/ETAS_PSCM_BSW12-V1.0_CodeGen/Isolar_Project/ecu_config/bsw/gen/swcd/Dcm_Cfg_SWCD.arxml"
 "C:/Users/XBDZ/Desktop/Deng/ETAS_PSCM_BSW12-V1.0_CodeGen/Isolar_Project/ecu_config/bsw/gen/swcd/Dem_Cfg_SWCD.arxml"
 "C:/Users/XBDZ/Desktop/Deng/ETAS_PSCM_BSW12-V1.0_CodeGen/Isolar_Project/ecu_config/bsw/gen/swcd/Det_Cfg_SWCD.arxml"
 "C:/Users/XBDZ/Desktop/Deng/ETAS_PSCM_BSW12-V1.0_CodeGen/Isolar_Project/ecu_config/bsw/gen/swcd/EcuM_Cfg_SWCD.arxml"
 "C:/Users/XBDZ/Desktop/Deng/ETAS_PSCM_BSW12-V1.0_CodeGen/Isolar_Project/ecu_config/bsw/gen/swcd/NvM_Cfg_SWCD.arxml"
 "C:/Users/XBDZ/Desktop/Deng/ETAS_PSCM_BSW12-V1.0_CodeGen/Isolar_Project/ecu_config/bsw/gen/swcd/WdgM_Cfg_SWCD.arxml"
 "C:/Users/XBDZ/Desktop/Deng/ETAS_PSCM_BSW12-V1.0_CodeGen/Isolar_Project/ecu_config/bsw/gen/swcd/rba_DiagLib_Cfg_SWCD.arxml"
 "C:/Users/XBDZ/Desktop/Deng/ETAS_PSCM_BSW12-V1.0_CodeGen/Isolar_Project/ecu_config/bsw/internal/bswmd_ecuc_values/CanIf_Prot_EcucValues.arxml"
 "C:/Users/XBDZ/Desktop/Deng/ETAS_PSCM_BSW12-V1.0_CodeGen/Isolar_Project/ecu_config/bsw/internal/bswmd_ecuc_values/CanNm_Prot_EcucValues.arxml"
 "C:/Users/XBDZ/Desktop/Deng/ETAS_PSCM_BSW12-V1.0_CodeGen/Isolar_Project/ecu_config/bsw/internal/bswmd_ecuc_values/CanSM_Prot_EcucValues.arxml"
 "C:/Users/XBDZ/Desktop/Deng/ETAS_PSCM_BSW12-V1.0_CodeGen/Isolar_Project/ecu_config/bsw/internal/bswmd_ecuc_values/ComM_Prot_EcucValues.arxml"
 "C:/Users/XBDZ/Desktop/Deng/ETAS_PSCM_BSW12-V1.0_CodeGen/Isolar_Project/ecu_config/bsw/internal/bswmd_ecuc_values/Com_Prot_EcucValues.arxml"
 "C:/Users/XBDZ/Desktop/Deng/ETAS_PSCM_BSW12-V1.0_CodeGen/Isolar_Project/ecu_config/bsw/internal/bswmd_ecuc_values/Nm_Prot_EcucValues.arxml"
 "C:/Users/XBDZ/Desktop/Deng/ETAS_PSCM_BSW12-V1.0_CodeGen/Isolar_Project/ecu_config/bsw/internal/bswmd_ecuc_values/PduR_Prot_EcucValues.arxml"
 "C:/Users/XBDZ/Desktop/Deng/ETAS_PSCM_BSW12-V1.0_CodeGen/Isolar_Project/ecu_config/bsw/internal/bswmd_ecuc_values/Xcp_Prot_EcucValues.arxml"
 "C:/Users/XBDZ/Desktop/Deng/ETAS_PSCM_BSW12-V1.0_CodeGen/Isolar_Project/ecu_config/os/internal/Os_EcucValues.arxml"
 "C:/Users/XBDZ/Desktop/Deng/ETAS_PSCM_BSW12-V1.0_CodeGen/Isolar_Project/ecu_config/rte/internal/Rte_EcucValues.arxml"
 "C:/Users/XBDZ/Desktop/Deng/ETAS_PSCM_BSW12-V1.0_CodeGen/Isolar_Project/manual_config/Mcal_EcuM_EcucValues.arxml"
 "C:/Users/XBDZ/Desktop/Deng/ETAS_PSCM_BSW12-V1.0_CodeGen/Isolar_Project/manual_config/base_config/asw_config/ASW_BASE/MDG_App_Mode.arxml"
 "C:/Users/XBDZ/Desktop/Deng/ETAS_PSCM_BSW12-V1.0_CodeGen/Isolar_Project/manual_config/base_config/bsw_config/Basic_Interfaces.arxml"
 "C:/Users/XBDZ/Desktop/Deng/ETAS_PSCM_BSW12-V1.0_CodeGen/Isolar_Project/manual_config/base_config/bsw_config/Data_type/BswM_ModeMapping.arxml"
 "C:/Users/XBDZ/Desktop/Deng/ETAS_PSCM_BSW12-V1.0_CodeGen/Isolar_Project/manual_config/base_config/bsw_config/Mode_Mgm/Base_BswM_EcucValues.arxml"
 "C:/Users/XBDZ/Desktop/Deng/ETAS_PSCM_BSW12-V1.0_CodeGen/Isolar_Project/manual_config/base_config/bsw_config/Mode_Mgm/Base_EcuM_EcucValues.arxml"
 "C:/Users/XBDZ/Desktop/Deng/ETAS_PSCM_BSW12-V1.0_CodeGen/Isolar_Project/manual_config/base_config/bsw_config/Other_Modules/Base_EcuC_Hardware_Partition_EcucValues.arxml"
 "C:/Users/XBDZ/Desktop/Deng/ETAS_PSCM_BSW12-V1.0_CodeGen/Isolar_Project/manual_config/base_config/bsw_config/Other_Modules/Bfx_EcucValues.arxml"
 "C:/Users/XBDZ/Desktop/Deng/ETAS_PSCM_BSW12-V1.0_CodeGen/Isolar_Project/manual_config/base_config/bsw_config/Other_Modules/CRC_EcuValues.arxml"
 "C:/Users/XBDZ/Desktop/Deng/ETAS_PSCM_BSW12-V1.0_CodeGen/Isolar_Project/manual_config/base_config/bsw_config/Other_Modules/Det_EcucValues.arxml"
 "C:/Users/XBDZ/Desktop/Deng/ETAS_PSCM_BSW12-V1.0_CodeGen/Isolar_Project/manual_config/base_config/bsw_config/Other_Modules/Platform.arxml"
 "C:/Users/XBDZ/Desktop/Deng/ETAS_PSCM_BSW12-V1.0_CodeGen/Isolar_Project/manual_config/base_config/bsw_config/Rte_Os/Base_OsCfg.arxml"
 "C:/Users/XBDZ/Desktop/Deng/ETAS_PSCM_BSW12-V1.0_CodeGen/Isolar_Project/manual_config/base_config/bsw_config/Rte_Os/Base_RteCfg.arxml"
 "C:/Users/XBDZ/Desktop/Deng/ETAS_PSCM_BSW12-V1.0_CodeGen/Isolar_Project/manual_config/base_config/bsw_config/Rte_Os/OsCounter.arxml"
 "C:/Users/XBDZ/Desktop/Deng/ETAS_PSCM_BSW12-V1.0_CodeGen/Isolar_Project/manual_config/bsw_config/Com_Stack/Can_Modules/Can_BSWMD.arxml"
 "C:/Users/XBDZ/Desktop/Deng/ETAS_PSCM_BSW12-V1.0_CodeGen/Isolar_Project/manual_config/bsw_config/Com_Stack/Can_Modules/Can_GeneralTypes.arxml"
 "C:/Users/XBDZ/Desktop/Deng/ETAS_PSCM_BSW12-V1.0_CodeGen/Isolar_Project/manual_config/bsw_config/Rte_Os/Com_RteCfg.arxml"
 "C:/Users/XBDZ/Desktop/Deng/ETAS_PSCM_BSW12-V1.0_CodeGen/Isolar_Project/manual_config/com_config/ComOfCan/asw_config/ComSWC.arxml"
 "C:/Users/XBDZ/Desktop/Deng/ETAS_PSCM_BSW12-V1.0_CodeGen/Isolar_Project/manual_config/com_config/ComOfCan/bsw_config/Com_Stack/Can_Modules/Can_BSWMD.arxml"
 "C:/Users/XBDZ/Desktop/Deng/ETAS_PSCM_BSW12-V1.0_CodeGen/Isolar_Project/manual_config/com_config/ComOfCan/bsw_config/Com_Stack/Can_Modules/Can_GeneralTypes.arxml"
 "C:/Users/XBDZ/Desktop/Deng/ETAS_PSCM_BSW12-V1.0_CodeGen/Isolar_Project/manual_config/com_config/ComOfCan/bsw_config/Mode_Mgm/ComOfCan_BswM_EcucValues.arxml"
 "C:/Users/XBDZ/Desktop/Deng/ETAS_PSCM_BSW12-V1.0_CodeGen/Isolar_Project/manual_config/com_config/ComOfCan/bsw_config/Rte_Os/Com_RteCfg.arxml"
 "C:/Users/XBDZ/Desktop/Deng/ETAS_PSCM_BSW12-V1.0_CodeGen/Isolar_Project/manual_config/cores_config/asw_config/ASW_CORE0/ASW_CORE0.arxml"
 "C:/Users/XBDZ/Desktop/Deng/ETAS_PSCM_BSW12-V1.0_CodeGen/Isolar_Project/manual_config/cores_config/asw_config/ASW_CORE0/CDD_CORE0.arxml"
 "C:/Users/XBDZ/Desktop/Deng/ETAS_PSCM_BSW12-V1.0_CodeGen/Isolar_Project/manual_config/cores_config/asw_config/ASW_CORE0/ServiceSwComponentInterface.arxml"
 "C:/Users/XBDZ/Desktop/Deng/ETAS_PSCM_BSW12-V1.0_CodeGen/Isolar_Project/manual_config/cores_config/asw_config/ASW_CORE1/ASW_CORE1.arxml"
 "C:/Users/XBDZ/Desktop/Deng/ETAS_PSCM_BSW12-V1.0_CodeGen/Isolar_Project/manual_config/cores_config/asw_config/ASW_CORE1/CDD_CORE1.arxml"
 "C:/Users/XBDZ/Desktop/Deng/ETAS_PSCM_BSW12-V1.0_CodeGen/Isolar_Project/manual_config/cores_config/bsw_config/Mode_Mgm/Core_EcuM_EcucValues.arxml"
 "C:/Users/XBDZ/Desktop/Deng/ETAS_PSCM_BSW12-V1.0_CodeGen/Isolar_Project/manual_config/cores_config/bsw_config/Other_Modules/Core_EcuC_Hardware_Partition_EcucValues.arxml"
 "C:/Users/XBDZ/Desktop/Deng/ETAS_PSCM_BSW12-V1.0_CodeGen/Isolar_Project/manual_config/cores_config/bsw_config/Rte_Os/Core_OsCfg.arxml"
 "C:/Users/XBDZ/Desktop/Deng/ETAS_PSCM_BSW12-V1.0_CodeGen/Isolar_Project/manual_config/cores_config/bsw_config/Rte_Os/Core_RteCfg.arxml"
 "C:/Users/XBDZ/Desktop/Deng/ETAS_PSCM_BSW12-V1.0_CodeGen/Isolar_Project/manual_config/mem_config/asw_config/ASW_NVM/ASW_NVM.arxml"
 "C:/Users/XBDZ/Desktop/Deng/ETAS_PSCM_BSW12-V1.0_CodeGen/Isolar_Project/manual_config/mem_config/bsw_config/Memory_Stack/NvM_EcucValue_FBL.arxml"
 "C:/Users/XBDZ/Desktop/Deng/ETAS_PSCM_BSW12-V1.0_CodeGen/Isolar_Project/manual_config/mem_config/bsw_config/Memory_Stack/NvM_EcucValues_DIAG.arxml"
 "C:/Users/XBDZ/Desktop/Deng/ETAS_PSCM_BSW12-V1.0_CodeGen/Isolar_Project/manual_config/mem_config/bsw_config/Mode_Mgm/Mem_BswM_EcucValues.arxml"
 "C:/Users/XBDZ/Desktop/Deng/ETAS_PSCM_BSW12-V1.0_CodeGen/Isolar_Project/manual_config/mem_config/bsw_config/Rte_Os/Mem_RteCfg.arxml"
 "C:/Users/XBDZ/Desktop/Deng/ETAS_PSCM_BSW12-V1.0_CodeGen/Isolar_Project/manual_config/nm_config/bsw_config/Mode_Mgm/Nm_BswM_EcucValues.arxml"
 "C:/Users/XBDZ/Desktop/Deng/ETAS_PSCM_BSW12-V1.0_CodeGen/Isolar_Project/manual_config/nm_config/bsw_config/Rte_Os/Nm_RteCfg.arxml"
 "C:/Users/XBDZ/Desktop/Deng/ETAS_PSCM_BSW12-V1.0_CodeGen/Isolar_Project/manual_config/safe_congfig/watchdog/bsw_config/Mode_Mgm/SafeWdg_BswM_EcucValues.arxml"
 "C:/Users/XBDZ/Desktop/Deng/ETAS_PSCM_BSW12-V1.0_CodeGen/Isolar_Project/manual_config/safe_congfig/watchdog/bsw_config/Rte_Os/Safewdg_RteCfg.arxml"
 "C:/Users/XBDZ/Desktop/Deng/ETAS_PSCM_BSW12-V1.0_CodeGen/Isolar_Project/manual_config/safe_congfig/watchdog/bsw_config/Services/Watchdog_Modules/WdgIf_EcucValues.arxml"
 "C:/Users/XBDZ/Desktop/Deng/ETAS_PSCM_BSW12-V1.0_CodeGen/Isolar_Project/manual_config/safe_congfig/watchdog/bsw_config/Services/Watchdog_Modules/Wdg_EcucValues.arxml"
 "C:/Users/XBDZ/Desktop/Deng/ETAS_PSCM_BSW12-V1.0_CodeGen/Isolar_Project/manual_config/safe_congfig/watchdog/bsw_config/Services/Watchdog_Modules/wdgm_EcucValues.arxml"
 "C:/Users/XBDZ/Desktop/Deng/ETAS_PSCM_BSW12-V1.0_CodeGen/Isolar_Project/manual_config/uds_config/udsOnCan/asw_config/ASW_DCM/ASW_DCM.arxml"
 "C:/Users/XBDZ/Desktop/Deng/ETAS_PSCM_BSW12-V1.0_CodeGen/Isolar_Project/manual_config/uds_config/udsOnCan/asw_config/ASW_Dem/ASW_Dem.arxml"
 "C:/Users/XBDZ/Desktop/Deng/ETAS_PSCM_BSW12-V1.0_CodeGen/Isolar_Project/manual_config/uds_config/udsOnCan/bsw_config/Com_Stack/Can_Modules/CanTp_EcucValues.arxml"
 "C:/Users/XBDZ/Desktop/Deng/ETAS_PSCM_BSW12-V1.0_CodeGen/Isolar_Project/manual_config/uds_config/udsOnCan/bsw_config/Mode_Mgm/UdsOnCan_BswM_EcucValues.arxml"
 "C:/Users/XBDZ/Desktop/Deng/ETAS_PSCM_BSW12-V1.0_CodeGen/Isolar_Project/manual_config/uds_config/udsOnCan/bsw_config/Rte_Os/UdsOnCan_RteCfg.arxml"
 "C:/Users/XBDZ/Desktop/Deng/ETAS_PSCM_BSW12-V1.0_CodeGen/Isolar_Project/manual_config/uds_config/udsOnCan/bsw_config/Services/DCM_Data_SWC.arxml"
 "C:/Users/XBDZ/Desktop/Deng/ETAS_PSCM_BSW12-V1.0_CodeGen/Isolar_Project/manual_config/uds_config/udsOnCan/bsw_config/Services/DEM_Data_SWC.arxml"
 "C:/Users/XBDZ/Desktop/Deng/ETAS_PSCM_BSW12-V1.0_CodeGen/Isolar_Project/manual_config/uds_config/udsOnCan/bsw_config/Services/DataTypeMappingSet_NRC22.arxml"
 "C:/Users/XBDZ/Desktop/Deng/ETAS_PSCM_BSW12-V1.0_CodeGen/Isolar_Project/manual_config/uds_config/udsOnCan/bsw_config/Services/DataTypeMappingSet_NRC72.arxml"
 "C:/Users/XBDZ/Desktop/Deng/ETAS_PSCM_BSW12-V1.0_CodeGen/Isolar_Project/manual_config/uds_config/udsOnCan/bsw_config/Services/ECU_EPS_Project_Dcm_EcucValues.arxml"
 "C:/Users/XBDZ/Desktop/Deng/ETAS_PSCM_BSW12-V1.0_CodeGen/Isolar_Project/manual_config/uds_config/udsOnCan/bsw_config/Services/ECU_EPS_Project_Dem_EcucValues.arxml"
 "C:/Users/XBDZ/Desktop/Deng/ETAS_PSCM_BSW12-V1.0_CodeGen/Isolar_Project/manual_config/uds_config/udsOnCan/bsw_config/Services/ModeDeclarationGroup_NRC22.arxml"
 "C:/Users/XBDZ/Desktop/Deng/ETAS_PSCM_BSW12-V1.0_CodeGen/Isolar_Project/manual_config/uds_config/udsOnCan/bsw_config/Services/ModeDeclarationGroup_NRC72.arxml"
 "C:/Users/XBDZ/Desktop/Deng/ETAS_PSCM_BSW12-V1.0_CodeGen/Isolar_Project/manual_config/uds_config/udsOnCan/bsw_config/Services/ModeSwitchInterface_NRC22.arxml"
 "C:/Users/XBDZ/Desktop/Deng/ETAS_PSCM_BSW12-V1.0_CodeGen/Isolar_Project/manual_config/uds_config/udsOnCan/bsw_config/Services/ModeSwitchInterface_NRC72.arxml"
 "C:/Users/XBDZ/Desktop/Deng/ETAS_PSCM_BSW12-V1.0_CodeGen/Isolar_Project/manual_config/xcp_config/asw_config/ASW_XCP/ASW_XCP.arxml"
 "C:/Users/XBDZ/Desktop/Deng/ETAS_PSCM_BSW12-V1.0_CodeGen/Isolar_Project/manual_config/xcp_config/bsw_config/Com_Stack/Xcp_EcucValues.arxml"
 "C:/Users/XBDZ/Desktop/Deng/ETAS_PSCM_BSW12-V1.0_CodeGen/Isolar_Project/manual_config/xcp_config/bsw_config/Mode_Mgm/Xcp_BswM_EcucValues.arxml"
 "C:/Users/XBDZ/Desktop/Deng/ETAS_PSCM_BSW12-V1.0_CodeGen/Isolar_Project/manual_config/xcp_config/bsw_config/Rte_Os/Xcp_RteCfg.arxml"
 "C:/Users/XBDZ/Desktop/Deng/ETAS_PSCM_BSW12-V1.0_CodeGen/Isolar_Project/system_config/ComStack_Types.arxml"
 "C:/Users/XBDZ/Desktop/Deng/ETAS_PSCM_BSW12-V1.0_CodeGen/Isolar_Project/system_config/ISOLAR_PlatformTypes.arxml"
 "C:/Users/XBDZ/Desktop/Deng/ETAS_PSCM_BSW12-V1.0_CodeGen/Isolar_Project/system_config/PlatformBaseOld_Types.arxml"
 "C:/Users/XBDZ/Desktop/Deng/ETAS_PSCM_BSW12-V1.0_CodeGen/Isolar_Project/system_config/PlatformBase_Types.arxml"
 "C:/Users/XBDZ/Desktop/Deng/ETAS_PSCM_BSW12-V1.0_CodeGen/Isolar_Project/system_config/PlatformOld_Types.arxml"
 "C:/Users/XBDZ/Desktop/Deng/ETAS_PSCM_BSW12-V1.0_CodeGen/Isolar_Project/system_config/PlatformSwBasePatch_Types.arxml"
 "C:/Users/XBDZ/Desktop/Deng/ETAS_PSCM_BSW12-V1.0_CodeGen/Isolar_Project/system_config/Platform_Types.arxml"
 "C:/Users/XBDZ/Desktop/Deng/ETAS_PSCM_BSW12-V1.0_CodeGen/Isolar_Project/system_config/Standard_Types.arxml"
 "C:/Users/XBDZ/Desktop/Deng/ETAS_PSCM_BSW12-V1.0_CodeGen/Isolar_Project/system_config/rba_AISpecification_PhysicalDimension_SWCD.arxml"
 "C:/Users/XBDZ/Desktop/Deng/ETAS_PSCM_BSW12-V1.0_CodeGen/Isolar_Project/system_config/rba_AISpecification_Unit_SWCD.arxml"
 "C:/Users/XBDZ/Desktop/Deng/ETAS_PSCM_BSW12-V1.0_CodeGen/Isolar_Project/system_config/rba_CUCELCompuMethods_BSWMD.arxml"
 "C:/Users/XBDZ/Desktop/Deng/ETAS_PSCM_BSW12-V1.0_CodeGen/Isolar_Project/system_config/rba_CUCELSwAddrMethodAddOn_BSWMD.arxml"
 "C:/Users/XBDZ/Desktop/Deng/ETAS_PSCM_BSW12-V1.0_CodeGen/Isolar_Project/system_config/rba_CUCELSwAddrMethod_BSWMD.arxml"
