scons: done reading SConscript files.

scons: warning: you do not seem to have the pywin32 extensions installed;
	parallel (-j) builds may not work reliably with open Python files.
File "C:\Python27\Scripts\scons.py", line 201, in <module>
scons: Building targets ...
Compiling bsw\BswM\src\BswM.c
Compiling bsw\BswM\src\BswM_CanSM.c
Compiling bsw\BswM\src\BswM_ComM.c
Compiling bsw\BswM\src\BswM_DCM.c

Compiling bsw\BswM\src\BswM_EcuM.c



Compiling bsw\BswM\src\BswM_EthIf.c
Compiling bsw\BswM\src\BswM_EthSM.c
Compiling bsw\BswM\src\BswM_FrSM.c

Compiling bsw\BswM\src\BswM_Generic.c


Compiling bsw\BswM\src\BswM_J1939Dcm.c
Compiling bsw\BswM\src\BswM_J1939Nm.c

Compiling bsw\BswM\src\BswM_LinSM.c


Compiling bsw\BswM\src\BswM_LinTp.c

Compiling bsw\BswM\src\BswM_Nm.c
Compiling bsw\BswM\src\BswM_NvM.c

Compiling bsw\BswM\src\BswM_Prv.c


Compiling bsw\BswM\src\BswM_Prv_AC.c
Compiling bsw\BswM\src\BswM_Prv_AL.c

Compiling bsw\BswM\src\BswM_Prv_IntrptQueue.c

Compiling bsw\BswM\src\BswM_Prv_MRP.c

Compiling bsw\BswM\src\BswM_Prv_ProcessDeferredRequest.c

Compiling bsw\BswM\src\BswM_Prv_ProcessDelayedReqst.c

Compiling bsw\BswM\src\BswM_Prv_RL.c

Compiling bsw\BswM\src\BswM_Sd.c

Compiling bsw\BswM\src\BswM_WdgM.c


Compiling bsw\CanIf\src\CanIf_Baudrate.c
Compiling bsw\CanIf\src\CanIf_Controller.c

Compiling bsw\CanIf\src\CanIf_GetTxConfirmationState.c

Compiling bsw\CanIf\src\CanIf_GetVersionInfo.c

Compiling bsw\CanIf\src\CanIf_Init.c

Compiling bsw\CanIf\src\CanIf_PduMode.c

Compiling bsw\CanIf\src\CanIf_Prv.c

Compiling bsw\CanIf\src\CanIf_Prv_Buffer.c

Compiling bsw\CanIf\src\CanIf_Rb_Apis.c

Compiling bsw\CanIf\src\CanIf_ReadNotifStatus.c

Compiling bsw\CanIf\src\CanIf_ReadRxPduData.c

Compiling bsw\CanIf\src\CanIf_RxIndication.c


Compiling bsw\CanIf\src\CanIf_SetDynamicTxId.c
Compiling bsw\CanIf\src\CanIf_Shared.c

Compiling bsw\CanIf\src\CanIf_Transceiver.c

Compiling bsw\CanIf\src\CanIf_Transmit.c

Compiling bsw\CanIf\src\CanIf_TriggerTransmit.c

Compiling bsw\CanIf\src\CanIf_TxConfirmation.c

Compiling bsw\CanIf\src\CanIf_Wakeup.c

Compiling bsw\CanIf\src\CanIf_XCore.c

Compiling bsw\CanNm\src\CanNm.c

Compiling bsw\CanNm\src\CanNm_ChangeState.c

Compiling bsw\CanNm\src\CanNm_CheckRemoteSleepIndication.c

Compiling bsw\CanNm\src\CanNm_ConfirmPnAvailability.c

Compiling bsw\CanNm\src\CanNm_DisableCommunication.c


Compiling bsw\CanNm\src\CanNm_EnableCommunication.c
Compiling bsw\CanNm\src\CanNm_GetLocalNodeIdentifier.c

Compiling bsw\CanNm\src\CanNm_GetNodeIdentifier.c

Compiling bsw\CanNm\src\CanNm_GetPduData.c

Compiling bsw\CanNm\src\CanNm_GetState.c

Compiling bsw\CanNm\src\CanNm_GetUserData.c

Compiling bsw\CanNm\src\CanNm_GetVersionInfo.c


Compiling bsw\CanNm\src\CanNm_Init.c
Compiling bsw\CanNm\src\CanNm_NetworkRelease.c

Compiling bsw\CanNm\src\CanNm_NetworkRequest.c

Compiling bsw\CanNm\src\CanNm_PassiveStartup.c

Compiling bsw\CanNm\src\CanNm_RepeatMessageRequest.c

Compiling bsw\CanNm\src\CanNm_RequestBusSynchronization.c

Compiling bsw\CanNm\src\CanNm_RequestSynchronizedPncShutdown.c

Compiling bsw\CanNm\src\CanNm_RxIndication.c

Compiling bsw\CanNm\src\CanNm_SetSleepReadyBit.c


Compiling bsw\CanNm\src\CanNm_SetUserData.c
Compiling bsw\CanNm\src\CanNm_StartTransmission.c

Compiling bsw\CanNm\src\CanNm_Transmit.c

Compiling bsw\CanNm\src\CanNm_TriggerTransmit.c

Compiling bsw\CanNm\src\CanNm_TxConfirmation.c

Compiling bsw\CanSM\src\CanSM_CheckTransceiverWakeFlagIndication.c

Compiling bsw\CanSM\src\CanSM_ClearTrcvWufFlagIndication.c

Compiling bsw\CanSM\src\CanSM_ConfirmPnAvailability.c

Compiling bsw\CanSM\src\CanSM_ControllerBusoff.c

Compiling bsw\CanSM\src\CanSM_ControllerModeIndication.c

Compiling bsw\CanSM\src\CanSM_GetCurrentComMode.c

Compiling bsw\CanSM\src\CanSM_GetVersionInfo.c

Compiling bsw\CanSM\src\CanSM_Init.c

Compiling bsw\CanSM\src\CanSM_InternalStateTransition.c

Compiling bsw\CanSM\src\CanSM_Main.c

Compiling bsw\CanSM\src\CanSM_NetworkModes.c

Compiling bsw\CanSM\src\CanSM_RequestComMode.c

Compiling bsw\CanSM\src\CanSM_SetBaudrate.c

Compiling bsw\CanSM\src\CanSM_SetEcuPassive.c

Compiling bsw\CanSM\src\CanSM_StartWakeupSource.c

Compiling bsw\CanSM\src\CanSM_StopWakeupSource.c

Compiling bsw\CanSM\src\CanSM_TransceiverModeIndication.c

Compiling bsw\CanSM\src\CanSM_TxTimeoutException.c




Compiling bsw\ComM\src\ComM.c
Compiling bsw\ComM\src\ComM_BusSM_ModeIndication.c
Compiling bsw\ComM\src\ComM_CommunicationAllowed.c
Compiling bsw\ComM\src\ComM_Dcm_ActiveDiagnostic.c


Compiling bsw\ComM\src\ComM_Dcm_InactiveDiagnostic.c
Compiling bsw\ComM\src\ComM_DeInit.c

Compiling bsw\ComM\src\ComM_EcuM_PNCWakeUpIndication.c

Compiling bsw\ComM\src\ComM_EcuM_WakeupIndication.c


Compiling bsw\ComM\src\ComM_GetCurrentComMode.c
Compiling bsw\ComM\src\ComM_GetCurrentPNCComMode.c

Compiling bsw\ComM\src\ComM_GetInhibitionStatus.c

Compiling bsw\ComM\src\ComM_GetMaxComMode.c

Compiling bsw\ComM\src\ComM_GetRequestedComMode.c

Compiling bsw\ComM\src\ComM_GetState.c

Compiling bsw\ComM\src\ComM_GetStatus.c

Compiling bsw\ComM\src\ComM_GetVersionInfo.c


Compiling bsw\ComM\src\ComM_Init.c
Compiling bsw\ComM\src\ComM_LChannelMainFunction.c

Compiling bsw\ComM\src\ComM_LimitChannelToNoComMode.c

Compiling bsw\ComM\src\ComM_LimitECUToNoComMode.c

Compiling bsw\ComM\src\ComM_LPncMainFunction.c

Compiling bsw\ComM\src\ComM_LUpdateFullComRequestors.c

Compiling bsw\ComM\src\ComM_Nm_BusSleepMode.c

Compiling bsw\ComM\src\ComM_Nm_ForwardSynchronizedPncShutdown.c

Compiling bsw\ComM\src\ComM_Nm_NetworkMode.c

Compiling bsw\ComM\src\ComM_Nm_NetworkStartIndication.c

Compiling bsw\ComM\src\ComM_Nm_PrepareBusSleepMode.c

Compiling bsw\ComM\src\ComM_Nm_RestartIndication.c

Compiling bsw\ComM\src\ComM_PreventWakeUp.c

Compiling bsw\ComM\src\ComM_ReadInhibitCounter.c

Compiling bsw\ComM\src\ComM_RequestComMode.c

Compiling bsw\ComM\src\ComM_ResetInhibitCounter.c

Compiling bsw\ComM\src\ComM_SetECUGroupClassification.c




Compiling bsw\EcuM\src\EcuM_BootTarget.c
Compiling bsw\EcuM\src\EcuM_CurrentState.c
Compiling bsw\EcuM\src\EcuM_KillAllRequests.c
Compiling bsw\EcuM\src\EcuM_MainFunction.c

Compiling bsw\EcuM\src\EcuM_Misc.c

Compiling bsw\EcuM\src\EcuM_Prv.c

Compiling bsw\EcuM\src\EcuM_ReleasePOST_RUN.c

Compiling bsw\EcuM\src\EcuM_ReleaseRUN.c

Compiling bsw\EcuM\src\EcuM_RequestPOST_RUN.c

Compiling bsw\EcuM\src\EcuM_RequestRUN.c

Compiling bsw\EcuM\src\EcuM_SetState.c

Compiling bsw\EcuM\src\EcuM_Shutdown.c

Compiling bsw\EcuM\src\EcuM_ShutdownServices.c

Compiling bsw\EcuM\src\EcuM_Sleep.c

Compiling bsw\EcuM\src\EcuM_Startup.c

Compiling bsw\EcuM\src\EcuM_WakeupServices.c

Compiling bsw\Nm\src\Nm.c

Compiling bsw\Nm\src\Nm_BusSleepMode.c

Compiling bsw\Nm\src\Nm_CheckRemoteSleepIndication.c

Compiling bsw\Nm\src\Nm_CoordReadyToSleepCancellation.c


Compiling bsw\Nm\src\Nm_CoordReadyToSleepIndication.c
Compiling bsw\Nm\src\Nm_DisableCommunication.c

Compiling bsw\Nm\src\Nm_EnableCommunication.c

Compiling bsw\Nm\src\Nm_Extensions.c

Compiling bsw\Nm\src\Nm_ForwardSynchronizedPncShutdown.c

Compiling bsw\Nm\src\Nm_GetLocalNodeIdentifier.c

Compiling bsw\Nm\src\Nm_GetNodeIdentifier.c

Compiling bsw\Nm\src\Nm_GetPduData.c

Compiling bsw\Nm\src\Nm_GetState.c

Compiling bsw\Nm\src\Nm_GetUserData.c

Compiling bsw\Nm\src\Nm_GetVersionInfo.c

Compiling bsw\Nm\src\Nm_Int_NetworkRelease.c

Compiling bsw\Nm\src\Nm_Int_NetworkRequest.c

Compiling bsw\Nm\src\Nm_LinNm.c

Compiling bsw\Nm\src\Nm_MainFunction.c

Compiling bsw\Nm\src\Nm_NetworkMode.c

Compiling bsw\Nm\src\Nm_NetworkRelease.c

Compiling bsw\Nm\src\Nm_NetworkRequest.c

Compiling bsw\Nm\src\Nm_NetworkStartIndication.c

Compiling bsw\Nm\src\Nm_PassiveStartup.c

Compiling bsw\Nm\src\Nm_PrepareBusSleepMode.c

Compiling bsw\Nm\src\Nm_RemoteSleepCancellation.c

Compiling bsw\Nm\src\Nm_RemoteSleepIndication.c

Compiling bsw\Nm\src\Nm_RepeatMessageRequest.c

Compiling bsw\Nm\src\Nm_RequestSynchronizedPncShutdown.c

Compiling bsw\Nm\src\Nm_SetUserData.c

Compiling bsw\Nm\src\Nm_SynchronizeMode.c




Compiling bsw\BswM_PreCompile_and_PB_Variant\BswM_Cfg_AC.c
Compiling bsw\BswM_PreCompile_and_PB_Variant\BswM_Cfg_LE.c
Compiling bsw\BswM_PreCompile_and_PB_Variant\BswM_Cfg_ModeManagerReq.c
Compiling bsw\BswM_PreCompile_and_PB_Variant\BswM_Cfg_MRP.c

Compiling bsw\BswM_PreCompile_and_PB_Variant\BswM_Cfg_RL.c



Compiling bsw\BswM_PreCompile_and_PB_Variant\BswM_PBcfg.c
Compiling bsw\CanIf\CanIf_cfg.c
Compiling bsw\CanIf\CanIf_PBcfg.c

Compiling bsw\CanNm_PreCompile_and_PB_Variant\CanNm_Cfg.c

Compiling bsw\CanNm_PreCompile_and_PB_Variant\CanNm_PBcfg.c

Compiling bsw\CanSM\CanSM_PBcfg.c

Compiling bsw\ComM\ComM_Cfg.c

Compiling bsw\ComM\ComM_Main.c

Compiling bsw\ComM\ComM_PBcfg.c

Compiling bsw\EcuM\EcuM_Cfg_Startup.c

Compiling bsw\EcuM\EcuM_PBcfg.c

Compiling bsw\Nm\Nm_Cfg.c

Compiling bsw\PduR\PduR_dLoIfTT.c

Compiling bsw\PduR\PduR_PBcfg.c

Compiling Integration\BSW\BswM\integration\BswM_Appl.c

Compiling Integration\BSW\BswM\integration\BswM_Callout_Stub.c

Compiling Integration\BSW\CanIf\integration\CanIfAppl.c
ctc W505: ["bsw\EcuM\EcuM_Cfg_Startup.c" 235/27] implicit declaration of function "CDD_CORE0_Init"
ctc W577: ["bsw\EcuM\EcuM_Cfg_Startup.c" 235/41] calling a function without a prototype
0 errors, 2 warnings

Compiling Integration\BSW\CanIf\integration\CanIf_Write_Integration.c

Compiling Integration\BSW\CanNm\integration\CanNmAppl.c

Compiling Integration\BSW\ComM\integration\ComMAppl.c


Compiling Integration\BSW\EcuM\integration\EcuM_Callout_Stubs.c


Compiling Integration\mcal_package\TargetIntegration\TC36x\Src\main.c


Linking output\dbg\D_ENTRY_PLATFROM.elf...

Dumping output\dbg\D_ENTRY_PLATFROM.elf to output\hex\D_ENTRY_PLATFROM.hex
Dumping output\dbg\D_ENTRY_PLATFROM.elf to output\s19\D_ENTRY_PLATFROM.s19


scons: done building targets.
