scons: done reading SConscript files.

scons: warning: you do not seem to have the pywin32 extensions installed;
	parallel (-j) builds may not work reliably with open Python files.
File "C:\Python27\Scripts\scons.py", line 201, in <module>
scons: Building targets ...
Compiling Integration\mcal_package\TargetIntegration\TC36x\Src\main.c
Compiling rte\gen\Core0_OsTask_BSW_10ms.c
Compiling rte\gen\Core0_OsTask_BSW_1ms.c
Compiling rte\gen\Core0_OsTask_BSW_50ms.c



Compiling rte\gen\Core1_OsTask_ASW_10ms.c
Compiling rte\gen\Core1_OsTask_BSW_10ms.c
Compiling rte\gen\Rte.c

Compiling rte\gen\Rte_Lib.c


Compiling mcal\MCAL_Gen\src\Gpt_PBcfg.c
Compiling mcal\MCAL_Gen\src\Icu_17_TimerIp_PBcfg.c


Compiling mcal\MCAL_Modules\Can_17_McmCan\src\Can_17_McmCan.c

Compiling mcal\MCAL_Modules\Gpt\src\Gpt.c
Compiling mcal\MCAL_Modules\Icu_17_TimerIp\src\Icu_17_TimerIp.c



Compiling mcal\MCAL_Modules\Mcu\src\Mcu_17_TimerIp.c


Linking output\dbg\D_ENTRY_PLATFROM.elf...
ltc E106: unresolved external: Os_Entry_Millisecond0 - (Os_Cfg.o)
ltc E106: unresolved external: Os_Entry_Millisecond1 - (Os_Cfg.o)
ltc F019: unrecoverable error: fatal link error

===================
None
===================
scons: *** [output\dbg\D_ENTRY_PLATFROM.elf] Error 1
scons: building terminated because of errors.
