scons: done reading SConscript files.

scons: warning: you do not seem to have the pywin32 extensions installed;
	parallel (-j) builds may not work reliably with open Python files.
File "C:\Python27\Scripts\scons.py", line 201, in <module>
scons: Building targets ...
Compiling asw\ASW_IoHwAb\src\SensorActuator_ADC.c
Compiling asw\ASW_IoHwAb\src\SensorActuator_DIO.c
Compiling asw\ASW_IoHwAb\src\SensorActuator_ICU.c
Compiling asw\ASW_IoHwAb\src\SensorActuator_PWM.c
ctc W537: ["asw\ASW_IoHwAb\src\SensorActuator_DIO.c" 36/17] unused variable "retValue"
ctc W537: ["asw\ASW_IoHwAb\src\SensorActuator_DIO.c" 61/17] unused variable "retValue"
0 errors, 2 warnings

ctc W537: ["asw\ASW_IoHwAb\src\SensorActuator_ICU.c" 36/17] unused variable "retValue"
0 errors, 1 warnings

ctc W537: ["asw\ASW_IoHwAb\src\SensorActuator_PWM.c" 36/9] unused variable "pwm_duty1"
ctc W537: ["asw\ASW_IoHwAb\src\SensorActuator_PWM.c" 38/17] unused variable "retValue"
0 errors, 2 warnings

ctc W537: ["asw\ASW_IoHwAb\src\SensorActuator_ADC.c" 49/17] unused variable "retValue"
0 errors, 1 warnings

Compiling rte\gen\Core0_OsTask_ASW_100ms.c
Compiling rte\gen\Rte.c


Linking output\dbg\D_ENTRY_PLATFROM.elf...
ltc W141: unresolved reference to "_lc_u_trap_tab"
ltc W132: cannot bind symbol "_lc_ue_ustack": cannot find section or group to bind to
ltc W132: cannot bind symbol "_lc_ue_istack": cannot find section or group to bind to
ltc W132: cannot bind symbol "_lc_ub_csa_01": cannot find section or group to bind to
ltc W132: cannot bind symbol "_lc_ue_csa_01": cannot find section or group to bind to
ltc W132: cannot bind symbol "_lc_ub_ustack": cannot find section or group to bind to

Dumping output\dbg\D_ENTRY_PLATFROM.elf to output\hex\D_ENTRY_PLATFROM.hex
Dumping output\dbg\D_ENTRY_PLATFROM.elf to output\s19\D_ENTRY_PLATFROM.s19

 
scons: done building targets.
