scons: done reading SConscript files.

scons: warning: you do not seem to have the pywin32 extensions installed;
	parallel (-j) builds may not work reliably with open Python files.
File "C:\Python27\Scripts\scons.py", line 201, in <module>
scons: Building targets ...
Compiling asw\ASW_NVM\src\ASW_NVM.c
Compiling asw\ASW_USER\src\ASW_USER.c
ctc E219: [".\mcal\MCAL_Modules\Fls_17_Dmu\inc\Fls_17_Dmu.h" 51/1] cannot open #include file "Fls_17_Dmu_Cfg.h"
ctc E219: [".\mcal\MCAL_Modules\Fls_17_Dmu\inc\Fls_17_Dmu.h" 1729/1] cannot open #include file "Fls_17_Dmu_PBcfg.h"
2 errors, 0 warnings

===================
None
===================
Compiling asw\CDD_USER\src\CDD_USER.c
ctc W537: ["asw\ASW_USER\src\ASW_USER.c" 54/9] unused variable "dRead1"
ctc W537: ["asw\ASW_USER\src\ASW_USER.c" 55/9] unused variable "write2"
ctc W537: ["asw\ASW_USER\src\ASW_USER.c" 56/17] unused variable "retdRead1"
ctc W537: ["asw\ASW_USER\src\ASW_USER.c" 57/17] unused variable "retWrite2"
ctc W537: ["asw\ASW_USER\src\ASW_USER.c" 65/17] unused variable "retValue"
0 errors, 5 warnings

ctc W537: ["asw\CDD_USER\src\CDD_USER.c" 56/17] unused variable "retdRead1"
ctc W537: ["asw\CDD_USER\src\CDD_USER.c" 57/17] unused variable "retWrite2"
ctc W537: ["asw\CDD_USER\src\CDD_USER.c" 65/17] unused variable "retValue"
ctc W506: ["asw\CDD_USER\src\CDD_USER.c" 71/22] variable "dRead1" is not initialized
0 errors, 4 warnings

scons: *** [output\objs\asw\ASW_NVM\ASW_NVM.o] Error 1
Compiling bsw\BswM\src\BswM.c
ctc E219: [".\Integration\BSW\EcuM\integration\EcuM_PBDefine.h" 15/1] cannot open #include file "Gpt.h"
ctc E219: [".\Integration\BSW\EcuM\integration\EcuM_PBDefine.h" 18/1] cannot open #include file "Gpt.h"
ctc E219: [".\Integration\BSW\EcuM\integration\EcuM_PBDefine.h" 20/1] cannot open #include file "Adc.h"
ctc E219: [".\Integration\BSW\EcuM\integration\EcuM_PBDefine.h" 21/1] cannot open #include file "Icu_17_TimerIp.h"
ctc E219: [".\Integration\BSW\EcuM\integration\EcuM_PBDefine.h" 22/1] cannot open #include file "Pwm_17_GtmCcu6.h"
5 errors, 0 warnings

===================
None
===================
scons: *** [output\objs\bsw\BswM\BswM.o] Error 1
scons: building terminated because of errors.
