scons: done reading SConscript files.

scons: warning: you do not seem to have the pywin32 extensions installed;
	parallel (-j) builds may not work reliably with open Python files.
File "C:\Python27\Scripts\scons.py", line 201, in <module>
scons: Building targets ...
Compiling asw\CDD_CORE1\src\CDD_CORE1.c

Linking output\dbg\D_ENTRY_PLATFROM.elf...
ltc E106: unresolved external: Rte_Call_RPort_CPUUtilizationCore1_CPU_Utilization - (ASW_CORE1.o)
ltc E106: unresolved external: __CSA1 - (Ifx_Ssw_Tc1.o)
ltc E106: unresolved external: IoHwAb_GptNotification0 - (Gpt_PBcfg.o)
ltc E106: unresolved external: Rte_Call_RPort_GetMaxUserStackUtilization_GetMaxUserStackUtilization - (ASW_CORE1.o)
ltc E106: unresolved external: __USTACK1 - (CDD_CORE1.o)
ltc E106: unresolved external: __ISTACK1 - (Ifx_Ssw_Tc1.o)
ltc E106: unresolved external: __USTACK1_END - (CDD_CORE1.o)
ltc E106: unresolved external: RE_CORE1_SWC_100ms_func - (Core1_OsTask_ASW_10ms.o)
ltc E106: unresolved external: __CSA1_END - (Ifx_Ssw_Tc1.o)
ltc E106: unresolved external: IoHwAb_GptNotification1 - (Gpt_PBcfg.o)
ltc E106: unresolved external: ErrorHook_OsApplication_0 - (Os_Cfg.o)
ltc E106: unresolved external: ErrorHook_OsApplication_1 - (Os_Cfg.o)
ltc E106: unresolved external: Os_Entry_STMOSR1_ISR - (Os_Cfg.o)
ltc E106: unresolved external: _SMALL_DATA_TC1 - (cstart_tc1.o)
ltc E106: unresolved external: _LITERAL_DATA_TC1 - (cstart_tc1.o)
ltc E106: unresolved external: _A8_DATA_TC1 - (cstart_tc1.o)
ltc E106: unresolved external: _A9_DATA_TC1 - (cstart_tc1.o)
ltc F019: unrecoverable error: fatal link error

===================
None
===================
scons: *** [output\dbg\D_ENTRY_PLATFROM.elf] Error 2
scons: building terminated because of errors.
