scons: done reading SConscript files.

scons: warning: you do not seem to have the pywin32 extensions installed;
	parallel (-j) builds may not work reliably with open Python files.
File "C:\Python27\Scripts\scons.py", line 201, in <module>
scons: Cleaning targets ...
Removed output\objs\asw\ASW_BASE\ASW_BASE.o
Removed output\objs\asw\ASW_COM\ASW_COM.o
Removed output\objs\asw\ASW_CORE0\ASW_CORE0.o
Removed output\objs\asw\ASW_CORE1\ASW_CORE1.o
Removed output\objs\asw\ASW_DCM\ASW_DCM.o
Removed output\objs\asw\ASW_DCM\ASW_DCM_RoutineServices_CheckMemoryCRC_Start_func.o
Removed output\objs\asw\ASW_DCM\ASW_DCM_RoutineServices_CheckMemoryCRC_RequestRoutineResults_func.o
Removed output\objs\asw\ASW_DCM\ASW_DCM_RoutineServices_CheckMemoryCRC_Stop_func.o
Removed output\objs\asw\ASW_DCM\Diag_DIDRamBlock.o
Removed output\objs\asw\ASW_DCM\Diag_SeedKey.o
Removed output\objs\asw\ASW_DEM\ASW_DEM_CBStatusComp_DemComponent_func.o
Removed output\objs\asw\ASW_DEM\ASW_DEM_DataServices_CS_ExtendedDataRecord_Fault_pending_counter_ReadData_func.o
Removed output\objs\asw\ASW_DEM\ASW_DEM_DataServices_CS_ExtendedDataRecord_Aged_counter_ReadData_func.o
Removed output\objs\asw\ASW_DEM\ASW_DEM_DataServices_DemDataElementClass_Day_ReadData_func.o
Removed output\objs\asw\ASW_DEM\ASW_DEM_DataServices_DemDataElementClass_Month_ReadData_func.o
Removed output\objs\asw\ASW_DEM\ASW_DEM_DataServices_DemDataElementClass_Minute_ReadData_func.o
Removed output\objs\asw\ASW_DEM\ASW_DEM_DataServices_DemDataElementClass_Hour_ReadData_func.o
Removed output\objs\asw\ASW_DEM\ASW_DEM_DataServices_DemDataElementClass_OdometerReading_ReadData_func.o
Removed output\objs\asw\ASW_DEM\ASW_DEM_DataServices_DemDataElementClass_Year_ReadData_func.o
Removed output\objs\asw\ASW_DEM\ASW_DEM_DataServices_DemDataElementClass_SupplyVoltage_ReadData_func.o
Removed output\objs\asw\ASW_DEM\ASW_DEM_DataServices_DemDataElementClass_PowerMode_ReadData_func.o
Removed output\objs\asw\ASW_DEM\ASW_DEM_PeriodicRunnable_10ms_func.o
Removed output\objs\asw\ASW_IoHwAb\IoHwAb_ADC.o
Removed output\objs\asw\ASW_IoHwAb\IoHwAb_DIO.o
Removed output\objs\asw\ASW_IoHwAb\IoHwAb_ICU.o
Removed output\objs\asw\ASW_IoHwAb\IoHwAb_PWM.o
Removed output\objs\asw\ASW_IoHwAb\SensorActuator_ADC.o
Removed output\objs\asw\ASW_IoHwAb\SensorActuator_DIO.o
Removed output\objs\asw\ASW_IoHwAb\SensorActuator_ICU.o
Removed output\objs\asw\ASW_IoHwAb\SensorActuator_PWM.o
Removed output\objs\asw\ASW_NM\ASW_NM.o
Removed output\objs\asw\ASW_NVM\ASW_NVM.o
Removed output\objs\asw\ASW_USER\ASW_USER.o
Removed output\objs\asw\ASW_WDG\ASW_WDG.o
Removed output\objs\asw\ASW_XCP\ASW_XCP.o
Removed output\objs\asw\CDD_CORE0\CDD_CORE0.o
Removed output\objs\asw\CDD_CORE1\CDD_CORE1.o
Removed output\objs\asw\CDD_USER\CDD_USER.o
Removed output\objs\bsw\Bfx\Bfx_Bit.o
Removed output\objs\bsw\Bfx\Bfx_TstParityEven_u16_u8.o
Removed output\objs\bsw\Bfx\Bfx_GetVersionInfo.o
Removed output\objs\bsw\Bfx\Bfx_TstParityEven_u64_u8.o
Removed output\objs\bsw\Bfx\Bfx_TstParityEven_u32_u8.o
Removed output\objs\bsw\Bfx\Bfx_TstParityEven_u8_u8.o
Removed output\objs\bsw\BswM\BswM.o
Removed output\objs\bsw\BswM\BswM_CanSM.o
Removed output\objs\bsw\BswM\BswM_ComM.o
Removed output\objs\bsw\BswM\BswM_EcuM.o
Removed output\objs\bsw\BswM\BswM_DCM.o
Removed output\objs\bsw\BswM\BswM_EthIf.o
Removed output\objs\bsw\BswM\BswM_EthSM.o
Removed output\objs\bsw\BswM\BswM_FrSM.o
Removed output\objs\bsw\BswM\BswM_Generic.o
Removed output\objs\bsw\BswM\BswM_J1939Dcm.o
Removed output\objs\bsw\BswM\BswM_J1939Nm.o
Removed output\objs\bsw\BswM\BswM_LinSM.o
Removed output\objs\bsw\BswM\BswM_LinTp.o
Removed output\objs\bsw\BswM\BswM_Nm.o
Removed output\objs\bsw\BswM\BswM_Prv.o
Removed output\objs\bsw\BswM\BswM_NvM.o
Removed output\objs\bsw\BswM\BswM_Prv_AC.o
Removed output\objs\bsw\BswM\BswM_Prv_IntrptQueue.o
Removed output\objs\bsw\BswM\BswM_Prv_AL.o
Removed output\objs\bsw\BswM\BswM_Prv_MRP.o
Removed output\objs\bsw\BswM\BswM_Prv_ProcessDelayedReqst.o
Removed output\objs\bsw\BswM\BswM_Prv_ProcessDeferredRequest.o
Removed output\objs\bsw\BswM\BswM_Prv_RL.o
Removed output\objs\bsw\BswM\BswM_Sd.o
Removed output\objs\bsw\BswM\BswM_WdgM.o
Removed output\objs\bsw\CanIf\CanIf_Baudrate.o
Removed output\objs\bsw\CanIf\CanIf_GetTxConfirmationState.o
Removed output\objs\bsw\CanIf\CanIf_Controller.o
Removed output\objs\bsw\CanIf\CanIf_Init.o
Removed output\objs\bsw\CanIf\CanIf_GetVersionInfo.o
Removed output\objs\bsw\CanIf\CanIf_Prv.o
Removed output\objs\bsw\CanIf\CanIf_PduMode.o
Removed output\objs\bsw\CanIf\CanIf_Prv_Buffer.o
Removed output\objs\bsw\CanIf\CanIf_ReadRxPduData.o
Removed output\objs\bsw\CanIf\CanIf_ReadNotifStatus.o
Removed output\objs\bsw\CanIf\CanIf_Rb_Apis.o
Removed output\objs\bsw\CanIf\CanIf_Shared.o
Removed output\objs\bsw\CanIf\CanIf_SetDynamicTxId.o
Removed output\objs\bsw\CanIf\CanIf_RxIndication.o
Removed output\objs\bsw\CanIf\CanIf_Transceiver.o
Removed output\objs\bsw\CanIf\CanIf_TxConfirmation.o
Removed output\objs\bsw\CanIf\CanIf_TriggerTransmit.o
Removed output\objs\bsw\CanIf\CanIf_Transmit.o
Removed output\objs\bsw\CanIf\CanIf_Wakeup.o
Removed output\objs\bsw\CanIf\CanIf_XCore.o
Removed output\objs\bsw\CanNm\CanNm_ChangeState.o
Removed output\objs\bsw\CanNm\CanNm.o
Removed output\objs\bsw\CanNm\CanNm_ConfirmPnAvailability.o
Removed output\objs\bsw\CanNm\CanNm_CheckRemoteSleepIndication.o
Removed output\objs\bsw\CanNm\CanNm_EnableCommunication.o
Removed output\objs\bsw\CanNm\CanNm_DisableCommunication.o
Removed output\objs\bsw\CanNm\CanNm_GetLocalNodeIdentifier.o
Removed output\objs\bsw\CanNm\CanNm_GetState.o
Removed output\objs\bsw\CanNm\CanNm_GetPduData.o
Removed output\objs\bsw\CanNm\CanNm_GetNodeIdentifier.o
Removed output\objs\bsw\CanNm\CanNm_GetUserData.o
Removed output\objs\bsw\CanNm\CanNm_Init.o
Removed output\objs\bsw\CanNm\CanNm_GetVersionInfo.o
Removed output\objs\bsw\CanNm\CanNm_NetworkRelease.o
Removed output\objs\bsw\CanNm\CanNm_PassiveStartup.o
Removed output\objs\bsw\CanNm\CanNm_NetworkRequest.o
Removed output\objs\bsw\CanNm\CanNm_RequestBusSynchronization.o
Removed output\objs\bsw\CanNm\CanNm_RepeatMessageRequest.o
Removed output\objs\bsw\CanNm\CanNm_RequestSynchronizedPncShutdown.o
Removed output\objs\bsw\CanNm\CanNm_SetUserData.o
Removed output\objs\bsw\CanNm\CanNm_SetSleepReadyBit.o
Removed output\objs\bsw\CanNm\CanNm_RxIndication.o
Removed output\objs\bsw\CanNm\CanNm_TxConfirmation.o
Removed output\objs\bsw\CanNm\CanNm_TriggerTransmit.o
Removed output\objs\bsw\CanNm\CanNm_Transmit.o
Removed output\objs\bsw\CanNm\CanNm_StartTransmission.o
Removed output\objs\bsw\CanSM\CanSM_CheckTransceiverWakeFlagIndication.o
Removed output\objs\bsw\CanSM\CanSM_ConfirmPnAvailability.o
Removed output\objs\bsw\CanSM\CanSM_ClearTrcvWufFlagIndication.o
Removed output\objs\bsw\CanSM\CanSM_ControllerModeIndication.o
Removed output\objs\bsw\CanSM\CanSM_ControllerBusoff.o
Removed output\objs\bsw\CanSM\CanSM_GetCurrentComMode.o
Removed output\objs\bsw\CanSM\CanSM_InternalStateTransition.o
Removed output\objs\bsw\CanSM\CanSM_Init.o
Removed output\objs\bsw\CanSM\CanSM_GetVersionInfo.o
Removed output\objs\bsw\CanSM\CanSM_RequestComMode.o
Removed output\objs\bsw\CanSM\CanSM_NetworkModes.o
Removed output\objs\bsw\CanSM\CanSM_Main.o
Removed output\objs\bsw\CanSM\CanSM_SetBaudrate.o
Removed output\objs\bsw\CanSM\CanSM_SetEcuPassive.o
Removed output\objs\bsw\CanSM\CanSM_StopWakeupSource.o
Removed output\objs\bsw\CanSM\CanSM_StartWakeupSource.o
Removed output\objs\bsw\CanSM\CanSM_TxTimeoutException.o
Removed output\objs\bsw\CanSM\CanSM_TransceiverModeIndication.o
Removed output\objs\bsw\CanTp\CanTp.o
Removed output\objs\bsw\CanTp\CanTp_Prv.o
Removed output\objs\bsw\Com\Com_BusLoadManagement.o
Removed output\objs\bsw\Com\Com_ByteCopyInit.o
Removed output\objs\bsw\Com\Com_ByteCopy.o
Removed output\objs\bsw\Com\Com_CopyTxData.o
Removed output\objs\bsw\Com\Com_CopyRxData.o
Removed output\objs\bsw\Com\Com_DisableReceptionDM.o
Removed output\objs\bsw\Com\Com_DeInit.o
Removed output\objs\bsw\Com\Com_Filter.o
Removed output\objs\bsw\Com\Com_EnableReceptionDM.o
Removed output\objs\bsw\Com\Com_GetVersionInfo.o
Removed output\objs\bsw\Com\Com_GetStatus.o
Removed output\objs\bsw\Com\Com_Init.o
Removed output\objs\bsw\Com\Com_InvalidateSignalGroup.o
Removed output\objs\bsw\Com\Com_InvalidateSignal.o
Removed output\objs\bsw\Com\Com_InvalidateShadowSignal.o
Removed output\objs\bsw\Com\Com_IpduGroupControl.o
Removed output\objs\bsw\Com\Com_MainFunctionRouteSignals.o
Removed output\objs\bsw\Com\Com_IpduGroupStop.o
Removed output\objs\bsw\Com\Com_IpduGroupStart.o
Removed output\objs\bsw\Com\Com_MainFunctionRx.o
Removed output\objs\bsw\Com\Com_PackGwMappings.o
Removed output\objs\bsw\Com\Com_MainFunctionTx.o
Removed output\objs\bsw\Com\Com_ProcessSignal.o
Removed output\objs\bsw\Com\Com_PackSignal.o
Removed output\objs\bsw\Com\Com_ReceiveDynSignal.o
Removed output\objs\bsw\Com\Com_ProcessSignalGroup.o
Removed output\objs\bsw\Com\Com_ReceiveDynSignalWithMetaData.o
Removed output\objs\bsw\Com\Com_ReceiveSignal.o
Removed output\objs\bsw\Com\Com_ReceiveShadowSignal.o
Removed output\objs\bsw\Com\Com_ReceiveSignalGroup.o
Removed output\objs\bsw\Com\Com_ReceiveSignalGroupArrayWithMetaData.o
Removed output\objs\bsw\Com\Com_ReceiveSignalGroupArray.o
Removed output\objs\bsw\Com\Com_ReceiveSignalWithMetadata.o
Removed output\objs\bsw\Com\Com_ReceiveSignalGroupWithMetaData.o
Removed output\objs\bsw\Com\Com_ReceptionDM.o
Removed output\objs\bsw\Com\Com_SendDynSignal.o
Removed output\objs\bsw\Com\Com_RxIndication.o
Removed output\objs\bsw\Com\Com_SendIpdu.o
Removed output\objs\bsw\Com\Com_SendDynSignalWithMetaData.o
Removed output\objs\bsw\Com\Com_SendSignal.o
Removed output\objs\bsw\Com\Com_SendSignalGroupArray.o
Removed output\objs\bsw\Com\Com_SendSignalGroup.o
Removed output\objs\bsw\Com\Com_SendSignalGroupWithMetaData.o
Removed output\objs\bsw\Com\Com_SendSignalGroupArrayWithMetaData.o
Removed output\objs\bsw\Com\Com_SendSignalWithMetaData.o
Removed output\objs\bsw\Com\Com_StartOfReception.o
Removed output\objs\bsw\Com\Com_ShadowBuffToIpduBuff.o
Removed output\objs\bsw\Com\Com_TpRxIndication.o
Removed output\objs\bsw\Com\Com_SwitchIpduTxMode.o
Removed output\objs\bsw\Com\Com_TriggerIPDUSend.o
Removed output\objs\bsw\Com\Com_TpTxConfirmation.o
Removed output\objs\bsw\Com\Com_TriggerTransmit.o
Removed output\objs\bsw\Com\Com_TriggerIPDUSendWithMetaData.o
Removed output\objs\bsw\Com\Com_TxConfirmation.o
Removed output\objs\bsw\Com\Com_TxChangeMode.o
Removed output\objs\bsw\Com\Com_UpdateShadowSignal.o
Removed output\objs\bsw\Com\Com_UnpackSignal.o
Removed output\objs\bsw\ComM\ComM.o
Removed output\objs\bsw\ComM\ComM_Dcm_ActiveDiagnostic.o
Removed output\objs\bsw\ComM\ComM_CommunicationAllowed.o
Removed output\objs\bsw\ComM\ComM_BusSM_ModeIndication.o
Removed output\objs\bsw\ComM\ComM_EcuM_PNCWakeUpIndication.o
Removed output\objs\bsw\ComM\ComM_DeInit.o
Removed output\objs\bsw\ComM\ComM_Dcm_InactiveDiagnostic.o
Removed output\objs\bsw\ComM\ComM_EcuM_WakeupIndication.o
Removed output\objs\bsw\ComM\ComM_GetCurrentComMode.o
Removed output\objs\bsw\ComM\ComM_GetInhibitionStatus.o
Removed output\objs\bsw\ComM\ComM_GetCurrentPNCComMode.o
Removed output\objs\bsw\ComM\ComM_GetRequestedComMode.o
Removed output\objs\bsw\ComM\ComM_GetMaxComMode.o
Removed output\objs\bsw\ComM\ComM_GetState.o
Removed output\objs\bsw\ComM\ComM_GetVersionInfo.o
Removed output\objs\bsw\ComM\ComM_GetStatus.o
Removed output\objs\bsw\ComM\ComM_LChannelMainFunction.o
Removed output\objs\bsw\ComM\ComM_Init.o
Removed output\objs\bsw\ComM\ComM_LimitChannelToNoComMode.o
Removed output\objs\bsw\ComM\ComM_LPncMainFunction.o
Removed output\objs\bsw\ComM\ComM_LimitECUToNoComMode.o
Removed output\objs\bsw\ComM\ComM_LUpdateFullComRequestors.o
Removed output\objs\bsw\ComM\ComM_Nm_ForwardSynchronizedPncShutdown.o
Removed output\objs\bsw\ComM\ComM_Nm_BusSleepMode.o
Removed output\objs\bsw\ComM\ComM_Nm_NetworkMode.o
Removed output\objs\bsw\ComM\ComM_Nm_RestartIndication.o
Removed output\objs\bsw\ComM\ComM_Nm_PrepareBusSleepMode.o
Removed output\objs\bsw\ComM\ComM_Nm_NetworkStartIndication.o
Removed output\objs\bsw\ComM\ComM_PreventWakeUp.o
Removed output\objs\bsw\ComM\ComM_ResetInhibitCounter.o
Removed output\objs\bsw\ComM\ComM_RequestComMode.o
Removed output\objs\bsw\ComM\ComM_ReadInhibitCounter.o
Removed output\objs\bsw\ComM\ComM_SetECUGroupClassification.o
Removed output\objs\bsw\Dcm\src\Dsl\Dcm_Dsl_RxIndication.o
Removed output\objs\bsw\Dcm\src\Dsl\Dcm_Dsl_CopyRxData.o
Removed output\objs\bsw\Dcm\src\Dsl\Dcm_Dsl_StartOfReception.o
Removed output\objs\bsw\Dcm\src\Dsl\Dcm_Dsl_CancelTransmission.o
Removed output\objs\bsw\Dcm\src\Dsl\Dcm_Dsl_CopyTxData.o
Removed output\objs\bsw\Dcm\src\Dsl\Dcm_Dsl_Confirmation.o
Removed output\objs\bsw\Dcm\src\Dsl\Dcm_Dsl_ResponseTransmission.o
Removed output\objs\bsw\Dcm\src\Dsl\Dcm_Dsl_PagedBuffer.o
Removed output\objs\bsw\Dcm\src\Dsp\DcmDsp_SignalLib.o
Removed output\objs\bsw\Dcm\src\Dsp\DcmDspUds_Memaddress_Calc.o
Removed output\objs\bsw\Dcm\src\Dsp\DcmDspObd_Mode1.o
Removed output\objs\bsw\Dcm\src\Dsp\DcmDspObd_Mode2.o
Removed output\objs\bsw\Dcm\src\Dsp\DcmDspObd_Mode4.o
Removed output\objs\bsw\Dcm\src\Dsp\DcmDspObd_Mode37A.o
Removed output\objs\bsw\Dcm\src\Dsp\DcmDspObd_Mode6.o
Removed output\objs\bsw\Dcm\src\Dsp\DcmDspObd_Mode9.o
Removed output\objs\bsw\Dcm\src\Dsp\DcmDspObd_Mode8.o
Removed output\objs\bsw\Dcm\src\Dsp\DcmDspUds_Authentication.o
Removed output\objs\bsw\Dcm\src\Dsp\DcmDspUds_Auth_ProofOfOwnership.o
Removed output\objs\bsw\Dcm\src\Dsp\DcmDspUds_Auth_Callback.o
Removed output\objs\bsw\Dcm\src\Dsp\DcmDspUds_Auth_VerifyCertificate.o
Removed output\objs\bsw\Dcm\src\Dsp\DcmDspUds_CC.o
Removed output\objs\bsw\Dcm\src\Dsp\DcmDspUds_Cdi.o
Removed output\objs\bsw\Dcm\src\Dsp\DcmDspUds_Cdtcs.o
Removed output\objs\bsw\Dcm\src\Dsp\DcmDspUds_Dddi.o
Removed output\objs\bsw\Dcm\src\Dsp\DcmDspUds_Did_Support.o
Removed output\objs\bsw\Dcm\src\Dsp\DcmDspUds_Dsc.o
Removed output\objs\bsw\Dcm\src\Dsp\DcmDspUds_GetVIN.o
Removed output\objs\bsw\Dcm\src\Dsp\DcmDspUds_Er.o
Removed output\objs\bsw\Dcm\src\Dsp\DcmDspUds_Iocbi.o
Removed output\objs\bsw\Dcm\src\Dsp\DcmDspUds_Iocbi_InternalMask.o
Removed output\objs\bsw\Dcm\src\Dsp\DcmDspUds_Iocbi_ExternalMask.o
Removed output\objs\bsw\Dcm\src\Dsp\DcmDspUds_Iocbi_Support.o
Removed output\objs\bsw\Dcm\src\Dsp\DcmDspUds_Rc_OBDRID.o
Removed output\objs\bsw\Dcm\src\Dsp\DcmDspUds_Rc.o
Removed output\objs\bsw\Dcm\src\Dsp\DcmDspUds_Rdbi.o
Removed output\objs\bsw\Dcm\src\Dsp\DcmDspUds_Rdpi.o
Removed output\objs\bsw\Dcm\src\Dsp\DcmDspUds_Rdbi_ObdDid.o
Removed output\objs\bsw\Dcm\src\Dsp\DcmDspUds_Rdtc.o
Removed output\objs\bsw\Dcm\src\Dsp\DcmDspUds_Rdtc_RepDTCFaultDetectionCounter.o
Removed output\objs\bsw\Dcm\src\Dsp\DcmDspUds_Rdtc_GetFreezeFrameDataByRecord.o
Removed output\objs\bsw\Dcm\src\Dsp\DcmDspUds_Rdtc_RepNumDTCByStatusMask.o
Removed output\objs\bsw\Dcm\src\Dsp\DcmDspUds_Rdtc_RepFailedDTC.o
Removed output\objs\bsw\Dcm\src\Dsp\DcmDspUds_Rdtc_ReportDTCBySevMaskRec.o
Removed output\objs\bsw\Dcm\src\Dsp\DcmDspUds_Rdtc_ReportSnapshotRecordByDTC.o
Removed output\objs\bsw\Dcm\src\Dsp\DcmDspUds_Rdtc_ReportExtendedDataRecordByDTC.o
Removed output\objs\bsw\Dcm\src\Dsp\DcmDspUds_Rdtc_ReportDTCSnapshotRecId.o
Removed output\objs\bsw\Dcm\src\Dsp\DcmDspUds_Rdtc_ReportWWHOBDDTCByMaskRecord.o
Removed output\objs\bsw\Dcm\src\Dsp\DcmDspUds_Rdtc_RepSuppDTC.o
Removed output\objs\bsw\Dcm\src\Dsp\DcmDspUds_Rdtc_RepSeverityOfDTC.o
Removed output\objs\bsw\Dcm\src\Dsp\DcmDspUds_Rdtc_ReportWWHOBDDTCWithPermanentStatus.o
Removed output\objs\bsw\Dcm\src\Dsp\DcmDspUds_RequestDownload.o
Removed output\objs\bsw\Dcm\src\Dsp\DcmDspUds_RequestTransferExit.o
Removed output\objs\bsw\Dcm\src\Dsp\DcmDspUds_Rmba.o
Removed output\objs\bsw\Dcm\src\Dsp\DcmDspUds_RequestUpload.o
Removed output\objs\bsw\Dcm\src\Dsp\DcmDspUds_Roe.o
Removed output\objs\bsw\Dcm\src\Dsp\DcmDspUds_Seca_RestoreDelayCount.o
Removed output\objs\bsw\Dcm\src\Dsp\DcmDspUds_Seca_ChgSecurity.o
Removed output\objs\bsw\Dcm\src\Dsp\DcmDspUds_Seca.o
Removed output\objs\bsw\Dcm\src\Dsp\DcmDspUds_Tp.o
Removed output\objs\bsw\Dcm\src\Dsp\DcmDspUds_Seca_SecurityIni.o
Removed output\objs\bsw\Dcm\src\Dsp\DcmDspUds_Uds_Did_F186.o
Removed output\objs\bsw\Dcm\src\Dsp\DcmDspUds_TransferData.o
Removed output\objs\bsw\Dcm\src\Dsp\DcmDspUds_Wdbi.o
Removed output\objs\bsw\Dcm\src\Dcm_Dsd_AssembleResponse.o
Removed output\objs\bsw\Dcm\src\Dcm_Dsd.o
Removed output\objs\bsw\Dcm\src\Dsp\DcmDspUds_Wmba.o
Removed output\objs\bsw\Dcm\src\Dcm_Dsd_Confirmation.o
Removed output\objs\bsw\Dcm\src\Dcm_Dsd_StateMachine.o
Removed output\objs\bsw\Dcm\src\Dcm_Dsd_Roe.o
Removed output\objs\bsw\Dcm\src\Dcm_Dsd_Rdpi.o
Removed output\objs\bsw\Dcm\src\Dcm_Dsl.o
Removed output\objs\bsw\Dcm\src\Dcm_Dsd_Verification.o
Removed output\objs\bsw\Dcm\src\Dcm_Dsl_AuthenticationInit.o
Removed output\objs\bsw\Dcm\src\Dcm_Dsl_Authentication.o
Removed output\objs\bsw\Dcm\src\Dcm_Dsl_ComMInteraction.o
Removed output\objs\bsw\Dcm\src\Dcm_Dsl_AuthenticationTimer.o
Removed output\objs\bsw\Dcm\src\Dcm_Dsl_Protocol.o
Removed output\objs\bsw\Dcm\src\Dcm_Dsl_OBDStateMachine.o
Removed output\objs\bsw\Dcm\src\Dcm_Dsl_Security.o
Removed output\objs\bsw\Dcm\src\Dcm_Dsl_StateMachine.o
Removed output\objs\bsw\Dcm\src\Dcm_Dsl_Session.o
Removed output\objs\bsw\Dcm\src\Dcm_DslDsd_BootLoader.o
Removed output\objs\bsw\Dcm\src\Dcm_DslDsd_SetP3MaxMonitoring.o
Removed output\objs\bsw\Dcm\src\Dcm_DslDsd_RestartP3Timer.o
Removed output\objs\bsw\Dcm\src\Dcm_DslDsd_KwpProtocolHandling.o
Removed output\objs\bsw\Dcm\src\Dcm_DslDsd_WarmStart.o
Removed output\objs\bsw\Dcm\src\Dcm_GetVersionInfo.o
Removed output\objs\bsw\Dcm\src\Dcm_General_MainFunction.o
Removed output\objs\bsw\Dcm\src\Dcm_General_Init.o
Removed output\objs\bsw\Dcm\src\Dcm_Prv_RestoreSecaTimer.o
Removed output\objs\bsw\Dcm\src\Dcm_Prv_General.o
Removed output\objs\bsw\Dem\src\Dem_Client.o
Removed output\objs\bsw\Dem\src\Dem_ClientMachine_Clear.o
Removed output\objs\bsw\Dem\src\Dem_ClientRequestDispatcher.o
Removed output\objs\bsw\Dem\src\Dem_Client_Api.o
Removed output\objs\bsw\Dem\src\Dem_ConsisChk.o
Removed output\objs\bsw\Dem\src\Dem_Deb.o
Removed output\objs\bsw\Dem\src\Dem_DebArTime.o
Removed output\objs\bsw\Dem\src\Dem_DebCtrBaseClass.o
Removed output\objs\bsw\Dem\src\Dem_DebBase.o
Removed output\objs\bsw\Dem\src\Dem_DisturbanceMemory.o
Removed output\objs\bsw\Dem\src\Dem_DTCFilter.o
Removed output\objs\bsw\Dem\src\Dem_DTCGroup.o
Removed output\objs\bsw\Dem\src\Dem_DTCs.o
Removed output\objs\bsw\Dem\src\Dem_DTCStatusByte.o
Removed output\objs\bsw\Dem\src\Dem_Prv_J1939Dcm.o
Removed output\objs\bsw\Dem\src\Dem_EnableCondition.o
Removed output\objs\bsw\Dem\src\Dem_EnvDid.o
Removed output\objs\bsw\Dem\src\Dem_EnvDataElement.o
Removed output\objs\bsw\Dem\src\Dem_EnvExtendedDataRec.o
Removed output\objs\bsw\Dem\src\Dem_EnvExtendedData.o
Removed output\objs\bsw\Dem\src\Dem_EnvFreezeFrame.o
Removed output\objs\bsw\Dem\src\Dem_EnvFFRecNumeration.o
Removed output\objs\bsw\Dem\src\Dem_EnvMain.o
Removed output\objs\bsw\Dem\src\Dem_EvtRelatedData.o
Removed output\objs\bsw\Dem\src\Dem_EvBuff.o
Removed output\objs\bsw\Dem\src\Dem_J1939EnvFreezeFrame.o
Removed output\objs\bsw\Dem\src\Dem_EvBuffDistributor.o
Removed output\objs\bsw\Dem\src\Dem_EventRecheck.o
Removed output\objs\bsw\Dem\src\Dem_Dependencies.o
Removed output\objs\bsw\Dem\src\Dem_Events.o
Removed output\objs\bsw\Dem\src\Dem_EventFHandling.o
Removed output\objs\bsw\Dem\src\Dem_MonitorStatus.o
Removed output\objs\bsw\Dem\src\Dem_EventStatus.o
Removed output\objs\bsw\Dem\src\Dem_EvMem.o
Removed output\objs\bsw\Dem\src\Dem_EvMemGen.o
Removed output\objs\bsw\Dem\src\Dem_EvMemApi.o
Removed output\objs\bsw\Dem\src\Dem_Indicator.o
Removed output\objs\bsw\Dem\src\Dem_Clear.o
Removed output\objs\bsw\Dem\src\Dem_IndicatorAttributes.o
Removed output\objs\bsw\Dem\src\Dem_GenericNvData.o
Removed output\objs\bsw\Dem\src\Dem_Mapping.o
Removed output\objs\bsw\Dem\src\Dem_OperationCycle.o
Removed output\objs\bsw\Dem\src\Dem_Main.o
Removed output\objs\bsw\Dem\src\Dem_Nvm.o
Removed output\objs\bsw\Dem\src\Dem_StorageCondition.o
Removed output\objs\bsw\Dem\src\Dem_NvmCallbacks.o
Removed output\objs\bsw\Det\Det.o
Removed output\objs\bsw\EcuM\EcuM_BootTarget.o
Removed output\objs\bsw\EcuM\EcuM_CurrentState.o
Removed output\objs\bsw\EcuM\EcuM_MainFunction.o
Removed output\objs\bsw\EcuM\EcuM_KillAllRequests.o
Removed output\objs\bsw\EcuM\EcuM_Misc.o
Removed output\objs\bsw\EcuM\EcuM_Prv.o
Removed output\objs\bsw\EcuM\EcuM_Prv_RteActions.o
Removed output\objs\bsw\EcuM\EcuM_ReleaseRUN.o
Removed output\objs\bsw\EcuM\EcuM_ReleasePOST_RUN.o
Removed output\objs\bsw\EcuM\EcuM_RequestPOST_RUN.o
Removed output\objs\bsw\EcuM\EcuM_SetState.o
Removed output\objs\bsw\EcuM\EcuM_RequestRUN.o
Removed output\objs\bsw\EcuM\EcuM_Shutdown.o
Removed output\objs\bsw\EcuM\EcuM_Sleep.o
Removed output\objs\bsw\EcuM\EcuM_ShutdownServices.o
Removed output\objs\bsw\EcuM\EcuM_Startup.o
Removed output\objs\bsw\EcuM\EcuM_WakeupServices.o
Removed output\objs\bsw\Fee\Fee_Config.o
Removed output\objs\bsw\Fee\Fee_Chunk.o
Removed output\objs\bsw\Fee\Fee_Job.o
Removed output\objs\bsw\Fee\Fee_Dbg.o
Removed output\objs\bsw\Fee\Fee_Lib.o
Removed output\objs\bsw\Fee\Fee_Order.o
Removed output\objs\bsw\Fee\Fee_Medium.o
Removed output\objs\bsw\Fee\Fee_Proc.o
Removed output\objs\bsw\MemIf\MemIf_Rb_GetStatus.o
Removed output\objs\bsw\MemIf\MemIf_MainFunction.o
Removed output\objs\bsw\MemIf\MemIf.o
Removed output\objs\bsw\MemIf\MemIf_Rb_MainFunction.o
Removed output\objs\bsw\Nm\Nm_CheckRemoteSleepIndication.o
Removed output\objs\bsw\Nm\Nm_BusSleepMode.o
Removed output\objs\bsw\Nm\Nm.o
Removed output\objs\bsw\Nm\Nm_CoordReadyToSleepCancellation.o
Removed output\objs\bsw\Nm\Nm_DisableCommunication.o
Removed output\objs\bsw\Nm\Nm_CoordReadyToSleepIndication.o
Removed output\objs\bsw\Nm\Nm_Extensions.o
Removed output\objs\bsw\Nm\Nm_EnableCommunication.o
Removed output\objs\bsw\Nm\Nm_GetLocalNodeIdentifier.o
Removed output\objs\bsw\Nm\Nm_ForwardSynchronizedPncShutdown.o
Removed output\objs\bsw\Nm\Nm_GetNodeIdentifier.o
Removed output\objs\bsw\Nm\Nm_GetState.o
Removed output\objs\bsw\Nm\Nm_GetPduData.o
Removed output\objs\bsw\Nm\Nm_GetUserData.o
Removed output\objs\bsw\Nm\Nm_Int_NetworkRelease.o
Removed output\objs\bsw\Nm\Nm_GetVersionInfo.o
Removed output\objs\bsw\Nm\Nm_Int_NetworkRequest.o
Removed output\objs\bsw\Nm\Nm_MainFunction.o
Removed output\objs\bsw\Nm\Nm_LinNm.o
Removed output\objs\bsw\Nm\Nm_NetworkMode.o
Removed output\objs\bsw\Nm\Nm_NetworkRequest.o
Removed output\objs\bsw\Nm\Nm_NetworkRelease.o
Removed output\objs\bsw\Nm\Nm_PassiveStartup.o
Removed output\objs\bsw\Nm\Nm_NetworkStartIndication.o
Removed output\objs\bsw\Nm\Nm_RemoteSleepCancellation.o
Removed output\objs\bsw\Nm\Nm_PrepareBusSleepMode.o
Removed output\objs\bsw\Nm\Nm_RemoteSleepIndication.o
Removed output\objs\bsw\Nm\Nm_SetUserData.o
Removed output\objs\bsw\Nm\Nm_RequestSynchronizedPncShutdown.o
Removed output\objs\bsw\Nm\Nm_RepeatMessageRequest.o
Removed output\objs\bsw\Nm\Nm_SynchronizeMode.o
Removed output\objs\bsw\NvM\src\AuxiliaryRequests\NvM_Rb_AuxWriteBlock.o
Removed output\objs\bsw\NvM\src\AuxiliaryRequests\NvM_Rb_AuxReadBlock.o
Removed output\objs\bsw\NvM\src\AuxiliaryRequests\NvM_Rb_AuxInvalidateNvBlock.o
Removed output\objs\bsw\NvM\src\AuxiliaryRequests\NvM_Rb_AuxGetDataIndex.o
Removed output\objs\bsw\NvM\src\AuxiliaryRequests\NvM_Rb_AuxGetErrorStatus.o
Removed output\objs\bsw\NvM\src\AuxiliaryRequests\NvM_Rb_AuxGetErrorInfoDetail.o
Removed output\objs\bsw\NvM\src\AuxiliaryRequests\NvM_Rb_AuxGetMigrationResult.o
Removed output\objs\bsw\NvM\src\Internal\NvM_BlockData.o
Removed output\objs\bsw\NvM\src\AuxiliaryRequests\NvM_Rb_AuxSetDataIndex.o
Removed output\objs\bsw\NvM\src\Internal\NvM_Crc.o
Removed output\objs\bsw\NvM\src\Internal\NvM_CryptoKeySetting.o
Removed output\objs\bsw\NvM\src\Internal\NvM_Crypto.o
Removed output\objs\bsw\NvM\src\Internal\NvM_CryptoRead.o
Removed output\objs\bsw\NvM\src\Internal\NvM_CryptoWrite.o
Removed output\objs\bsw\NvM\src\Internal\NvM_ErrorDetection.o
Removed output\objs\bsw\NvM\src\Internal\NvM_Csm.o
Removed output\objs\bsw\NvM\src\Internal\NvM_InternalBuffer.o
Removed output\objs\bsw\NvM\src\Internal\NvM_ExplicitSynchronization.o
Removed output\objs\bsw\NvM\src\Internal\NvM_Job.o
Removed output\objs\bsw\NvM\src\Internal\NvM_JobInvalidate.o
Removed output\objs\bsw\NvM\src\Internal\NvM_JobGenerateRandomNr.o
Removed output\objs\bsw\NvM\src\Internal\NvM_JobRead.o
Removed output\objs\bsw\NvM\src\Internal\NvM_JobMaintain.o
Removed output\objs\bsw\NvM\src\Internal\NvM_JobRestore.o
Removed output\objs\bsw\NvM\src\Internal\NvM_JobRecalcRamBlkCrc.o
Removed output\objs\bsw\NvM\src\Internal\NvM_JobValidate.o
Removed output\objs\bsw\NvM\src\Internal\NvM_JobResource.o
Removed output\objs\bsw\NvM\src\Internal\NvM_JobWrite.o
Removed output\objs\bsw\NvM\src\Internal\NvM_MemIf.o
Removed output\objs\bsw\NvM\src\Internal\NvM_Rb_WriteMon.o
Removed output\objs\bsw\NvM\src\Internal\NvM_ProcessMultiBlock.o
Removed output\objs\bsw\NvM\src\Internal\NvM_JobQueue.o
Removed output\objs\bsw\NvM\src\Internal\NvM_QueueLinked.o
Removed output\objs\bsw\NvM\src\Internal\NvM_Queue.o
Removed output\objs\bsw\NvM\src\Internal\NvM_RequestQueue.o
Removed output\objs\bsw\NvM\src\Internal\NvM_Service.o
Removed output\objs\bsw\NvM\src\SingleBlockRequests\NvM_RestoreBlockDefaults.o
Removed output\objs\bsw\NvM\src\SingleBlockRequests\NvM_ReadBlock.o
Removed output\objs\bsw\NvM\src\SingleBlockRequests\NvM_InvalidateNvBlock.o
Removed output\objs\bsw\NvM\src\SingleBlockRequests\NvM_EraseNvBlock.o
Removed output\objs\bsw\NvM\src\SingleBlockRequests\NvM_GetDataIndex.o
Removed output\objs\bsw\NvM\src\SingleBlockRequests\NvM_WriteBlock.o
Removed output\objs\bsw\NvM\src\SingleBlockRequests\NvM_GetErrorStatus.o
Removed output\objs\bsw\NvM\src\SingleBlockRequests\NvM_Rb_GetErrorInfoDetail.o
Removed output\objs\bsw\NvM\src\SingleBlockRequests\NvM_Rb_GetBlockId.o
Removed output\objs\bsw\NvM\src\SingleBlockRequests\NvM_Rb_GetMigrationResult.o
Removed output\objs\bsw\NvM\src\SingleBlockRequests\NvM_Rb_SetWriteAllTrigger.o
Removed output\objs\bsw\NvM\src\SingleBlockRequests\NvM_Rb_GetWriteCounter.o
Removed output\objs\bsw\NvM\src\SingleBlockRequests\NvM_Rb_GetNvBlockLength.o
Removed output\objs\bsw\NvM\src\SingleBlockRequests\NvM_SetDataIndex.o
Removed output\objs\bsw\NvM\src\SingleBlockRequests\NvM_SetBlockProtection.o
Removed output\objs\bsw\NvM\src\SingleBlockRequests\NvM_SetBlockLockStatus.o
Removed output\objs\bsw\NvM\src\SingleBlockRequests\NvM_SetRamBlockStatus.o
Removed output\objs\bsw\NvM\src\NvM_Init.o
Removed output\objs\bsw\NvM\src\NvM_GetVersionInfo.o
Removed output\objs\bsw\NvM\src\NvM_Rb_GetRequestType.o
Removed output\objs\bsw\NvM\src\NvM_Rb_GetActiveService.o
Removed output\objs\bsw\NvM\src\NvM_Rb_GetStatus.o
Removed output\objs\bsw\NvM\src\NvM_InitAfterReadAll.o
Removed output\objs\bsw\NvM\src\NvM_CancelWriteAll.o
Removed output\objs\bsw\NvM\src\NvM_ReadAll.o
Removed output\objs\bsw\NvM\src\NvM_Rb_FirstInitAll.o
Removed output\objs\bsw\NvM\src\NvM_ValidateAll.o
Removed output\objs\bsw\NvM\src\NvM_MainFunction.o
Removed output\objs\bsw\NvM\src\NvM_WriteAll.o
Removed output\objs\bsw\NvM\src\NvM_MainFunctionArbitrate.o
Removed output\objs\bsw\NvM\NvM_Asserts.o
Removed output\objs\bsw\NvM\src\NvM_MainFunctionResultEval.o
Removed output\objs\bsw\NvM\src\NvM_MainFunctionJobStart.o
Removed output\objs\bsw\PduR\PduR_BufferPool.o
Removed output\objs\bsw\PduR\PduR_Gateway_DDIfTransmit_FiFo.o
Removed output\objs\bsw\PduR\PduR_EnableDisableRouting.o
Removed output\objs\bsw\PduR\PduR_Gateway_DDIfTxConf_NoBuf.o
Removed output\objs\bsw\PduR\PduR_Gateway_DDIfTxConf_FiFo.o
Removed output\objs\bsw\PduR\PduR_Gateway_TpDcmTx.o
Removed output\objs\bsw\PduR\PduR_Gateway_IfRxInd.o
Removed output\objs\bsw\PduR\PduR_Gateway_TpRx.o
Removed output\objs\bsw\PduR\PduR_Gateway_TpTxConf.o
Removed output\objs\bsw\PduR\PduR_Gateway_TpTx.o
Removed output\objs\bsw\PduR\PduR_Gateway_TTIfTransmit_Buf.o
Removed output\objs\bsw\PduR\PduR_Gateway_TTIfTrigTx_FiFo.o
Removed output\objs\bsw\PduR\PduR_Gateway_TTIfTrigTx_Buf.o
Removed output\objs\bsw\PduR\PduR_Gateway_TTIfTransmit_FiFo.o
Removed output\objs\bsw\PduR\PduR_Gateway_TTIfTxConf_Buf.o
Removed output\objs\bsw\PduR\PduR_Gateway_UpIf.o
Removed output\objs\bsw\PduR\PduR_Gateway_TTIfTxConf_FiFo.o
Removed output\objs\bsw\PduR\PduR_GetConfigurationId.o
Removed output\objs\bsw\PduR\PduR_GetBuffer.o
Removed output\objs\bsw\PduR\PduR_Globals.o
Removed output\objs\bsw\PduR\PduR_GetVersionInfo.o
Removed output\objs\bsw\PduR\PduR_InvalidId_If.o
Removed output\objs\bsw\PduR\PduR_Init.o
Removed output\objs\bsw\PduR\PduR_InvalidId_Tp.o
Removed output\objs\bsw\PduR\PduR_InvalidId_UpTx.o
Removed output\objs\bsw\PduR\PduR_Multicast_LoTpTxToUp.o
Removed output\objs\bsw\PduR\PduR_Multicast_UpToLo.o
Removed output\objs\bsw\PduR\PduR_Multicast_Tp.o
Removed output\objs\bsw\PduR\PduR_Multicast_UpTx.o
Removed output\objs\bsw\PduR\PduR_Null_UpIf.o
Removed output\objs\bsw\PduR\PduR_NullFunc_TrigTx.o
Removed output\objs\bsw\PduR\PduR_RPG_TpRx.o
Removed output\objs\bsw\Rba_DiagLib\rba_DiagLib_ByteOrderUtils.o
Removed output\objs\bsw\Rba_FeeFs1x\src\addressLayer\rba_FeeFs1x_PAMap.o
Removed output\objs\bsw\Rba_FeeFs1x\src\addressLayer\rba_FeeFs1x_PARead.o
Removed output\objs\bsw\Rba_FeeFs1x\src\addressLayer\rba_FeeFs1x_PASrv.o
Removed output\objs\bsw\Rba_FeeFs1x\src\addressLayer\rba_FeeFs1x_Sector.o
Removed output\objs\bsw\Rba_FeeFs1x\src\addressLayer\rba_FeeFs1x_PAWrite.o
Removed output\objs\bsw\Rba_FeeFs1x\src\BlockJobs\rba_FeeFs1x_InvalidateJob.o
Removed output\objs\bsw\Rba_FeeFs1x\src\BlockJobs\rba_FeeFs1x_BlockJob.o
Removed output\objs\bsw\Rba_FeeFs1x\src\BlockJobs\rba_FeeFs1x_Rb_MaintainJob.o
Removed output\objs\bsw\Rba_FeeFs1x\src\BlockJobs\rba_FeeFs1x_WriteJob.o
Removed output\objs\bsw\Rba_FeeFs1x\src\BlockJobs\rba_FeeFs1x_ReadJob.o
Removed output\objs\bsw\Rba_FeeFs1x\src\SectorJobs\rba_FeeFs1x_SectorEraseJob.o
Removed output\objs\bsw\Rba_FeeFs1x\src\SectorJobs\rba_FeeFs1x_BackgroundJob.o
Removed output\objs\bsw\Rba_FeeFs1x\src\SectorJobs\rba_FeeFs1x_SectorReorg.o
Removed output\objs\bsw\Rba_FeeFs1x\src\SectorJobs\rba_FeeFs1x_TriggerReorgJob.o
Removed output\objs\bsw\Rba_FeeFs1x\src\virtualPagingLayer\rba_FeeFs1x_BC.o
Removed output\objs\bsw\Rba_FeeFs1x\src\virtualPagingLayer\rba_FeeFs1x_CacheKwn.o
Removed output\objs\bsw\Rba_FeeFs1x\src\virtualPagingLayer\rba_FeeFs1x_CacheUnkwn.o
Removed output\objs\bsw\Rba_FeeFs1x\src\virtualPagingLayer\rba_FeeFs1x_Searcher.o
Removed output\objs\bsw\Rba_FeeFs1x\src\rba_FeeFs1x_Utils.o
Removed output\objs\bsw\Rba_FeeFs1x\src\rba_FeeFs1x_Init.o
Removed output\objs\bsw\Rba_MemLib\rba_MemLib.o
Removed output\objs\bsw\Rba_MemLib\rba_MemLib_Crc.o
Removed output\objs\bsw\Rba_MemLib\rba_MemLib_Mem.o
Removed output\objs\bsw\Rba_MemLib\rba_MemLib_Sync.o
Removed output\objs\bsw\Rba_MemLib\rba_MemLib_Random.o
Removed output\objs\bsw\Rba_MemLib\rba_MemLib_TimerUs.o
Removed output\objs\bsw\WdgM\WdgM_Prv.o
Removed output\objs\bsw\WdgM\WdgM.o
Removed output\objs\bsw\Xcp\XcpOnCan.o
Removed output\objs\bsw\Xcp\Xcp.o
Removed output\objs\bsw\Xcp\XcpOnCdd.o
Removed output\objs\bsw\Xcp\XcpOnEth.o
Removed output\objs\bsw\Xcp\XcpOnFr.o
Removed output\objs\bsw\Xcp\Xcp_Cmd0xC0Handling.o
Removed output\objs\bsw\Xcp\Xcp_CmdAllocOdt.o
Removed output\objs\bsw\Xcp\Xcp_CmdAllocDaq.o
Removed output\objs\bsw\Xcp\Xcp_CmdAllocOdtEntry.o
Removed output\objs\bsw\Xcp\Xcp_CmdClearDaqList.o
Removed output\objs\bsw\Xcp\Xcp_CmdBuildChecksum.o
Removed output\objs\bsw\Xcp\Xcp_CmdCopyCalPage.o
Removed output\objs\bsw\Xcp\Xcp_CmdConnect.o
Removed output\objs\bsw\Xcp\Xcp_CmdDisconnect.o
Removed output\objs\bsw\Xcp\Xcp_CmdDownloadMax.o
Removed output\objs\bsw\Xcp\Xcp_CmdDownload.o
Removed output\objs\bsw\Xcp\Xcp_CmdDownloadNext.o
Removed output\objs\bsw\Xcp\Xcp_CmdGetCommModeInfo.o
Removed output\objs\bsw\Xcp\Xcp_CmdGetCalPage.o
Removed output\objs\bsw\Xcp\Xcp_CmdFreeDaq.o
Removed output\objs\bsw\Xcp\Xcp_CmdGetDaqClock.o
Removed output\objs\bsw\Xcp\Xcp_CmdGetDaqPackedMode.o
Removed output\objs\bsw\Xcp\Xcp_CmdGetDaqListMode.o
Removed output\objs\bsw\Xcp\Xcp_CmdGetDaqEventInfo.o
Removed output\objs\bsw\Xcp\Xcp_CmdGetPageInfo.o
Removed output\objs\bsw\Xcp\Xcp_CmdGetId.o
Removed output\objs\bsw\Xcp\Xcp_CmdGetDaqResolutionInfo.o
Removed output\objs\bsw\Xcp\Xcp_CmdGetDaqProcessorInfo.o
Removed output\objs\bsw\Xcp\Xcp_CmdGetSegmentInfo.o
Removed output\objs\bsw\Xcp\Xcp_CmdGetSeed.o
Removed output\objs\bsw\Xcp\Xcp_CmdGetPagProcessorInfo.o
Removed output\objs\bsw\Xcp\Xcp_CmdSetCalPage.o
Removed output\objs\bsw\Xcp\Xcp_CmdReadDaq.o
Removed output\objs\bsw\Xcp\Xcp_CmdModifyBits.o
Removed output\objs\bsw\Xcp\Xcp_CmdGetStatus.o
Removed output\objs\bsw\Xcp\Xcp_CmdSetDaqListMode.o
Removed output\objs\bsw\Xcp\Xcp_CmdSetDaqPtr.o
Removed output\objs\bsw\Xcp\Xcp_CmdSetDaqPackedMode.o
Removed output\objs\bsw\Xcp\Xcp_CmdSetRequest.o
Removed output\objs\bsw\Xcp\Xcp_CmdSetMta.o
Removed output\objs\bsw\Xcp\Xcp_CmdShortUpload.o
Removed output\objs\bsw\Xcp\Xcp_CmdShortDownload.o
Removed output\objs\bsw\Xcp\Xcp_CmdStartStopSynch.o
Removed output\objs\bsw\Xcp\Xcp_CmdStartStopDaqList.o
Removed output\objs\bsw\Xcp\Xcp_CmdTransportLayerCmd.o
Removed output\objs\bsw\Xcp\Xcp_CmdSynch.o
Removed output\objs\bsw\Xcp\Xcp_CmdUpload.o
Removed output\objs\bsw\Xcp\Xcp_CmdUnlock.o
Removed output\objs\bsw\Xcp\Xcp_CmdWriteDaq.o
Removed output\objs\bsw\Xcp\Xcp_CmdUserCmd.o
Removed output\objs\bsw\Xcp\Xcp_DaqEvent.o
Removed output\objs\bsw\Xcp\Xcp_CmdWriteDaqMultiple.o
Removed output\objs\bsw\Xcp\Xcp_DaqRam.o
Removed output\objs\bsw\Xcp\Xcp_Init.o
Removed output\objs\bsw\Xcp\Xcp_GetVersionInfo.o
Removed output\objs\bsw\Xcp\Xcp_EventChannel.o
Removed output\objs\bsw\Xcp\Xcp_Receive.o
Removed output\objs\bsw\Xcp\Xcp_QueHandling.o
Removed output\objs\bsw\Xcp\Xcp_ProductLineMdg1.o
Removed output\objs\bsw\Xcp\Xcp_ReceiveCommand.o
Removed output\objs\bsw\Xcp\Xcp_Transmit.o
Removed output\objs\bsw\Xcp\Xcp_SubCmdGetVersion.o
Removed output\objs\bsw\Xcp\Xcp_Stim.o
Removed output\objs\bsw\Xcp\Xcp_Utils.o
Removed output\objs\bsw\Xcp\Xcp_UtilsStartStop.o
Removed output\objs\bsw\BswM_Cfg.o
Removed output\objs\bsw\BswM_Cfg_LE.o
Removed output\objs\bsw\BswM_Cfg_AC.o
Removed output\objs\bsw\BswM_Cfg_ModeManagerReq.o
Removed output\objs\bsw\BswM_Cfg_RL.o
Removed output\objs\bsw\BswM_Cfg_MRP.o
Removed output\objs\bsw\CanIf_cfg.o
Removed output\objs\bsw\BswM_PBcfg.o
Removed output\objs\bsw\CanIf_PBcfg.o
Removed output\objs\bsw\CanNm_PBcfg.o
Removed output\objs\bsw\CanNm_Cfg.o
Removed output\objs\bsw\CanSM_PBcfg.o
Removed output\objs\bsw\CanTp_Cfg.o
Removed output\objs\bsw\Com_PBcfg.o
Removed output\objs\bsw\Com_Cfg.o
Removed output\objs\bsw\Com_PBcfg_Variant.o
Removed output\objs\bsw\Com_PBcfg_Common.o
Removed output\objs\bsw\ComM_Cfg.o
Removed output\objs\bsw\ComM_Main.o
Removed output\objs\bsw\Crc.o
Removed output\objs\bsw\ComM_PBcfg.o
Removed output\objs\bsw\Crc_Cfg.o
Removed output\objs\bsw\Dcm_Lcfg_Dsl.o
Removed output\objs\bsw\Dcm_Lcfg_Dsd.o
Removed output\objs\bsw\Dcm_PBcfg.o
Removed output\objs\bsw\Dcm_Lcfg_DspUds.o
Removed output\objs\bsw\Dem_Cfg_Client_DataStructures.o
Removed output\objs\bsw\Dem_Cfg_Clear.o
Removed output\objs\bsw\Dem_Cfg_DTC_DataStructures.o
Removed output\objs\bsw\Dem_Cfg_OperationCycle_DataStructures.o
Removed output\objs\bsw\Dem_Cfg_NvmCallbacks.o
Removed output\objs\bsw\Dem_Cfg_Events_DataStructures.o
Removed output\objs\bsw\EcuM_Cfg_RbMo.o
Removed output\objs\bsw\EcuM_Cfg_PbExt.o
Removed output\objs\bsw\EcuM_Cfg.o
Removed output\objs\bsw\EcuM_Cfg_Shutdown.o
Removed output\objs\bsw\EcuM_Cfg_Sleep.o
Removed output\objs\bsw\EcuM_Cfg_Startup.o
Removed output\objs\bsw\EcuM_PBcfg.o
Removed output\objs\bsw\EcuM_Lcfg.o
Removed output\objs\bsw\EcuM_Cfg_SynchPoint.o
Removed output\objs\bsw\Fee.o
Removed output\objs\bsw\rba_FeeFs1x_Prv_Cfg.o
Removed output\objs\bsw\Fee_Prv_Cfg.o
Removed output\objs\bsw\Nm_Cfg.o
Removed output\objs\bsw\NvM_Cfg_JobResource.o
Removed output\objs\bsw\NvM_Cfg.o
Removed output\objs\bsw\PduR_Cfg.o
Removed output\objs\bsw\PduR_dLoIfTT.o
Removed output\objs\bsw\PduR_dLoIf.o
Removed output\objs\bsw\PduR_dUpIf.o
Removed output\objs\bsw\PduR_dLoTp.o
Removed output\objs\bsw\PduR_LoTp.o
Removed output\objs\bsw\PduR_dUpTp.o
Removed output\objs\bsw\PduR_UpTp.o
Removed output\objs\bsw\PduR_UpIf.o
Removed output\objs\bsw\PduR_PBcfg.o
Removed output\objs\bsw\WdgIf_PBcfg.o
Removed output\objs\bsw\WdgIf_Cfg.o
Removed output\objs\bsw\WdgIf_Rb.o
Removed output\objs\bsw\WdgM_PBcfg.o
Removed output\objs\bsw\WdgM_Cfg.o
Removed output\objs\bsw\XcpOnCan_Cfg.o
Removed output\objs\Integration\base_package\os\Os_Cbk_GetStopwatch.o
Removed output\objs\bsw\Xcp_Cfg.o
Removed output\objs\Integration\base_package\os\Os_Cbk_Idle.o
Removed output\objs\Integration\base_package\os\ProtectionHook.o
Removed output\objs\Integration\base_package\os\Os_Hooks.o
Removed output\objs\Integration\base_package\os\Task_Background.o
Removed output\objs\Integration\base_package\rte\ECU_Startup.o
Removed output\objs\Integration\base_package\os\TimingCalculation.o
Removed output\objs\Integration\base_package\rte\RTE_start.o
Removed output\objs\Integration\BSW\BswM\BswM_Appl.o
Removed output\objs\Integration\BSW\BswM\BswM_Callout_Stub.o
Removed output\objs\Integration\BSW\CanIf\CanIf_ControllerModeIndication_Integration.o
Removed output\objs\Integration\BSW\CanIf\CanIfAppl.o
Removed output\objs\Integration\BSW\CanIf\CanIf_RxIndication_Integration.o
Removed output\objs\Integration\BSW\CanIf\CanIf_GetControllerMode_Integration.o
Removed output\objs\Integration\BSW\CanIf\CanIf_Write_Integration.o
Removed output\objs\Integration\BSW\CanIf\CanIf_SetControllerMode_Integration.o
Removed output\objs\Integration\BSW\CanTp\CanTp_CallOut.o
Removed output\objs\Integration\BSW\CanNm\CanNmAppl.o
Removed output\objs\Integration\BSW\Com\ComAppl.o
Removed output\objs\Integration\BSW\Dcm\DcmAppl_CheckEncryptionCompressionMethod.o
Removed output\objs\Integration\BSW\ComM\ComMAppl.o
Removed output\objs\Integration\BSW\Com\Com_Integration.o
Removed output\objs\Integration\BSW\Dcm\DcmAppl_DcmCheckControlMaskAndState.o
Removed output\objs\Integration\BSW\Dcm\DcmAppl_DcmCheckCDTCRecord.o
Removed output\objs\Integration\BSW\Dcm\DcmAppl_DcmCancelPagedBufferProcessing.o
Removed output\objs\Integration\BSW\Dcm\DcmAppl_ConfirmationRespPend.o
Removed output\objs\Integration\BSW\Dcm\DcmAppl_DcmCheckRoutineControlOptionRecord.o
Removed output\objs\Integration\BSW\Dcm\DcmAppl_DcmCheckRdbiResponseLength.o
Removed output\objs\Integration\BSW\Dcm\DcmAppl_DcmCheckSeed.o
Removed output\objs\Integration\BSW\Dcm\DcmAppl_DcmCommControlConditionCheck.o
Removed output\objs\Integration\BSW\Dcm\DcmAppl_DcmClearRoeEventInformation.o
Removed output\objs\Integration\BSW\Dcm\DcmAppl_DcmCheckWDBIReqLen.o
Removed output\objs\Integration\BSW\Dcm\DcmAppl_DcmConfirmationRDPI.o
Removed output\objs\Integration\BSW\Dcm\DcmAppl_DcmConfirmation.o
Removed output\objs\Integration\BSW\Dcm\DcmAppl_DcmComModeError.o
Removed output\objs\Integration\BSW\Dcm\DcmAppl_DcmConfirmation_DcmNegResp.o
Removed output\objs\Integration\BSW\Dcm\DcmAppl_DcmConfirmation_GeneralReject.o
Removed output\objs\Integration\BSW\Dcm\DcmAppl_DcmEcuResetPreparation.o
Removed output\objs\Integration\BSW\Dcm\DcmAppl_DcmCopyRxData.o
Removed output\objs\Integration\BSW\Dcm\DcmAppl_DcmControlDtcSettingEnableStatus.o
Removed output\objs\Integration\BSW\Dcm\DcmAppl_DcmGetPermissionForMemoryAccess_u8.o
Removed output\objs\Integration\BSW\Dcm\DcmAppl_DcmGetP2Timings.o
Removed output\objs\Integration\BSW\Dcm\DcmAppl_DcmGetNRCForMinLengthCheck.o
Removed output\objs\Integration\BSW\Dcm\DcmAppl_DcmGetPermTxWarmResp.o
Removed output\objs\Integration\BSW\Dcm\DcmAppl_DcmGetRemainingResponseLength.o
Removed output\objs\Integration\BSW\Dcm\DcmAppl_DcmGetRxPermission.o
Removed output\objs\Integration\BSW\Dcm\DcmAppl_DcmGetRoeDTCInfo.o
Removed output\objs\Integration\BSW\Dcm\DcmAppl_DcmGetROEDidInfo.o
Removed output\objs\Integration\BSW\Dcm\DcmAppl_DcmGetSesChgPermission.o
Removed output\objs\Integration\BSW\Dcm\DcmAppl_DcmGetUpdatedDelayTime.o
Removed output\objs\Integration\BSW\Dcm\DcmAppl_DcmGetUpdatedDelayForPowerOn.o
Removed output\objs\Integration\BSW\Dcm\DcmAppl_DcmGetStoreType.o
Removed output\objs\Integration\BSW\Dcm\DcmAppl_DcmModifyResponse.o
Removed output\objs\Integration\BSW\Dcm\DcmAppl_DcmMemSizeCheckForTransferData.o
Removed output\objs\Integration\BSW\Dcm\DcmAppl_DcmIsComModeDefault.o
Removed output\objs\Integration\BSW\Dcm\DcmAppl_DcmIndicationFuncTpr.o
Removed output\objs\Integration\BSW\Dcm\DcmAppl_DcmNotification.o
Removed output\objs\Integration\BSW\Dcm\DcmAppl_DcmReadDddiFromNvM.o
Removed output\objs\Integration\BSW\Dcm\DcmAppl_DcmReadDataNRC.o
Removed output\objs\Integration\BSW\Dcm\DcmAppl_DcmRxIndication.o
Removed output\objs\Integration\BSW\Dcm\DcmAppl_DcmRespWarmInit.o
Removed output\objs\Integration\BSW\Dcm\DcmAppl_DcmSecaInvalidKey.o
Removed output\objs\Integration\BSW\Dcm\DcmAppl_DcmSecurityLevelLocked.o
Removed output\objs\Integration\BSW\Dcm\DcmAppl_DcmSecaValidKey.o
Removed output\objs\Integration\BSW\Dcm\DcmAppl_DcmSetUpRoeEvent.o
Removed output\objs\Integration\BSW\Dcm\DcmAppl_DcmSesCtrlChangeIndication.o
Removed output\objs\Integration\BSW\Dcm\DcmAppl_DcmStartProtocol.o
Removed output\objs\Integration\BSW\Dcm\DcmAppl_DcmStartOfReception.o
Removed output\objs\Integration\BSW\Dcm\DcmAppl_DcmStoreRespForJump.o
Removed output\objs\Integration\BSW\Dcm\DcmAppl_DcmStopProtocol.o
Removed output\objs\Integration\BSW\Dcm\DcmAppl_DcmStoreRoeDidInfo.o
Removed output\objs\Integration\BSW\Dcm\DcmAppl_DcmStoreROEcycleCounter.o
Removed output\objs\Integration\BSW\Dcm\DcmAppl_DcmSwitchCommunicationControl.o
Removed output\objs\Integration\BSW\Dcm\DcmAppl_DcmStoreRoeDTCInfo.o
Removed output\objs\Integration\BSW\Dcm\DcmAppl_DcmTransferDataCheckPermission.o
Removed output\objs\Integration\BSW\Dcm\DcmAppl_Dcm_GetProgConditions.o
Removed output\objs\Integration\BSW\Dcm\DcmAppl_DcmWriteOrClearDddiInNvM.o
Removed output\objs\Integration\BSW\Dcm\DcmAppl_DcmUpdateRxTable.o
Removed output\objs\Integration\BSW\Dcm\DcmAppl_Dcm_ProcessRequestUpload.o
Removed output\objs\Integration\BSW\Dcm\DcmAppl_Dcm_ProcessRequestTransferExit.o
Removed output\objs\Integration\BSW\Dcm\DcmAppl_Dcm_ProcessRequestDownload.o
Removed output\objs\Integration\BSW\Dcm\DcmAppl_Dcm_ReadMemory.o
Removed output\objs\Integration\BSW\Dcm\DcmAppl_Dcm_SetProgConditions.o
Removed output\objs\Integration\BSW\Dcm\DcmAppl_DDDI_Read_Memory_Condition.o
Removed output\objs\Integration\BSW\Dcm\DcmAppl_Dcm_WriteMemory.o
Removed output\objs\Integration\BSW\Dcm\DcmAppl_EnableDTCSetting.o
Removed output\objs\Integration\BSW\Dcm\DcmAppl_DisableDTCSetting.o
Removed output\objs\Integration\BSW\Dcm\DcmAppl_OBD_Mode04.o
Removed output\objs\Integration\BSW\Dcm\DcmAppl_ManufacturerNotification.o
Removed output\objs\Integration\BSW\Dcm\DcmAppl_P3TimeoutIndication.o
Removed output\objs\Integration\BSW\Dcm\DcmAppl_Switch_DcmDiagnosticSessionControl.o
Removed output\objs\Integration\BSW\Dcm\DcmAppl_Switch_DcmBootLoaderReset.o
Removed output\objs\Integration\BSW\Dcm\DcmAppl_SupplierNotification.o
Removed output\objs\Integration\BSW\Dcm\DcmAppl_Switch_DcmExecuteEcuReset.o
Removed output\objs\Integration\BSW\Dcm\DcmAppl_Switch_DcmExecuteDscReset.o
Removed output\objs\Integration\BSW\Dcm\DcmAppl_Switch_DcmEcuReset.o
Removed output\objs\Integration\BSW\Dcm\DcmAppl_Switch_DcmDriveToDriveReset.o
Removed output\objs\Integration\BSW\Dcm\DcmAppl_Switch_DcmResponseOnEvent.o
Removed output\objs\Integration\BSW\Dcm\DcmAppl_Switch_DcmExecuteReset.o
Removed output\objs\Integration\BSW\Dcm\DcmAppl_Switch_DcmSysSupplierReset.o
Removed output\objs\Integration\BSW\Dcm\DcmAppl_UserDIDModeRuleService.o
Removed output\objs\Integration\BSW\Dcm\DcmAppl_UserCommCtrlReEnableModeRuleService.o
Removed output\objs\Integration\BSW\Dcm\DcmAppl_UserDTCSettingEnableModeRuleService.o
Removed output\objs\Integration\BSW\Dcm\DcmAppl_UserServiceModeRuleService.o
Removed output\objs\Integration\BSW\Dcm\DcmAppl_UserRIDModeRuleService.o
Removed output\objs\Integration\BSW\Dcm\DcmAppl_UserMemoryRangeModeRuleService.o
Removed output\objs\Integration\BSW\Dcm\DcmAppl_UserSubServiceModeRuleService.o
Removed output\objs\Integration\BSW\Dem\Dem_KL15Persistence.o
Removed output\objs\Integration\BSW\Dcm\Dcm_PersistAccessRights.o
Removed output\objs\Integration\BSW\Dem\Dem_PrjChronoSorting.o
Removed output\objs\Integration\BSW\Dem\Dem_PrjEnvDataElement.o
Removed output\objs\Integration\BSW\Dem\Dem_PrjDisturbanceMemory.o
Removed output\objs\Integration\BSW\Dem\Dem_PrjEvmemProjectExtension.o
Removed output\objs\Integration\BSW\Dem\Dem_PrjEraseAllNvMDataHandling.o
Removed output\objs\Integration\BSW\Dem\Dem_PrjSpecificConsistencyCheck.o
Removed output\objs\Integration\BSW\Dem\Dem_PrjSpecificIndiHandling.o
Removed output\objs\Integration\BSW\Dem\Dem_PrjSpecificFailureMemory.o
Removed output\objs\Integration\BSW\Dem\Dem_PrjSpecificDebOptimization.o
Removed output\objs\Integration\BSW\EcuM\EcuM_Callout_Stubs.o
Removed output\objs\Integration\BSW\EcuM\EcuM_User.o
Removed output\objs\Integration\BSW\EcuM\EcuM_integration.o
Removed output\objs\Integration\BSW\Fee\Fls_Integration.o
Removed output\objs\Integration\BSW\integration\rba_BswSrv\rba_BswSrv_MemCopy.o
Removed output\objs\Integration\BSW\integration\rba_BswSrv\rba_BswSrv_MemCompare.o
Removed output\objs\Integration\BSW\integration\rba_BswSrv\rba_BswSrv_MemSet.o
Removed output\objs\Integration\BSW\PduR\PduRAppl.o
Removed output\objs\Integration\BSW\NvM\Nvm_MultiBlockCallback.o
Removed output\objs\Integration\BSW\NvM\FBL_DataMPrvCfg.o
Removed output\objs\Integration\BSW\Xcp\Xcp_Appl_EnterDaqList.o
Removed output\objs\Integration\BSW\WdgM\WdgM_Bsw_User.o
Removed output\objs\Integration\BSW\Xcp\Xcp_Appl_NewSwFlashed.o
Removed output\objs\Integration\BSW\Xcp\Xcp_Appl_Init.o
Removed output\objs\Integration\BSW\Xcp\Xcp_Appl_TriggerSchedule.o
Removed output\objs\Integration\BSW\Xcp\Xcp_Appl_StoreCalReq.o
Removed output\objs\Integration\BSW\Xcp\Xcp_CalPage.o
Removed output\objs\Integration\BSW\Xcp\Xcp_BuildChecksum.o
Removed output\objs\Integration\BSW\Xcp\Xcp_ConnectTransportLayer.o
Removed output\objs\Integration\BSW\Xcp\Xcp_CmdReceived.o
Removed output\objs\Integration\BSW\Xcp\Xcp_MemoryAccessProtection.o
Removed output\objs\Integration\BSW\Xcp\Xcp_GetId.o
Removed output\objs\Integration\BSW\Xcp\Xcp_OdtEntryReadWrite.o
Removed output\objs\Integration\BSW\Xcp\Xcp_MemoryReadWrite.o
Removed output\objs\Integration\BSW\Xcp\Xcp_StaticAddressTransformation.o
Removed output\objs\Integration\BSW\Xcp\Xcp_SeedAndKey.o
Removed output\objs\Integration\BSW\Xcp\Xcp_UserCmd.o
Removed output\objs\Integration\BSW\Xcp\Xcp_Timestamp.o
Removed output\objs\Integration\mcal_package\OverlayManager\OverlayManager.o
Removed output\objs\Integration\mcal_package\SchM\SchM_Adc.o
Removed output\objs\Integration\mcal_package\SchM\SchM_Can_17_McmCan.o
Removed output\objs\Integration\mcal_package\SchM\SchM_Gpt.o
Removed output\objs\Integration\mcal_package\SchM\SchM_Icu_17_TimerIp.o
Removed output\objs\Integration\mcal_package\SchM\SchM_Mcu.o
Removed output\objs\Integration\mcal_package\SchM\SchM_McalLib.o
Removed output\objs\Integration\mcal_package\SchM\SchM_Pwm_17_GtmCcu6.o
Removed output\objs\Integration\mcal_package\SchM\SchM_Smu.o
Removed output\objs\Integration\mcal_package\SchM\SchM_Wdg_17_Scu.o
Removed output\objs\Integration\mcal_package\TargetIntegration\TC36x\IFX_Os.o
Removed output\objs\Integration\mcal_package\TargetIntegration\TC36x\McuFunc.o
Removed output\objs\Integration\mcal_package\TargetIntegration\TC36x\main.o
Removed output\objs\Integration\mcal_package\TargetIntegration\TC36x\SchM.o
Removed output\objs\Integration\mcal_package\Ccu6_Irq.o
Removed output\objs\Integration\mcal_package\Can_17_McmCan_Irq.o
Removed output\objs\Integration\mcal_package\Adc_Irq.o
Removed output\objs\Integration\mcal_package\Traps.o
Removed output\objs\Integration\mcal_package\Stm_Irq.o
Removed output\objs\Integration\mcal_package\Gtm_Irq.o
Removed output\objs\Integration\mcal_package\Cpu1_Main.o
Removed output\objs\Integration\mcal_package\Cpu0_Main.o
Removed output\objs\Integration\mcal_package\Ifx_Ssw_Infra.o
Removed output\objs\Integration\mcal_package\Ifx_Cfg_SswBmhd.o
Removed output\objs\Integration\mcal_package\Ifx_Cfg_Ssw.o
Removed output\objs\Integration\mcal_package\Ifx_Ssw_Tc0.o
Removed output\objs\Integration\mcal_package\Ifx_Ssw_Tc1.o
Removed output\objs\Integration\mcal_package\Stubs.o
Removed output\objs\Integration\mcal_package\Mcal_SafetyError.o
Removed output\objs\rte\Core0_BSW_OsTask_SwcRequest.o
Removed output\objs\rte\Core0_OsTask_ASW_10ms.o
Removed output\objs\rte\Core0_OsTask_ASW_100ms.o
Removed output\objs\rte\Core0_OsTask_BSW_100ms.o
Removed output\objs\rte\Core0_OsTask_BSW_10ms.o
Removed output\objs\rte\Core0_OsTask_BSW_50ms.o
Removed output\objs\rte\Core0_OsTask_BSW_1ms.o
Removed output\objs\rte\Core1_OsTask_ASW_10ms.o
Removed output\objs\rte\Core1_OsTask_BSW_10ms.o
Removed output\objs\rte\Rte.o
Removed output\objs\rte\Rte_Lib.o
Removed output\objs\mcal\MCAL_Gen\Can_17_McmCan_PBcfg.o
Removed output\objs\mcal\MCAL_Gen\Adc_PBcfg.o
Removed output\objs\mcal\MCAL_Gen\Dio_Lcfg.o
Removed output\objs\mcal\MCAL_Gen\Fls_17_Dmu_PBcfg.o
Removed output\objs\mcal\MCAL_Gen\Icu_17_TimerIp_PBcfg.o
Removed output\objs\mcal\MCAL_Gen\Gpt_PBcfg.o
Removed output\objs\mcal\MCAL_Gen\Mcu_17_TimerIp_Cfg.o
Removed output\objs\mcal\MCAL_Gen\Pwm_17_GtmCcu6_PBcfg.o
Removed output\objs\mcal\MCAL_Gen\Port_PBcfg.o
Removed output\objs\mcal\MCAL_Gen\Mcu_PBcfg.o
Removed output\objs\mcal\MCAL_Gen\Smu_PBcfg.o
Removed output\objs\mcal\MCAL_Gen\Wdg_17_Scu_PBcfg.o
Removed output\objs\mcal\MCAL_Gen\Stm_Cfg.o
Removed output\objs\mcal\MCAL_Modules\Adc\Adc.o
Removed output\objs\mcal\MCAL_Modules\Dio\Dio.o
Removed output\objs\mcal\MCAL_Modules\Can_17_McmCan\Can_17_McmCan.o
Removed output\objs\mcal\MCAL_Modules\Fls_17_Dmu\Fls_17_Dmu.o
Removed output\objs\mcal\MCAL_Modules\Fls_17_Dmu\Fls_17_Dmu_ac.o
Removed output\objs\mcal\MCAL_Modules\Gpt\Gpt.o
Removed output\objs\mcal\MCAL_Modules\Icu_17_TimerIp\Icu_17_TimerIp.o
Removed output\objs\mcal\MCAL_Modules\McalLib\McalLib.o
Removed output\objs\mcal\MCAL_Modules\Mcu\Mcu.o
Removed output\objs\mcal\MCAL_Modules\Port\Port.o
Removed output\objs\mcal\MCAL_Modules\Mcu\Mcu_17_TimerIp.o
Removed output\objs\mcal\MCAL_Modules\Pwm_17_GtmCcu6\Pwm_17_GtmCcu6.o
Removed output\objs\mcal\MCAL_Modules\Stm\Stm.o
Removed output\objs\mcal\MCAL_Modules\Smu\Smu.o
Removed output\objs\mcal\MCAL_Modules\Wdg_17_Scu\Wdg_17_Scu.o
Removed output\objs\mcal\MCAL_Modules\Irq.o
Removed output\hex\D_ENTRY_PLATFROM.hex
scons: done cleaning targets.
