scons: done reading SConscript files.

scons: warning: you do not seem to have the pywin32 extensions installed;
	parallel (-j) builds may not work reliably with open Python files.
File "C:\Python27\Scripts\scons.py", line 201, in <module>
scons: Building targets ...
Compiling asw\ASW_BASE\src\ASW_BASE.c
Compiling asw\ASW_COM\src\ASW_COM.c
Compiling asw\ASW_CORE0\src\ASW_CORE0.c
Compiling asw\ASW_CORE1\src\ASW_CORE1.c
cctc E205: don't know what to do with cctc
ctc F100: cannot open "Os_StartCores.c"

===================
None
===================
scons: *** [output\objs\asw\ASW_BASE\ASW_BASE.o] Error 1
cctc E205: don't know what to do with cctc
ctc F100: cannot open "Os_StartCores.c"

===================
None
===================
scons: *** [output\objs\asw\ASW_COM\ASW_COM.o] Error 1
cctc E205: don't know what to do with cctc
ctc F100: cannot open "Os_StartCores.c"

===================
None
===================
scons: *** [output\objs\asw\ASW_CORE0\ASW_CORE0.o] Error 1
cctc E205: don't know what to do with cctc
ctc F100: cannot open "Os_StartCores.c"

===================
None
===================
scons: *** [output\objs\asw\ASW_CORE1\ASW_CORE1.o] Error 1
scons: building terminated because of errors.
