scons: done reading SConscript files.

scons: warning: you do not seem to have the pywin32 extensions installed;
	parallel (-j) builds may not work reliably with open Python files.
File "C:\Python27\Scripts\scons.py", line 201, in <module>
scons: Building targets ...
Compiling asw\ASW_WDG\src\ASW_WDG.c

Compiling bsw\BswM\src\BswM.c
Compiling bsw\BswM\src\BswM_CanSM.c
Compiling bsw\BswM\src\BswM_ComM.c
Compiling bsw\BswM\src\BswM_DCM.c

Compiling bsw\BswM\src\BswM_EcuM.c


Compiling bsw\BswM\src\BswM_EthIf.c

Compiling bsw\BswM\src\BswM_EthSM.c
Compiling bsw\BswM\src\BswM_FrSM.c

Compiling bsw\BswM\src\BswM_Generic.c


Compiling bsw\BswM\src\BswM_J1939Dcm.c

Compiling bsw\BswM\src\BswM_J1939Nm.c
Compiling bsw\BswM\src\BswM_LinSM.c

Compiling bsw\BswM\src\BswM_LinTp.c

Compiling bsw\BswM\src\BswM_Nm.c


Compiling bsw\BswM\src\BswM_NvM.c
Compiling bsw\BswM\src\BswM_Prv.c

Compiling bsw\BswM\src\BswM_Prv_AC.c

Compiling bsw\BswM\src\BswM_Prv_AL.c

Compiling bsw\BswM\src\BswM_Prv_IntrptQueue.c

Compiling bsw\BswM\src\BswM_Prv_MRP.c


Compiling bsw\BswM\src\BswM_Prv_ProcessDeferredRequest.c
Compiling bsw\BswM\src\BswM_Prv_ProcessDelayedReqst.c

Compiling bsw\BswM\src\BswM_Prv_RL.c

Compiling bsw\BswM\src\BswM_Sd.c

Compiling bsw\BswM\src\BswM_WdgM.c




Compiling bsw\EcuM\src\EcuM_BootTarget.c
Compiling bsw\EcuM\src\EcuM_CurrentState.c
Compiling bsw\EcuM\src\EcuM_KillAllRequests.c
Compiling bsw\EcuM\src\EcuM_MainFunction.c

Compiling bsw\EcuM\src\EcuM_Misc.c

Compiling bsw\EcuM\src\EcuM_Prv.c

Compiling bsw\EcuM\src\EcuM_ReleasePOST_RUN.c

Compiling bsw\EcuM\src\EcuM_ReleaseRUN.c

Compiling bsw\EcuM\src\EcuM_RequestPOST_RUN.c

Compiling bsw\EcuM\src\EcuM_RequestRUN.c

Compiling bsw\EcuM\src\EcuM_SetState.c

Compiling bsw\EcuM\src\EcuM_Shutdown.c

Compiling bsw\EcuM\src\EcuM_ShutdownServices.c

Compiling bsw\EcuM\src\EcuM_Sleep.c

Compiling bsw\EcuM\src\EcuM_Startup.c

Compiling bsw\EcuM\src\EcuM_WakeupServices.c




Compiling bsw\WdgM\src\WdgM.c
Compiling bsw\WdgM\src\WdgM_Prv.c
Compiling bsw\BswM_PreCompile_and_PB_Variant\BswM_Cfg_AC.c
Compiling bsw\BswM_PreCompile_and_PB_Variant\BswM_Cfg_LE.c

Compiling bsw\BswM_PreCompile_and_PB_Variant\BswM_Cfg_ModeManagerReq.c

Compiling bsw\BswM_PreCompile_and_PB_Variant\BswM_Cfg_MRP.c

Compiling bsw\BswM_PreCompile_and_PB_Variant\BswM_Cfg_RL.c

Compiling bsw\BswM_PreCompile_and_PB_Variant\BswM_PBcfg.c


Compiling bsw\EcuM\EcuM_Cfg_Startup.c
Compiling bsw\EcuM\EcuM_PBcfg.c


Compiling bsw\WdgM\WdgM_Cfg.c
Compiling Integration\BSW\BswM\integration\BswM_Appl.c


Compiling Integration\BSW\Dcm\integration\DcmAppl_Dcm_SetProgConditions.c

Compiling Integration\BSW\EcuM\integration\EcuM_Callout_Stubs.c
Compiling Integration\BSW\WdgM\integration\WdgM_Bsw_User.c



Compiling Integration\mcal_package\TargetIntegration\TC36x\Src\main.c


scons: done building targets.
