scons: done reading SConscript files.

scons: warning: you do not seem to have the pywin32 extensions installed;
	parallel (-j) builds may not work reliably with open Python files.
File "C:\Python27\Scripts\scons.py", line 201, in <module>
scons: Building targets ...
Compiling mcal\MCAL_Gen\src\Stm_Cfg.c

Compiling mcal\MCAL_Modules\Mcu\src\Mcu_17_TimerIp.c
Compiling mcal\MCAL_Modules\Stm\src\Stm.c
Compiling mcal\MCAL_Modules\Wdg_17_Scu\src\Wdg_17_Scu.c
Compiling mcal\MCAL_Modules\Irq\Irq.c
ctc E272: ["mcal\MCAL_Modules\Mcu\src\Mcu_17_TimerIp.c" 2256/27] undeclared identifier "IFX_GTM_ATOM_AGC_ENDIS_STAT_ENDIS_CTRL0_LEN"
ctc E272: ["mcal\MCAL_Modules\Mcu\src\Mcu_17_TimerIp.c" 2355/28] undeclared identifier "IFX_GTM_ATOM_AGC_ENDIS_STAT_ENDIS_CTRL0_LEN"
ctc E272: ["mcal\MCAL_Modules\Mcu\src\Mcu_17_TimerIp.c" 2461/28] undeclared identifier "IFX_GTM_ATOM_AGC_ENDIS_STAT_ENDIS_CTRL0_LEN"
ctc E272: ["mcal\MCAL_Modules\Mcu\src\Mcu_17_TimerIp.c" 2619/21] undeclared identifier "IFX_GTM_ATOM_AGC_ENDIS_STAT_ENDIS_CTRL0_LEN"
ctc E272: ["mcal\MCAL_Modules\Mcu\src\Mcu_17_TimerIp.c" 3068/27] undeclared identifier "IFX_GTM_ATOM_AGC_ENDIS_STAT_ENDIS_CTRL0_LEN"
5 errors, 0 warnings

===================
None
===================
scons: *** [output\objs\mcal\MCAL_Modules\Mcu\Mcu_17_TimerIp.o] Error 1



scons: building terminated because of errors.
