scons: done reading SConscript files.

scons: warning: you do not seem to have the pywin32 extensions installed;
	parallel (-j) builds may not work reliably with open Python files.
File "C:\Python27\Scripts\scons.py", line 201, in <module>
scons: Building targets ...
Compiling asw\CDD_CORE0\src\CDD_CORE0.c
Compiling bsw\BswM\src\BswM.c
Compiling bsw\BswM\src\BswM_CanSM.c
Compiling bsw\BswM\src\BswM_ComM.c
ctc W537: ["asw\CDD_CORE0\src\CDD_CORE0.c" 27/34] unused variable "StateCaculationCore0"
ctc W537: ["asw\CDD_CORE0\src\CDD_CORE0.c" 33/14] unused variable "Status_global"
ctc W537: ["asw\CDD_CORE0\src\CDD_CORE0.c" 39/15] unused variable "DataReceiverCore0_ClientServer"
ctc W537: ["asw\CDD_CORE0\src\CDD_CORE0.c" 45/15] unused variable "Duration_global"
ctc W537: ["asw\CDD_CORE0\src\CDD_CORE0.c" 51/16] unused variable "CPU_PercentUtilization_global"
ctc W537: ["asw\CDD_CORE0\src\CDD_CORE0.c" 52/16] unused variable "MaxUserStackUtilization_f64"
0 errors, 6 warnings

Compiling bsw\BswM\src\BswM_DCM.c
ctc E286: [".\bsw\WdgM\WdgM_Cfg.h" 376/75] array size shall be greater than zero
1 errors, 0 warnings

===================
None
===================
scons: *** [output\objs\bsw\BswM\BswM.o] Error 1
ctc E286: [".\bsw\WdgM\WdgM_Cfg.h" 376/75] array size shall be greater than zero
1 errors, 0 warnings

===================
None
===================
scons: *** [output\objs\bsw\BswM\BswM_CanSM.o] Error 1
ctc E286: [".\bsw\WdgM\WdgM_Cfg.h" 376/75] array size shall be greater than zero
1 errors, 0 warnings

===================
None
===================
scons: *** [output\objs\bsw\BswM\BswM_ComM.o] Error 1
ctc E286: [".\bsw\WdgM\WdgM_Cfg.h" 376/75] array size shall be greater than zero
1 errors, 0 warnings

===================
None
===================
scons: *** [output\objs\bsw\BswM\BswM_DCM.o] Error 1
scons: building terminated because of errors.
