scons: done reading SConscript files.

scons: warning: you do not seem to have the pywin32 extensions installed;
	parallel (-j) builds may not work reliably with open Python files.
File "C:\Python27\Scripts\scons.py", line 201, in <module>
scons: Building targets ...
Linking output\dbg\D_ENTRY_PLATFROM.elf...
ltc E108: multiple definitions of symbol "Os_Cbk_Idle" in both "Idle.o" and "Os_Cbk_Idle.o"
ltc E108: multiple definitions of symbol "Os_Cbk_StackOverrunHook" in both "StackOverrunHook.o" and "Os_Hooks.o"
ltc E106: unresolved external: Os_longjmp - (ChainTask.o)
ltc E106: unresolved external: Os_InterruptVectorTable0 - (Os_VectorInit.o)
ltc E106: unresolved external: Os_setjmp - (DispatchTask.o)
ltc E106: unresolved external: Os_TrapVectorTable - (Os_TrapInit.o)
ltc E106: unresolved external: Os_InterruptVectorTable1 - (Os_VectorInit.o)
ltc E106: unresolved external: Os_longjmp_ext - (RestartOS.o)
ltc F019: unrecoverable error: fatal link error

===================
None
===================
scons: *** [output\dbg\D_ENTRY_PLATFROM.elf] Error 2
scons: building terminated because of errors.
