scons: done reading SConscript files.

scons: warning: you do not seem to have the pywin32 extensions installed;
	parallel (-j) builds may not work reliably with open Python files.
File "C:\Python27\Scripts\scons.py", line 201, in <module>
scons: Building targets ...
Compiling bsw\EcuM\src\EcuM_BootTarget.c
Compiling bsw\EcuM\src\EcuM_CurrentState.c
Compiling bsw\EcuM\src\EcuM_KillAllRequests.c
Compiling bsw\EcuM\src\EcuM_MainFunction.c


Compiling bsw\EcuM\src\EcuM_Misc.c
Compiling bsw\EcuM\src\EcuM_Prv.c


Compiling bsw\EcuM\src\EcuM_ReleasePOST_RUN.c
Compiling bsw\EcuM\src\EcuM_ReleaseRUN.c

Compiling bsw\EcuM\src\EcuM_RequestPOST_RUN.c


Compiling bsw\EcuM\src\EcuM_RequestRUN.c
Compiling bsw\EcuM\src\EcuM_SetState.c

Compiling bsw\EcuM\src\EcuM_Shutdown.c

Compiling bsw\EcuM\src\EcuM_ShutdownServices.c

Compiling bsw\EcuM\src\EcuM_Sleep.c

Compiling bsw\EcuM\src\EcuM_Startup.c

Compiling bsw\EcuM\src\EcuM_WakeupServices.c




Compiling bsw\EcuM\EcuM_Cfg_Startup.c
Compiling bsw\EcuM\EcuM_PBcfg.c
Compiling Integration\BSW\EcuM\integration\EcuM_Callout_Stubs.c



Linking output\dbg\D_ENTRY_PLATFROM.elf...

Dumping output\dbg\D_ENTRY_PLATFROM.elf to output\hex\D_ENTRY_PLATFROM.hex
Dumping output\dbg\D_ENTRY_PLATFROM.elf to output\s19\D_ENTRY_PLATFROM.s19


scons: done building targets.
