scons: done reading SConscript files.

scons: warning: you do not seem to have the pywin32 extensions installed;
	parallel (-j) builds may not work reliably with open Python files.
File "C:\Python27\Scripts\scons.py", line 201, in <module>
scons: Building targets ...
Compiling asw\ASW_WDG\src\ASW_WDG.c
ctc E286: [".\bsw\WdgM\WdgM_Cfg.h" 376/75] array size shall be greater than zero
1 errors, 0 warnings

===================
None
===================
Compiling bsw\BswM\src\BswM.c
Compiling bsw\BswM\src\BswM_CanSM.c
scons: *** [output\objs\asw\ASW_WDG\ASW_WDG.o] Error 1
Compiling bsw\BswM\src\BswM_ComM.c
ctc E286: [".\bsw\WdgM\WdgM_Cfg.h" 376/75] array size shall be greater than zero
1 errors, 0 warnings

===================
None
===================
scons: *** [output\objs\bsw\BswM\BswM.o] Error 1
ctc E286: [".\bsw\WdgM\WdgM_Cfg.h" 376/75] array size shall be greater than zero
1 errors, 0 warnings

===================
None
===================
scons: *** [output\objs\bsw\BswM\BswM_CanSM.o] Error 1
ctc E286: [".\bsw\WdgM\WdgM_Cfg.h" 376/75] array size shall be greater than zero
1 errors, 0 warnings

===================
None
===================
scons: *** [output\objs\bsw\BswM\BswM_ComM.o] Error 1
scons: building terminated because of errors.
