scons: done reading SConscript files.

scons: warning: you do not seem to have the pywin32 extensions installed;
	parallel (-j) builds may not work reliably with open Python files.
File "C:\Python27\Scripts\scons.py", line 201, in <module>
scons: Building targets ...
Compiling Integration\mcal_package\Src\Ifx_Ssw_Tc1.c
ctc W537: ["Integration\mcal_package\Src\Ifx_Ssw_Tc1.c" 72/20] unused variable "stmCount"
ctc W537: ["Integration\mcal_package\Src\Ifx_Ssw_Tc1.c" 73/20] unused variable "stmCountBegin"
0 errors, 2 warnings

Linking output\dbg\D_ENTRY_PLATFROM.elf...
ltc E106: unresolved external: _SMALL_DATA_TC1 - (cstart_tc1.o)
ltc E106: unresolved external: _LITERAL_DATA_TC1 - (cstart_tc1.o)
ltc E106: unresolved external: _A8_DATA_TC1 - (cstart_tc1.o)
ltc E106: unresolved external: _A9_DATA_TC1 - (cstart_tc1.o)
ltc F019: unrecoverable error: fatal link error

===================
None
===================
scons: *** [output\dbg\D_ENTRY_PLATFROM.elf] Error 2
scons: building terminated because of errors.
